******************************************************************************
                  TI ARM Linker PC v18.1.4                     
******************************************************************************
>> Linked Mon Jun  3 15:43:25 2019

OUTPUT FILE NAME:   <StepMotorDriver.out>
ENTRY POINT SYMBOL: "_c_int00_noargs"  address: 000049fd


MEMORY CONFIGURATION

         name            origin    length      used     unused   attr    fill
----------------------  --------  ---------  --------  --------  ----  --------
  FLASH                 00000000   00040000  0000513e  0003aec2  R  X
  SRAM                  20000000   00008000  000004a0  00007b60  RW X


SEGMENT ALLOCATION MAP

run origin  load origin   length   init length attrs members
----------  ----------- ---------- ----------- ----- -------
00000000    00000000    00005140   00005140    r-x
  00000000    00000000    0000026c   0000026c    r-- .intvecs
  0000026c    0000026c    00004b22   00004b22    r-x .text
  00004d90    00004d90    00000378   00000378    r-- .const
  00005108    00005108    00000038   00000038    r-- .cinit
20000000    20000000    000004a0   00000000    rw-
  20000000    20000000    00000400   00000000    rw- .stack
  20000400    20000400    00000080   00000000    rw- .data
  20000480    20000480    00000020   00000000    rw- .bss


SECTION ALLOCATION MAP

 output                                  attributes/
section   page    origin      length       input sections
--------  ----  ----------  ----------   ----------------
.intvecs   0    00000000    0000026c     
                  00000000    0000026c     tm4c123gh6pm_startup_ccs.obj (.intvecs)

.text      0    0000026c    00004b22     
                  0000026c    00000b64     main.obj (.text)
                  00000dd0    00000af0     rtsv7M4_T_le_v4SPD16_eabi.lib : _scanfi.c.obj (.text:__TI_scanfi)
                  000018c0    00000a5e                                   : _printfi.c.obj (.text:__TI_printfi)
                  0000231e    00000002                                   : div0.asm.obj (.text)
                  00002320    000004dc     uartstdio.obj (.text)
                  000027fc    00000460     rtsv7M4_T_le_v4SPD16_eabi.lib : strtod.c.obj (.text:strtod)
                  00002c5c    00000270                                   : _printfi.c.obj (.text:_pconv_a)
                  00002ecc    000001dc                                   : strtoll.c.obj (.text:strtoll)
                  000030a8    000001d0                                   : _printfi.c.obj (.text:_pconv_g)
                  00003278    000001b6                                   : fd_add_t2.asm.obj (.text)
                  0000342e    00000002     --HOLE-- [fill = 0]
                  00003430    0000015c                                   : strtoull.c.obj (.text:strtoull)
                  0000358c    0000013c                                   : _printfi.c.obj (.text:_pconv_e)
                  000036c8    00000136                                   : fd_div_t2.asm.obj (.text)
                  000037fe    00000132     driverlib.lib : gpio.obj (.text:GPIOPadConfigSet)
                  00003930    00000130     rtsv7M4_T_le_v4SPD16_eabi.lib : strtol.c.obj (.text:strtol)
                  00003a60    00000124                                   : _printfi.c.obj (.text:fcvt)
                  00003b84    00000110     driverlib.lib : sysctl.obj (.text:SysCtlClockGet)
                  00003c94    00000110     rtsv7M4_T_le_v4SPD16_eabi.lib : s_scalbn.c.obj (.text:scalbn)
                  00003da4    00000110                                   : strtoul.c.obj (.text:strtoul)
                  00003eb4    000000fc                                   : fd_mul_t2.asm.obj (.text)
                  00003fb0    000000f4     driverlib.lib : sysctl.obj (.text:SysCtlClockSet)
                  000040a4    000000b1     rtsv7M4_T_le_v4SPD16_eabi.lib : _printfi.c.obj (.text:_ltostr)
                  00004155    00000001     --HOLE-- [fill = 0]
                  00004156    0000009c                                   : memcpy_t2.asm.obj (.text)
                  000041f2    00000096                                   : ull_div_t2.asm.obj (.text)
                  00004288    00000086                                   : fd_cmp_t2.asm.obj (.text:__aeabi_cdcmple)
                  0000430e    00000086                                   : fd_cmp_t2.asm.obj (.text:__aeabi_cdrcmple)
                  00004394    0000007a                                   : memset_t2.asm.obj (.text)
                  0000440e    0000006e                                   : _printfi.c.obj (.text:_mcpy)
                  0000447c    0000006e                                   : fd_tos_t2.asm.obj (.text)
                  000044ea    00000002     --HOLE-- [fill = 0]
                  000044ec    00000068     driverlib.lib : interrupt.obj (.text:IntEnable)
                  00004554    00000068     rtsv7M4_T_le_v4SPD16_eabi.lib : sscanf.c.obj (.text:_chkmbc)
                  000045bc    00000068                                   : copy_decompress_lzss.c.obj (.text:decompress:lzss:__TI_decompress_lzss)
                  00004624    00000064                                   : s_frexp.c.obj (.text:frexp)
                  00004688    00000060     driverlib.lib : timer.obj (.text:TimerConfigure)
                  000046e8    00000056     rtsv7M4_T_le_v4SPD16_eabi.lib : _printfi.c.obj (.text:_pconv_f)
                  0000473e    00000054                                   : ltoa.c.obj (.text:ltoa)
                  00004792    00000052                                   : _printfi.c.obj (.text:_ecpy)
                  000047e4    0000004c                                   : atoi.c.obj (.text:atoi)
                  00004830    00000048     driverlib.lib : gpio.obj (.text:GPIOPinConfigure)
                  00004878    00000048     rtsv7M4_T_le_v4SPD16_eabi.lib : fd_toi_t2.asm.obj (.text)
                  000048c0    00000044                                   : autoinit.c.obj (.text:__TI_auto_init_nobinit_nopinit:__TI_auto_init_nobinit_nopinit)
                  00004904    00000040                                   : u_divt2.asm.obj (.text)
                  00004944    00000040                                   : sprintf.c.obj (.text:sprintf)
                  00004984    0000003e                                   : _printfi.c.obj (.text:_fcpy)
                  000049c2    00000002     --HOLE-- [fill = 0]
                  000049c4    00000038     driverlib.lib : sysctl.obj (.text:SysCtlPeripheralReady)
                  000049fc    00000038     rtsv7M4_T_le_v4SPD16_eabi.lib : boot_cortex_m.c.obj (.text:_c_int00_noargs:_c_int00_noargs)
                  00004a34    00000038                                   : sscanf.c.obj (.text:sscanf)
                  00004a6c    00000034     driverlib.lib : sysctl.obj (.text:SysCtlPeripheralEnable)
                  00004aa0    0000002e     rtsv7M4_T_le_v4SPD16_eabi.lib : i_tofd_t2.asm.obj (.text)
                  00004ace    0000002a     driverlib.lib : gpio.obj (.text:GPIODirModeSet)
                  00004af8    00000022                   : pwm.obj (.text:PWMGenConfigure)
                  00004b1a    0000001e                   : pwm.obj (.text:PWMPulseWidthSet)
                  00004b38    0000001c     rtsv7M4_T_le_v4SPD16_eabi.lib : memccpy.c.obj (.text:memccpy)
                  00004b54    00000018     driverlib.lib : gpio.obj (.text:GPIOPinTypeGPIOOutput)
                  00004b6c    00000018                   : timer.obj (.text:TimerDisable)
                  00004b84    00000018     rtsv7M4_T_le_v4SPD16_eabi.lib : sprintf.c.obj (.text:_outs)
                  00004b9c    00000018                                   : ll_mul_t2.asm.obj (.text)
                  00004bb4    00000018                                   : strrchr.c.obj (.text:strrchr)
                  00004bcc    00000016                                   : strchr.c.obj (.text:strchr)
                  00004be2    00000002     --HOLE-- [fill = 0]
                  00004be4    00000014     driverlib.lib : sysctl.obj (.text:SysCtlPWMClockSet)
                  00004bf8    00000014     rtsv7M4_T_le_v4SPD16_eabi.lib : s_copysign.c.obj (.text:copysign)
                  00004c0c    00000014                                   : strcpy.c.obj (.text:strcpy)
                  00004c20    00000014                                   : strlen.c.obj (.text:strlen)
                  00004c34    00000012     driverlib.lib : gpio.obj (.text:GPIOPinTypePWM)
                  00004c46    00000012                   : gpio.obj (.text:GPIOPinTypeTimer)
                  00004c58    00000012                   : gpio.obj (.text:GPIOPinTypeUART)
                  00004c6a    00000012                   : pwm.obj (.text:PWMGenPeriodGet)
                  00004c7c    00000012                   : pwm.obj (.text:PWMOutputState)
                  00004c8e    00000012                   : timer.obj (.text:TimerLoadSet)
                  00004ca0    00000012                   : timer.obj (.text:TimerMatchSet)
                  00004cb2    00000012     rtsv7M4_T_le_v4SPD16_eabi.lib : sscanf.c.obj (.text:_inpchar)
                  00004cc4    00000012                                   : copy_zero_init.c.obj (.text:decompress:ZI:__TI_zero_init_nomemset:__TI_zero_init_nomemset)
                  00004cd6    00000012                                   : wcslen.c.obj (.text:wcslen)
                  00004ce8    00000010     driverlib.lib : pwm.obj (.text:PWMGenPeriodSet)
                  00004cf8    0000000e                   : timer.obj (.text:TimerEnable)
                  00004d06    0000000e     rtsv7M4_T_le_v4SPD16_eabi.lib : copy_decompress_none.c.obj (.text:decompress:none:__TI_decompress_none)
                  00004d14    0000000c     driverlib.lib : pwm.obj (.text:PWMGenDisable)
                  00004d20    0000000c                   : pwm.obj (.text:PWMGenEnable)
                  00004d2c    0000000c     tm4c123gh6pm_startup_ccs.obj (.text)
                  00004d38    0000000a     driverlib.lib : timer.obj (.text:TimerLoadGet)
                  00004d42    0000000a                   : uart.obj (.text:UARTCharGet)
                  00004d4c    0000000a     rtsv7M4_T_le_v4SPD16_eabi.lib : sprintf.c.obj (.text:_outc)
                  00004d56    00000008     driverlib.lib : timer.obj (.text:TimerIntEnable)
                  00004d5e    00000002     --HOLE-- [fill = 0]
                  00004d60    00000008     rtsv7M4_T_le_v4SPD16_eabi.lib : errno.c.obj (.text:__aeabi_errno_addr)
                  00004d68    00000008                                   : sscanf.c.obj (.text:_uninpchar)
                  00004d70    00000006     driverlib.lib : gpio.obj (.text:GPIOPinWrite)
                  00004d76    00000006                   : sysctl.obj (.text:SysCtlDelay)
                  00004d7c    00000006                   : uart.obj (.text:UARTClockSourceSet)
                  00004d82    00000004                   : timer.obj (.text:TimerIntClear)
                  00004d86    00000004     rtsv7M4_T_le_v4SPD16_eabi.lib : pre_init.c.obj (.text:_system_pre_init)
                  00004d8a    00000004                                   : exit.c.obj (.text:abort:abort)

.const     0    00004d90    00000378     
                  00004d90    00000101     rtsv7M4_T_le_v4SPD16_eabi.lib : ctype.c.obj (.const:.string:_ctypes_)
                  00004e91    00000003     --HOLE-- [fill = 0]
                  00004e94    00000004     uartstdio.obj (.const)
                  00004e98    000000c8     rtsv7M4_T_le_v4SPD16_eabi.lib : strtod.c.obj (.const:$O1$$)
                  00004f60    00000090     driverlib.lib : gpio.obj (.const:g_pui32GPIOBaseAddrs)
                  00004ff0    00000070                   : interrupt.obj (.const)
                  00005060    0000006c                   : sysctl.obj (.const:g_pui32Xtals)
                  000050cc    00000012     uartstdio.obj (.const:.string)
                  000050de    00000002     --HOLE-- [fill = 0]
                  000050e0    00000010     rtsv7M4_T_le_v4SPD16_eabi.lib : _scanfi.c.obj (.const:$O1$$)
                  000050f0    0000000c     uartstdio.obj (.const:g_ui32UARTBase)
                  000050fc    0000000c     uartstdio.obj (.const:g_ui32UARTPeriph)

.cinit     0    00005108    00000038     
                  00005108    0000000d     (.cinit..data.load) [load image, compression = lzss]
                  00005115    00000003     --HOLE-- [fill = 0]
                  00005118    0000000c     (__TI_handler_table)
                  00005124    00000004     --HOLE-- [fill = 0]
                  00005128    00000008     (.cinit..bss.load) [load image, compression = zero_init]
                  00005130    00000010     (__TI_cinit_table)

.init_array 
*          0    00000000    00000000     UNINITIALIZED

.data      0    20000400    00000080     UNINITIALIZED
                  20000400    00000064     main.obj (.data:RSinfo)
                  20000464    00000010     main.obj (.data)
                  20000474    00000005     uartstdio.obj (.data)
                  20000479    00000003     --HOLE--
                  2000047c    00000004     rtsv7M4_T_le_v4SPD16_eabi.lib : errno.c.obj (.data)

.bss       0    20000480    00000020     UNINITIALIZED
                  20000480    00000020     (.common:myData)

.stack     0    20000000    00000400     UNINITIALIZED
                  20000000    00000004     rtsv7M4_T_le_v4SPD16_eabi.lib : boot_cortex_m.c.obj (.stack)
                  20000004    000003fc     --HOLE--

MODULE SUMMARY

       Module                         code    ro data   rw data
       ------                         ----    -------   -------
    .\
       main.obj                       2916    0         148    
       uartstdio.obj                  1244    46        5      
       tm4c123gh6pm_startup_ccs.obj   12      620       0      
    +--+------------------------------+-------+---------+---------+
       Total:                         4172    666       153    
                                                               
    C:/ti/tivaware_c_series_2_1_4_178/driverlib/ccs/Debug/driverlib.lib
       sysctl.obj                     650     108       0      
       gpio.obj                       504     144       0      
       interrupt.obj                  104     112       0      
       timer.obj                      192     0         0      
       pwm.obj                        140     0         0      
       uart.obj                       16      0         0      
    +--+------------------------------+-------+---------+---------+
       Total:                         1606    364       0      
                                                               
    D:\workSpaceLin\CCSLin\ccsv8\tools\compiler\ti-cgt-arm_18.1.4.LTS\lib\rtsv7M4_T_le_v4SPD16_eabi.lib
       _printfi.c.obj                 4867    0         0      
       _scanfi.c.obj                  2800    16        0      
       strtod.c.obj                   1120    200       0      
       strtoll.c.obj                  476     0         0      
       fd_add_t2.asm.obj              438     0         0      
       strtoull.c.obj                 348     0         0      
       fd_div_t2.asm.obj              310     0         0      
       strtol.c.obj                   304     0         0      
       s_scalbn.c.obj                 272     0         0      
       strtoul.c.obj                  272     0         0      
       fd_cmp_t2.asm.obj              268     0         0      
       ctype.c.obj                    0       257       0      
       fd_mul_t2.asm.obj              252     0         0      
       sscanf.c.obj                   186     0         0      
       memcpy_t2.asm.obj              156     0         0      
       ull_div_t2.asm.obj             150     0         0      
       memset_t2.asm.obj              122     0         0      
       fd_tos_t2.asm.obj              110     0         0      
       copy_decompress_lzss.c.obj     104     0         0      
       s_frexp.c.obj                  100     0         0      
       sprintf.c.obj                  98      0         0      
       ltoa.c.obj                     84      0         0      
       atoi.c.obj                     76      0         0      
       fd_toi_t2.asm.obj              72      0         0      
       autoinit.c.obj                 68      0         0      
       u_divt2.asm.obj                64      0         0      
       boot_cortex_m.c.obj            56      0         0      
       i_tofd_t2.asm.obj              46      0         0      
       memccpy.c.obj                  28      0         0      
       ll_mul_t2.asm.obj              24      0         0      
       strrchr.c.obj                  24      0         0      
       strchr.c.obj                   22      0         0      
       s_copysign.c.obj               20      0         0      
       strcpy.c.obj                   20      0         0      
       strlen.c.obj                   20      0         0      
       copy_zero_init.c.obj           18      0         0      
       wcslen.c.obj                   18      0         0      
       copy_decompress_none.c.obj     14      0         0      
       errno.c.obj                    8       0         4      
       exit.c.obj                     4       0         0      
       pre_init.c.obj                 4       0         0      
       div0.asm.obj                   2       0         0      
    +--+------------------------------+-------+---------+---------+
       Total:                         13445   473       4      
                                                               
       Stack:                         0       0         1024   
       Linker Generated:              0       49        0      
    +--+------------------------------+-------+---------+---------+
       Grand Total:                   19223   1552      1181   


LINKER GENERATED COPY TABLES

__TI_cinit_table @ 00005130 records: 2, size/record: 8, table size: 16
	.data: load addr=00005108, load size=0000000d bytes, run addr=20000400, run size=00000080 bytes, compression=lzss
	.bss: load addr=00005128, load size=00000008 bytes, run addr=20000480, run size=00000020 bytes, compression=zero_init


LINKER GENERATED HANDLER TABLE

__TI_handler_table @ 00005118 records: 3, size/record: 4, table size: 12
	index: 0, handler: __TI_decompress_lzss
	index: 1, handler: __TI_decompress_none
	index: 2, handler: __TI_zero_init


GLOBAL SYMBOLS: SORTED ALPHABETICALLY BY Name 

address   name                          
-------   ----                          
00004d8b  C$$EXIT                       
00004acf  GPIODirModeSet                
000037ff  GPIOPadConfigSet              
00004831  GPIOPinConfigure              
00004b55  GPIOPinTypeGPIOOutput         
00004c35  GPIOPinTypePWM                
00004c47  GPIOPinTypeTimer              
00004c59  GPIOPinTypeUART               
00004d71  GPIOPinWrite                  
0000026d  InitConsole                   
000002a7  InitConsole0                  
000044ed  IntEnable                     
00004af9  PWMGenConfigure               
00004d15  PWMGenDisable                 
00004d21  PWMGenEnable                  
00004c6b  PWMGenPeriodGet               
00004ce9  PWMGenPeriodSet               
00004c7d  PWMOutputState                
00004b1b  PWMPulseWidthSet              
20000400  RSinfo                        
00004d2d  ResetISR                      
00003b85  SysCtlClockGet                
00003fb1  SysCtlClockSet                
00004d77  SysCtlDelay                   
00004be5  SysCtlPWMClockSet             
00004a6d  SysCtlPeripheralEnable        
000049c5  SysCtlPeripheralReady         
00000b81  Timer3IntHandler              
00004689  TimerConfigure                
00004b6d  TimerDisable                  
00004cf9  TimerEnable                   
00004d83  TimerIntClear                 
00004d57  TimerIntEnable                
00004d39  TimerLoadGet                  
00004c8f  TimerLoadSet                  
00004ca1  TimerMatchSet                 
0000095d  UART0Send                     
00000923  UART1IntHandler               
000008c1  UART1Read                     
000008f5  UART1Send                     
00004d43  UARTCharGet                   
00004d7d  UARTClockSourceSet            
000009b5  UARTIntHandler                
00002321  UARTStdioConfig               
00002499  UARTgetc                      
000023d3  UARTgets                      
000027c7  UARTprintf                    
000024cd  UARTvprintf                   
00002381  UARTwrite                     
20000400  __STACK_END                   
00000400  __STACK_SIZE                  
20000200  __STACK_TOP                   
00005130  __TI_CINIT_Base               
00005140  __TI_CINIT_Limit              
00005118  __TI_Handler_Table_Base       
00005124  __TI_Handler_Table_Limit      
000048c1  __TI_auto_init_nobinit_nopinit
000045bd  __TI_decompress_lzss          
00004d07  __TI_decompress_none          
ffffffff  __TI_pprof_out_hndl           
000018c1  __TI_printfi                  
ffffffff  __TI_prof_data_size           
ffffffff  __TI_prof_data_start          
00000dd1  __TI_scanfi                   
00000000  __TI_static_base__            
00004cc5  __TI_zero_init_nomemset       
00004289  __aeabi_cdcmpeq               
00004289  __aeabi_cdcmple               
0000430f  __aeabi_cdrcmple              
0000447d  __aeabi_d2f                   
00004879  __aeabi_d2iz                  
00003283  __aeabi_dadd                  
000036c9  __aeabi_ddiv                  
00003eb5  __aeabi_dmul                  
00003279  __aeabi_dsub                  
00004d61  __aeabi_errno_addr            
00004aa1  __aeabi_i2d                   
0000231f  __aeabi_idiv0                 
0000231f  __aeabi_ldiv0                 
00004b9d  __aeabi_lmul                  
00004395  __aeabi_memclr                
00004395  __aeabi_memclr4               
00004395  __aeabi_memclr8               
00004157  __aeabi_memcpy                
00004157  __aeabi_memcpy4               
00004157  __aeabi_memcpy8               
00004397  __aeabi_memset                
00004397  __aeabi_memset4               
00004397  __aeabi_memset8               
00004905  __aeabi_uidiv                 
00004905  __aeabi_uidivmod              
000041f3  __aeabi_uldivmod              
ffffffff  __binit__                     
ffffffff  __c_args__                    
UNDEFED   __mpu_init                    
20000000  __stack                       
000049fd  _c_int00_noargs               
00004d90  _ctypes_                      
UNDEFED   _system_post_cinit            
00004d87  _system_pre_init              
00004d8b  abort                         
000047e5  atoi                          
20000464  base                          
ffffffff  binit                         
00004bf9  copysign                      
00004bf9  copysignl                     
000007f9  disablePins                   
2000046c  endEffectorOnOff              
2000047c  errno                         
00004625  frexp                         
00004625  frexpl                        
00000000  g_pfnVectors                  
0000048d  init_PWM01                    
000002e3  init_StepPin                  
000003e1  init_Timer01                  
00000b35  init_Timer03                  
00000853  init_U1                       
00003c95  ldexp                         
00003c95  ldexpl                        
20000470  lenRsinfo                     
0000473f  ltoa                          
00000c35  main                          
00004b39  memccpy                       
00004157  memcpy                        
0000439d  memset                        
20000480  myData                        
20000468  myDataCounter                 
00003c95  scalbn                        
00003c95  scalbnl                       
00000735  setDirection                  
000007c1  setEndeffector                
00000531  setPWM01                      
00000619  setTimer01                    
00004945  sprintf                       
00004a35  sscanf                        
00004bcd  strchr                        
00004c0d  strcpy                        
00004c21  strlen                        
00004bb5  strrchr                       
000027fd  strtod                        
00003931  strtol                        
000027fd  strtold                       
00002ecd  strtoll                       
00003da5  strtoul                       
00003431  strtoull                      
00004cd7  wcslen                        


GLOBAL SYMBOLS: SORTED BY Symbol Address 

address   name                          
-------   ----                          
00000000  __TI_static_base__            
00000000  g_pfnVectors                  
0000026d  InitConsole                   
000002a7  InitConsole0                  
000002e3  init_StepPin                  
000003e1  init_Timer01                  
00000400  __STACK_SIZE                  
0000048d  init_PWM01                    
00000531  setPWM01                      
00000619  setTimer01                    
00000735  setDirection                  
000007c1  setEndeffector                
000007f9  disablePins                   
00000853  init_U1                       
000008c1  UART1Read                     
000008f5  UART1Send                     
00000923  UART1IntHandler               
0000095d  UART0Send                     
000009b5  UARTIntHandler                
00000b35  init_Timer03                  
00000b81  Timer3IntHandler              
00000c35  main                          
00000dd1  __TI_scanfi                   
000018c1  __TI_printfi                  
0000231f  __aeabi_idiv0                 
0000231f  __aeabi_ldiv0                 
00002321  UARTStdioConfig               
00002381  UARTwrite                     
000023d3  UARTgets                      
00002499  UARTgetc                      
000024cd  UARTvprintf                   
000027c7  UARTprintf                    
000027fd  strtod                        
000027fd  strtold                       
00002ecd  strtoll                       
00003279  __aeabi_dsub                  
00003283  __aeabi_dadd                  
00003431  strtoull                      
000036c9  __aeabi_ddiv                  
000037ff  GPIOPadConfigSet              
00003931  strtol                        
00003b85  SysCtlClockGet                
00003c95  ldexp                         
00003c95  ldexpl                        
00003c95  scalbn                        
00003c95  scalbnl                       
00003da5  strtoul                       
00003eb5  __aeabi_dmul                  
00003fb1  SysCtlClockSet                
00004157  __aeabi_memcpy                
00004157  __aeabi_memcpy4               
00004157  __aeabi_memcpy8               
00004157  memcpy                        
000041f3  __aeabi_uldivmod              
00004289  __aeabi_cdcmpeq               
00004289  __aeabi_cdcmple               
0000430f  __aeabi_cdrcmple              
00004395  __aeabi_memclr                
00004395  __aeabi_memclr4               
00004395  __aeabi_memclr8               
00004397  __aeabi_memset                
00004397  __aeabi_memset4               
00004397  __aeabi_memset8               
0000439d  memset                        
0000447d  __aeabi_d2f                   
000044ed  IntEnable                     
000045bd  __TI_decompress_lzss          
00004625  frexp                         
00004625  frexpl                        
00004689  TimerConfigure                
0000473f  ltoa                          
000047e5  atoi                          
00004831  GPIOPinConfigure              
00004879  __aeabi_d2iz                  
000048c1  __TI_auto_init_nobinit_nopinit
00004905  __aeabi_uidiv                 
00004905  __aeabi_uidivmod              
00004945  sprintf                       
000049c5  SysCtlPeripheralReady         
000049fd  _c_int00_noargs               
00004a35  sscanf                        
00004a6d  SysCtlPeripheralEnable        
00004aa1  __aeabi_i2d                   
00004acf  GPIODirModeSet                
00004af9  PWMGenConfigure               
00004b1b  PWMPulseWidthSet              
00004b39  memccpy                       
00004b55  GPIOPinTypeGPIOOutput         
00004b6d  TimerDisable                  
00004b9d  __aeabi_lmul                  
00004bb5  strrchr                       
00004bcd  strchr                        
00004be5  SysCtlPWMClockSet             
00004bf9  copysign                      
00004bf9  copysignl                     
00004c0d  strcpy                        
00004c21  strlen                        
00004c35  GPIOPinTypePWM                
00004c47  GPIOPinTypeTimer              
00004c59  GPIOPinTypeUART               
00004c6b  PWMGenPeriodGet               
00004c7d  PWMOutputState                
00004c8f  TimerLoadSet                  
00004ca1  TimerMatchSet                 
00004cc5  __TI_zero_init_nomemset       
00004cd7  wcslen                        
00004ce9  PWMGenPeriodSet               
00004cf9  TimerEnable                   
00004d07  __TI_decompress_none          
00004d15  PWMGenDisable                 
00004d21  PWMGenEnable                  
00004d2d  ResetISR                      
00004d39  TimerLoadGet                  
00004d43  UARTCharGet                   
00004d57  TimerIntEnable                
00004d61  __aeabi_errno_addr            
00004d71  GPIOPinWrite                  
00004d77  SysCtlDelay                   
00004d7d  UARTClockSourceSet            
00004d83  TimerIntClear                 
00004d87  _system_pre_init              
00004d8b  C$$EXIT                       
00004d8b  abort                         
00004d90  _ctypes_                      
00005118  __TI_Handler_Table_Base       
00005124  __TI_Handler_Table_Limit      
00005130  __TI_CINIT_Base               
00005140  __TI_CINIT_Limit              
20000000  __stack                       
20000200  __STACK_TOP                   
20000400  RSinfo                        
20000400  __STACK_END                   
20000464  base                          
20000468  myDataCounter                 
2000046c  endEffectorOnOff              
20000470  lenRsinfo                     
2000047c  errno                         
20000480  myData                        
ffffffff  __TI_pprof_out_hndl           
ffffffff  __TI_prof_data_size           
ffffffff  __TI_prof_data_start          
ffffffff  __binit__                     
ffffffff  __c_args__                    
ffffffff  binit                         
UNDEFED   __mpu_init                    
UNDEFED   _system_post_cinit            

[146 symbols]
