<?xml version="1.0" encoding="ISO-8859-1" ?>
<link_info>
   <banner>TI ARM Linker PC v18.1.4.LTS</banner>
   <copyright>Copyright (c) 1996-2018 Texas Instruments Incorporated</copyright>
   <link_time>0x5cf16e8a</link_time>
   <link_errors>0x0</link_errors>
   <output_file>StepMotorDriver.out</output_file>
   <entry_point>
      <name>_c_int00_noargs</name>
      <address>0x48f1</address>
   </entry_point>
   <input_file_list>
      <input_file id="fl-2">
         <path>.\</path>
         <kind>object</kind>
         <file>hello.obj</file>
         <name>hello.obj</name>
      </input_file>
      <input_file id="fl-3">
         <path>.\</path>
         <kind>object</kind>
         <file>main.obj</file>
         <name>main.obj</name>
      </input_file>
      <input_file id="fl-4">
         <path>.\</path>
         <kind>object</kind>
         <file>pwmTest.obj</file>
         <name>pwmTest.obj</name>
      </input_file>
      <input_file id="fl-5">
         <path>.\</path>
         <kind>object</kind>
         <file>pwmTest2.obj</file>
         <name>pwmTest2.obj</name>
      </input_file>
      <input_file id="fl-6">
         <path>.\</path>
         <kind>object</kind>
         <file>tm4c123gh6pm_startup_ccs.obj</file>
         <name>tm4c123gh6pm_startup_ccs.obj</name>
      </input_file>
      <input_file id="fl-7">
         <path>.\</path>
         <kind>object</kind>
         <file>uartTest.obj</file>
         <name>uartTest.obj</name>
      </input_file>
      <input_file id="fl-8">
         <path>.\</path>
         <kind>object</kind>
         <file>uartstdio.obj</file>
         <name>uartstdio.obj</name>
      </input_file>
      <input_file id="fl-d">
         <kind>object</kind>
         <file>&lt;internal&gt;</file>
         <name>&lt;internal&gt;</name>
      </input_file>
      <input_file id="fl-c3">
         <path>D:\workSpaceLin\CCSLin\ccsv8\tools\compiler\ti-cgt-arm_18.1.4.LTS\lib\</path>
         <kind>archive</kind>
         <file>rtsv7M4_T_le_v4SPD16_eabi.lib</file>
         <name>u_divt2.asm.obj</name>
      </input_file>
      <input_file id="fl-c4">
         <path>D:\workSpaceLin\CCSLin\ccsv8\tools\compiler\ti-cgt-arm_18.1.4.LTS\lib\</path>
         <kind>archive</kind>
         <file>rtsv7M4_T_le_v4SPD16_eabi.lib</file>
         <name>memset_t2.asm.obj</name>
      </input_file>
      <input_file id="fl-c5">
         <path>D:\workSpaceLin\CCSLin\ccsv8\tools\compiler\ti-cgt-arm_18.1.4.LTS\lib\</path>
         <kind>archive</kind>
         <file>rtsv7M4_T_le_v4SPD16_eabi.lib</file>
         <name>copy_zero_init.c.obj</name>
      </input_file>
      <input_file id="fl-c6">
         <path>D:\workSpaceLin\CCSLin\ccsv8\tools\compiler\ti-cgt-arm_18.1.4.LTS\lib\</path>
         <kind>archive</kind>
         <file>rtsv7M4_T_le_v4SPD16_eabi.lib</file>
         <name>copy_decompress_none.c.obj</name>
      </input_file>
      <input_file id="fl-c7">
         <path>D:\workSpaceLin\CCSLin\ccsv8\tools\compiler\ti-cgt-arm_18.1.4.LTS\lib\</path>
         <kind>archive</kind>
         <file>rtsv7M4_T_le_v4SPD16_eabi.lib</file>
         <name>copy_decompress_lzss.c.obj</name>
      </input_file>
      <input_file id="fl-c8">
         <path>D:\workSpaceLin\CCSLin\ccsv8\tools\compiler\ti-cgt-arm_18.1.4.LTS\lib\</path>
         <kind>archive</kind>
         <file>rtsv7M4_T_le_v4SPD16_eabi.lib</file>
         <name>boot_cortex_m.c.obj</name>
      </input_file>
      <input_file id="fl-c9">
         <path>D:\workSpaceLin\CCSLin\ccsv8\tools\compiler\ti-cgt-arm_18.1.4.LTS\lib\</path>
         <kind>archive</kind>
         <file>rtsv7M4_T_le_v4SPD16_eabi.lib</file>
         <name>exit.c.obj</name>
      </input_file>
      <input_file id="fl-ca">
         <path>D:\workSpaceLin\CCSLin\ccsv8\tools\compiler\ti-cgt-arm_18.1.4.LTS\lib\</path>
         <kind>archive</kind>
         <file>rtsv7M4_T_le_v4SPD16_eabi.lib</file>
         <name>_lock.c.obj</name>
      </input_file>
      <input_file id="fl-cb">
         <path>D:\workSpaceLin\CCSLin\ccsv8\tools\compiler\ti-cgt-arm_18.1.4.LTS\lib\</path>
         <kind>archive</kind>
         <file>rtsv7M4_T_le_v4SPD16_eabi.lib</file>
         <name>args_main.c.obj</name>
      </input_file>
      <input_file id="fl-cc">
         <path>D:\workSpaceLin\CCSLin\ccsv8\tools\compiler\ti-cgt-arm_18.1.4.LTS\lib\</path>
         <kind>archive</kind>
         <file>rtsv7M4_T_le_v4SPD16_eabi.lib</file>
         <name>sprintf.c.obj</name>
      </input_file>
      <input_file id="fl-cd">
         <path>D:\workSpaceLin\CCSLin\ccsv8\tools\compiler\ti-cgt-arm_18.1.4.LTS\lib\</path>
         <kind>archive</kind>
         <file>rtsv7M4_T_le_v4SPD16_eabi.lib</file>
         <name>sscanf.c.obj</name>
      </input_file>
      <input_file id="fl-ce">
         <path>D:\workSpaceLin\CCSLin\ccsv8\tools\compiler\ti-cgt-arm_18.1.4.LTS\lib\</path>
         <kind>archive</kind>
         <file>rtsv7M4_T_le_v4SPD16_eabi.lib</file>
         <name>div0.asm.obj</name>
      </input_file>
      <input_file id="fl-cf">
         <path>D:\workSpaceLin\CCSLin\ccsv8\tools\compiler\ti-cgt-arm_18.1.4.LTS\lib\</path>
         <kind>archive</kind>
         <file>rtsv7M4_T_le_v4SPD16_eabi.lib</file>
         <name>memcpy_t2.asm.obj</name>
      </input_file>
      <input_file id="fl-d0">
         <path>D:\workSpaceLin\CCSLin\ccsv8\tools\compiler\ti-cgt-arm_18.1.4.LTS\lib\</path>
         <kind>archive</kind>
         <file>rtsv7M4_T_le_v4SPD16_eabi.lib</file>
         <name>autoinit.c.obj</name>
      </input_file>
      <input_file id="fl-d1">
         <path>D:\workSpaceLin\CCSLin\ccsv8\tools\compiler\ti-cgt-arm_18.1.4.LTS\lib\</path>
         <kind>archive</kind>
         <file>rtsv7M4_T_le_v4SPD16_eabi.lib</file>
         <name>pre_init.c.obj</name>
      </input_file>
      <input_file id="fl-d2">
         <path>D:\workSpaceLin\CCSLin\ccsv8\tools\compiler\ti-cgt-arm_18.1.4.LTS\lib\</path>
         <kind>archive</kind>
         <file>rtsv7M4_T_le_v4SPD16_eabi.lib</file>
         <name>cpy_tbl.c.obj</name>
      </input_file>
      <input_file id="fl-d3">
         <path>D:\workSpaceLin\CCSLin\ccsv8\tools\compiler\ti-cgt-arm_18.1.4.LTS\lib\</path>
         <kind>archive</kind>
         <file>rtsv7M4_T_le_v4SPD16_eabi.lib</file>
         <name>_printfi.c.obj</name>
      </input_file>
      <input_file id="fl-d4">
         <path>D:\workSpaceLin\CCSLin\ccsv8\tools\compiler\ti-cgt-arm_18.1.4.LTS\lib\</path>
         <kind>archive</kind>
         <file>rtsv7M4_T_le_v4SPD16_eabi.lib</file>
         <name>_scanfi.c.obj</name>
      </input_file>
      <input_file id="fl-d5">
         <path>D:\workSpaceLin\CCSLin\ccsv8\tools\compiler\ti-cgt-arm_18.1.4.LTS\lib\</path>
         <kind>archive</kind>
         <file>rtsv7M4_T_le_v4SPD16_eabi.lib</file>
         <name>atoi.c.obj</name>
      </input_file>
      <input_file id="fl-d6">
         <path>D:\workSpaceLin\CCSLin\ccsv8\tools\compiler\ti-cgt-arm_18.1.4.LTS\lib\</path>
         <kind>archive</kind>
         <file>rtsv7M4_T_le_v4SPD16_eabi.lib</file>
         <name>ctype.c.obj</name>
      </input_file>
      <input_file id="fl-d7">
         <path>D:\workSpaceLin\CCSLin\ccsv8\tools\compiler\ti-cgt-arm_18.1.4.LTS\lib\</path>
         <kind>archive</kind>
         <file>rtsv7M4_T_le_v4SPD16_eabi.lib</file>
         <name>ltoa.c.obj</name>
      </input_file>
      <input_file id="fl-d8">
         <path>D:\workSpaceLin\CCSLin\ccsv8\tools\compiler\ti-cgt-arm_18.1.4.LTS\lib\</path>
         <kind>archive</kind>
         <file>rtsv7M4_T_le_v4SPD16_eabi.lib</file>
         <name>memccpy.c.obj</name>
      </input_file>
      <input_file id="fl-d9">
         <path>D:\workSpaceLin\CCSLin\ccsv8\tools\compiler\ti-cgt-arm_18.1.4.LTS\lib\</path>
         <kind>archive</kind>
         <file>rtsv7M4_T_le_v4SPD16_eabi.lib</file>
         <name>strchr.c.obj</name>
      </input_file>
      <input_file id="fl-da">
         <path>D:\workSpaceLin\CCSLin\ccsv8\tools\compiler\ti-cgt-arm_18.1.4.LTS\lib\</path>
         <kind>archive</kind>
         <file>rtsv7M4_T_le_v4SPD16_eabi.lib</file>
         <name>strcpy.c.obj</name>
      </input_file>
      <input_file id="fl-db">
         <path>D:\workSpaceLin\CCSLin\ccsv8\tools\compiler\ti-cgt-arm_18.1.4.LTS\lib\</path>
         <kind>archive</kind>
         <file>rtsv7M4_T_le_v4SPD16_eabi.lib</file>
         <name>strlen.c.obj</name>
      </input_file>
      <input_file id="fl-dc">
         <path>D:\workSpaceLin\CCSLin\ccsv8\tools\compiler\ti-cgt-arm_18.1.4.LTS\lib\</path>
         <kind>archive</kind>
         <file>rtsv7M4_T_le_v4SPD16_eabi.lib</file>
         <name>strrchr.c.obj</name>
      </input_file>
      <input_file id="fl-dd">
         <path>D:\workSpaceLin\CCSLin\ccsv8\tools\compiler\ti-cgt-arm_18.1.4.LTS\lib\</path>
         <kind>archive</kind>
         <file>rtsv7M4_T_le_v4SPD16_eabi.lib</file>
         <name>strtod.c.obj</name>
      </input_file>
      <input_file id="fl-de">
         <path>D:\workSpaceLin\CCSLin\ccsv8\tools\compiler\ti-cgt-arm_18.1.4.LTS\lib\</path>
         <kind>archive</kind>
         <file>rtsv7M4_T_le_v4SPD16_eabi.lib</file>
         <name>strtol.c.obj</name>
      </input_file>
      <input_file id="fl-df">
         <path>D:\workSpaceLin\CCSLin\ccsv8\tools\compiler\ti-cgt-arm_18.1.4.LTS\lib\</path>
         <kind>archive</kind>
         <file>rtsv7M4_T_le_v4SPD16_eabi.lib</file>
         <name>strtoll.c.obj</name>
      </input_file>
      <input_file id="fl-e0">
         <path>D:\workSpaceLin\CCSLin\ccsv8\tools\compiler\ti-cgt-arm_18.1.4.LTS\lib\</path>
         <kind>archive</kind>
         <file>rtsv7M4_T_le_v4SPD16_eabi.lib</file>
         <name>strtoul.c.obj</name>
      </input_file>
      <input_file id="fl-e1">
         <path>D:\workSpaceLin\CCSLin\ccsv8\tools\compiler\ti-cgt-arm_18.1.4.LTS\lib\</path>
         <kind>archive</kind>
         <file>rtsv7M4_T_le_v4SPD16_eabi.lib</file>
         <name>strtoull.c.obj</name>
      </input_file>
      <input_file id="fl-e2">
         <path>D:\workSpaceLin\CCSLin\ccsv8\tools\compiler\ti-cgt-arm_18.1.4.LTS\lib\</path>
         <kind>archive</kind>
         <file>rtsv7M4_T_le_v4SPD16_eabi.lib</file>
         <name>wcslen.c.obj</name>
      </input_file>
      <input_file id="fl-e3">
         <path>D:\workSpaceLin\CCSLin\ccsv8\tools\compiler\ti-cgt-arm_18.1.4.LTS\lib\</path>
         <kind>archive</kind>
         <file>rtsv7M4_T_le_v4SPD16_eabi.lib</file>
         <name>s_frexp.c.obj</name>
      </input_file>
      <input_file id="fl-e4">
         <path>D:\workSpaceLin\CCSLin\ccsv8\tools\compiler\ti-cgt-arm_18.1.4.LTS\lib\</path>
         <kind>archive</kind>
         <file>rtsv7M4_T_le_v4SPD16_eabi.lib</file>
         <name>s_scalbn.c.obj</name>
      </input_file>
      <input_file id="fl-e5">
         <path>D:\workSpaceLin\CCSLin\ccsv8\tools\compiler\ti-cgt-arm_18.1.4.LTS\lib\</path>
         <kind>archive</kind>
         <file>rtsv7M4_T_le_v4SPD16_eabi.lib</file>
         <name>fd_add_t2.asm.obj</name>
      </input_file>
      <input_file id="fl-e6">
         <path>D:\workSpaceLin\CCSLin\ccsv8\tools\compiler\ti-cgt-arm_18.1.4.LTS\lib\</path>
         <kind>archive</kind>
         <file>rtsv7M4_T_le_v4SPD16_eabi.lib</file>
         <name>fd_cmp_t2.asm.obj</name>
      </input_file>
      <input_file id="fl-e7">
         <path>D:\workSpaceLin\CCSLin\ccsv8\tools\compiler\ti-cgt-arm_18.1.4.LTS\lib\</path>
         <kind>archive</kind>
         <file>rtsv7M4_T_le_v4SPD16_eabi.lib</file>
         <name>fd_div_t2.asm.obj</name>
      </input_file>
      <input_file id="fl-e8">
         <path>D:\workSpaceLin\CCSLin\ccsv8\tools\compiler\ti-cgt-arm_18.1.4.LTS\lib\</path>
         <kind>archive</kind>
         <file>rtsv7M4_T_le_v4SPD16_eabi.lib</file>
         <name>fd_mul_t2.asm.obj</name>
      </input_file>
      <input_file id="fl-e9">
         <path>D:\workSpaceLin\CCSLin\ccsv8\tools\compiler\ti-cgt-arm_18.1.4.LTS\lib\</path>
         <kind>archive</kind>
         <file>rtsv7M4_T_le_v4SPD16_eabi.lib</file>
         <name>fd_toi_t2.asm.obj</name>
      </input_file>
      <input_file id="fl-ea">
         <path>D:\workSpaceLin\CCSLin\ccsv8\tools\compiler\ti-cgt-arm_18.1.4.LTS\lib\</path>
         <kind>archive</kind>
         <file>rtsv7M4_T_le_v4SPD16_eabi.lib</file>
         <name>fd_tos_t2.asm.obj</name>
      </input_file>
      <input_file id="fl-eb">
         <path>D:\workSpaceLin\CCSLin\ccsv8\tools\compiler\ti-cgt-arm_18.1.4.LTS\lib\</path>
         <kind>archive</kind>
         <file>rtsv7M4_T_le_v4SPD16_eabi.lib</file>
         <name>i_tofd_t2.asm.obj</name>
      </input_file>
      <input_file id="fl-ec">
         <path>D:\workSpaceLin\CCSLin\ccsv8\tools\compiler\ti-cgt-arm_18.1.4.LTS\lib\</path>
         <kind>archive</kind>
         <file>rtsv7M4_T_le_v4SPD16_eabi.lib</file>
         <name>ll_mul_t2.asm.obj</name>
      </input_file>
      <input_file id="fl-ed">
         <path>D:\workSpaceLin\CCSLin\ccsv8\tools\compiler\ti-cgt-arm_18.1.4.LTS\lib\</path>
         <kind>archive</kind>
         <file>rtsv7M4_T_le_v4SPD16_eabi.lib</file>
         <name>ull_div_t2.asm.obj</name>
      </input_file>
      <input_file id="fl-ee">
         <path>D:\workSpaceLin\CCSLin\ccsv8\tools\compiler\ti-cgt-arm_18.1.4.LTS\lib\</path>
         <kind>archive</kind>
         <file>rtsv7M4_T_le_v4SPD16_eabi.lib</file>
         <name>errno.c.obj</name>
      </input_file>
      <input_file id="fl-ef">
         <path>D:\workSpaceLin\CCSLin\ccsv8\tools\compiler\ti-cgt-arm_18.1.4.LTS\lib\</path>
         <kind>archive</kind>
         <file>rtsv7M4_T_le_v4SPD16_eabi.lib</file>
         <name>s_copysign.c.obj</name>
      </input_file>
      <input_file id="fl-f0">
         <path>C:\ti\tivaware_c_series_2_1_4_178\driverlib\ccs\Debug\</path>
         <kind>archive</kind>
         <file>driverlib.lib</file>
         <name>gpio.obj</name>
      </input_file>
      <input_file id="fl-f1">
         <path>C:\ti\tivaware_c_series_2_1_4_178\driverlib\ccs\Debug\</path>
         <kind>archive</kind>
         <file>driverlib.lib</file>
         <name>interrupt.obj</name>
      </input_file>
      <input_file id="fl-f2">
         <path>C:\ti\tivaware_c_series_2_1_4_178\driverlib\ccs\Debug\</path>
         <kind>archive</kind>
         <file>driverlib.lib</file>
         <name>pwm.obj</name>
      </input_file>
      <input_file id="fl-f3">
         <path>C:\ti\tivaware_c_series_2_1_4_178\driverlib\ccs\Debug\</path>
         <kind>archive</kind>
         <file>driverlib.lib</file>
         <name>sysctl.obj</name>
      </input_file>
      <input_file id="fl-f4">
         <path>C:\ti\tivaware_c_series_2_1_4_178\driverlib\ccs\Debug\</path>
         <kind>archive</kind>
         <file>driverlib.lib</file>
         <name>timer.obj</name>
      </input_file>
      <input_file id="fl-f5">
         <path>C:\ti\tivaware_c_series_2_1_4_178\driverlib\ccs\Debug\</path>
         <kind>archive</kind>
         <file>driverlib.lib</file>
         <name>uart.obj</name>
      </input_file>
      <input_file id="fl-f6">
         <path>C:\ti\tivaware_c_series_2_1_4_178\driverlib\ccs\Debug\</path>
         <kind>archive</kind>
         <file>driverlib.lib</file>
         <name>cpu.obj</name>
      </input_file>
   </input_file_list>
   <object_component_list>
      <object_component id="oc-f">
         <name>.intvecs</name>
         <load_address>0x0</load_address>
         <run_address>0x0</run_address>
         <size>0x26c</size>
         <input_file_ref idref="fl-6"/>
      </object_component>
      <object_component id="oc-1c1">
         <name>.text:__TI_scanfi</name>
         <load_address>0x26c</load_address>
         <run_address>0x26c</run_address>
         <size>0xaf0</size>
         <input_file_ref idref="fl-d4"/>
      </object_component>
      <object_component id="oc-1db">
         <name>.text:__TI_printfi</name>
         <load_address>0xd5c</load_address>
         <run_address>0xd5c</run_address>
         <size>0xa5e</size>
         <input_file_ref idref="fl-d3"/>
      </object_component>
      <object_component id="oc-267">
         <name>.text</name>
         <load_address>0x17ba</load_address>
         <run_address>0x17ba</run_address>
         <size>0x2</size>
         <input_file_ref idref="fl-ce"/>
      </object_component>
      <object_component id="oc-2a">
         <name>.text</name>
         <load_address>0x17bc</load_address>
         <run_address>0x17bc</run_address>
         <size>0xa58</size>
         <input_file_ref idref="fl-3"/>
      </object_component>
      <object_component id="oc-89">
         <name>.text</name>
         <load_address>0x2214</load_address>
         <run_address>0x2214</run_address>
         <size>0x4dc</size>
         <input_file_ref idref="fl-8"/>
      </object_component>
      <object_component id="oc-288">
         <name>.text:strtod</name>
         <load_address>0x26f0</load_address>
         <run_address>0x26f0</run_address>
         <size>0x460</size>
         <input_file_ref idref="fl-dd"/>
      </object_component>
      <object_component id="oc-2e5">
         <name>.text:_pconv_a</name>
         <load_address>0x2b50</load_address>
         <run_address>0x2b50</run_address>
         <size>0x270</size>
         <input_file_ref idref="fl-d3"/>
      </object_component>
      <object_component id="oc-299">
         <name>.text:strtoll</name>
         <load_address>0x2dc0</load_address>
         <run_address>0x2dc0</run_address>
         <size>0x1dc</size>
         <input_file_ref idref="fl-df"/>
      </object_component>
      <object_component id="oc-2d3">
         <name>.text:_pconv_g</name>
         <load_address>0x2f9c</load_address>
         <run_address>0x2f9c</run_address>
         <size>0x1d0</size>
         <input_file_ref idref="fl-d3"/>
      </object_component>
      <object_component id="oc-34b">
         <name>.text</name>
         <load_address>0x316c</load_address>
         <run_address>0x316c</run_address>
         <size>0x1b6</size>
         <input_file_ref idref="fl-e5"/>
      </object_component>
      <object_component id="oc-27c">
         <name>.text:strtoull</name>
         <load_address>0x3324</load_address>
         <run_address>0x3324</run_address>
         <size>0x15c</size>
         <input_file_ref idref="fl-e1"/>
      </object_component>
      <object_component id="oc-2df">
         <name>.text:_pconv_e</name>
         <load_address>0x3480</load_address>
         <run_address>0x3480</run_address>
         <size>0x13c</size>
         <input_file_ref idref="fl-d3"/>
      </object_component>
      <object_component id="oc-350">
         <name>.text</name>
         <load_address>0x35bc</load_address>
         <run_address>0x35bc</run_address>
         <size>0x136</size>
         <input_file_ref idref="fl-e7"/>
      </object_component>
      <object_component id="oc-18a">
         <name>.text:GPIOPadConfigSet</name>
         <load_address>0x36f2</load_address>
         <run_address>0x36f2</run_address>
         <size>0x132</size>
         <input_file_ref idref="fl-f0"/>
      </object_component>
      <object_component id="oc-293">
         <name>.text:strtol</name>
         <load_address>0x3824</load_address>
         <run_address>0x3824</run_address>
         <size>0x130</size>
         <input_file_ref idref="fl-de"/>
      </object_component>
      <object_component id="oc-3a1">
         <name>.text:fcvt</name>
         <load_address>0x3954</load_address>
         <run_address>0x3954</run_address>
         <size>0x124</size>
         <input_file_ref idref="fl-d3"/>
      </object_component>
      <object_component id="oc-119">
         <name>.text:SysCtlClockGet</name>
         <load_address>0x3a78</load_address>
         <run_address>0x3a78</run_address>
         <size>0x110</size>
         <input_file_ref idref="fl-f3"/>
      </object_component>
      <object_component id="oc-355">
         <name>.text:scalbn</name>
         <load_address>0x3b88</load_address>
         <run_address>0x3b88</run_address>
         <size>0x110</size>
         <input_file_ref idref="fl-e4"/>
      </object_component>
      <object_component id="oc-282">
         <name>.text:strtoul</name>
         <load_address>0x3c98</load_address>
         <run_address>0x3c98</run_address>
         <size>0x110</size>
         <input_file_ref idref="fl-e0"/>
      </object_component>
      <object_component id="oc-346">
         <name>.text</name>
         <load_address>0x3da8</load_address>
         <run_address>0x3da8</run_address>
         <size>0xfc</size>
         <input_file_ref idref="fl-e8"/>
      </object_component>
      <object_component id="oc-cb">
         <name>.text:SysCtlClockSet</name>
         <load_address>0x3ea4</load_address>
         <run_address>0x3ea4</run_address>
         <size>0xf4</size>
         <input_file_ref idref="fl-f3"/>
      </object_component>
      <object_component id="oc-2c8">
         <name>.text:_ltostr</name>
         <load_address>0x3f98</load_address>
         <run_address>0x3f98</run_address>
         <size>0xb1</size>
         <input_file_ref idref="fl-d3"/>
      </object_component>
      <object_component id="oc-3e">
         <name>.text</name>
         <load_address>0x404a</load_address>
         <run_address>0x404a</run_address>
         <size>0x9c</size>
         <input_file_ref idref="fl-cf"/>
      </object_component>
      <object_component id="oc-33d">
         <name>.text</name>
         <load_address>0x40e6</load_address>
         <run_address>0x40e6</run_address>
         <size>0x96</size>
         <input_file_ref idref="fl-ed"/>
      </object_component>
      <object_component id="oc-2ce">
         <name>.text:__aeabi_cdcmple</name>
         <load_address>0x417c</load_address>
         <run_address>0x417c</run_address>
         <size>0x86</size>
         <input_file_ref idref="fl-e6"/>
      </object_component>
      <object_component id="oc-37f">
         <name>.text:__aeabi_cdrcmple</name>
         <load_address>0x4202</load_address>
         <run_address>0x4202</run_address>
         <size>0x86</size>
         <input_file_ref idref="fl-e6"/>
      </object_component>
      <object_component id="oc-131">
         <name>.text</name>
         <load_address>0x4288</load_address>
         <run_address>0x4288</run_address>
         <size>0x7a</size>
         <input_file_ref idref="fl-c4"/>
      </object_component>
      <object_component id="oc-39a">
         <name>.text:_mcpy</name>
         <load_address>0x4302</load_address>
         <run_address>0x4302</run_address>
         <size>0x6e</size>
         <input_file_ref idref="fl-d3"/>
      </object_component>
      <object_component id="oc-28e">
         <name>.text</name>
         <load_address>0x4370</load_address>
         <run_address>0x4370</run_address>
         <size>0x6e</size>
         <input_file_ref idref="fl-ea"/>
      </object_component>
      <object_component id="oc-11f">
         <name>.text:IntEnable</name>
         <load_address>0x43e0</load_address>
         <run_address>0x43e0</run_address>
         <size>0x68</size>
         <input_file_ref idref="fl-f1"/>
      </object_component>
      <object_component id="oc-1d3">
         <name>.text:_chkmbc</name>
         <load_address>0x4448</load_address>
         <run_address>0x4448</run_address>
         <size>0x68</size>
         <input_file_ref idref="fl-cd"/>
      </object_component>
      <object_component id="oc-12">
         <name>.text:decompress:lzss:__TI_decompress_lzss</name>
         <load_address>0x44b0</load_address>
         <run_address>0x44b0</run_address>
         <size>0x68</size>
         <input_file_ref idref="fl-c7"/>
      </object_component>
      <object_component id="oc-3af">
         <name>.text:frexp</name>
         <load_address>0x4518</load_address>
         <run_address>0x4518</run_address>
         <size>0x64</size>
         <input_file_ref idref="fl-e3"/>
      </object_component>
      <object_component id="oc-ad">
         <name>.text:TimerConfigure</name>
         <load_address>0x457c</load_address>
         <run_address>0x457c</run_address>
         <size>0x60</size>
         <input_file_ref idref="fl-f4"/>
      </object_component>
      <object_component id="oc-2d9">
         <name>.text:_pconv_f</name>
         <load_address>0x45dc</load_address>
         <run_address>0x45dc</run_address>
         <size>0x56</size>
         <input_file_ref idref="fl-d3"/>
      </object_component>
      <object_component id="oc-389">
         <name>.text:ltoa</name>
         <load_address>0x4632</load_address>
         <run_address>0x4632</run_address>
         <size>0x54</size>
         <input_file_ref idref="fl-d7"/>
      </object_component>
      <object_component id="oc-394">
         <name>.text:_ecpy</name>
         <load_address>0x4686</load_address>
         <run_address>0x4686</run_address>
         <size>0x52</size>
         <input_file_ref idref="fl-d3"/>
      </object_component>
      <object_component id="oc-2a8">
         <name>.text:atoi</name>
         <load_address>0x46d8</load_address>
         <run_address>0x46d8</run_address>
         <size>0x4c</size>
         <input_file_ref idref="fl-d5"/>
      </object_component>
      <object_component id="oc-77">
         <name>.text:GPIOPinConfigure</name>
         <load_address>0x4724</load_address>
         <run_address>0x4724</run_address>
         <size>0x48</size>
         <input_file_ref idref="fl-f0"/>
      </object_component>
      <object_component id="oc-384">
         <name>.text</name>
         <load_address>0x476c</load_address>
         <run_address>0x476c</run_address>
         <size>0x48</size>
         <input_file_ref idref="fl-e9"/>
      </object_component>
      <object_component id="oc-220">
         <name>.text:__TI_auto_init_nobinit_nopinit:__TI_auto_init_nobinit_nopinit</name>
         <load_address>0x47b4</load_address>
         <run_address>0x47b4</run_address>
         <size>0x44</size>
         <input_file_ref idref="fl-d0"/>
      </object_component>
      <object_component id="oc-19a">
         <name>.text</name>
         <load_address>0x47f8</load_address>
         <run_address>0x47f8</run_address>
         <size>0x40</size>
         <input_file_ref idref="fl-c3"/>
      </object_component>
      <object_component id="oc-113">
         <name>.text:sprintf</name>
         <load_address>0x4838</load_address>
         <run_address>0x4838</run_address>
         <size>0x40</size>
         <input_file_ref idref="fl-cc"/>
      </object_component>
      <object_component id="oc-3a7">
         <name>.text:_fcpy</name>
         <load_address>0x4878</load_address>
         <run_address>0x4878</run_address>
         <size>0x3e</size>
         <input_file_ref idref="fl-d3"/>
      </object_component>
      <object_component id="oc-8f">
         <name>.text:SysCtlPeripheralReady</name>
         <load_address>0x48b8</load_address>
         <run_address>0x48b8</run_address>
         <size>0x38</size>
         <input_file_ref idref="fl-f3"/>
      </object_component>
      <object_component id="oc-5c">
         <name>.text:_c_int00_noargs:_c_int00_noargs</name>
         <load_address>0x48f0</load_address>
         <run_address>0x48f0</run_address>
         <size>0x38</size>
         <input_file_ref idref="fl-c8"/>
      </object_component>
      <object_component id="oc-10d">
         <name>.text:sscanf</name>
         <load_address>0x4928</load_address>
         <run_address>0x4928</run_address>
         <size>0x38</size>
         <input_file_ref idref="fl-cd"/>
      </object_component>
      <object_component id="oc-71">
         <name>.text:SysCtlPeripheralEnable</name>
         <load_address>0x4960</load_address>
         <run_address>0x4960</run_address>
         <size>0x34</size>
         <input_file_ref idref="fl-f3"/>
      </object_component>
      <object_component id="oc-38f">
         <name>.text</name>
         <load_address>0x4994</load_address>
         <run_address>0x4994</run_address>
         <size>0x2e</size>
         <input_file_ref idref="fl-eb"/>
      </object_component>
      <object_component id="oc-184">
         <name>.text:GPIODirModeSet</name>
         <load_address>0x49c2</load_address>
         <run_address>0x49c2</run_address>
         <size>0x2a</size>
         <input_file_ref idref="fl-f0"/>
      </object_component>
      <object_component id="oc-d7">
         <name>.text:PWMGenConfigure</name>
         <load_address>0x49ec</load_address>
         <run_address>0x49ec</run_address>
         <size>0x22</size>
         <input_file_ref idref="fl-f2"/>
      </object_component>
      <object_component id="oc-e3">
         <name>.text:PWMPulseWidthSet</name>
         <load_address>0x4a0e</load_address>
         <run_address>0x4a0e</run_address>
         <size>0x1e</size>
         <input_file_ref idref="fl-f2"/>
      </object_component>
      <object_component id="oc-2eb">
         <name>.text:memccpy</name>
         <load_address>0x4a2c</load_address>
         <run_address>0x4a2c</run_address>
         <size>0x1c</size>
         <input_file_ref idref="fl-d8"/>
      </object_component>
      <object_component id="oc-95">
         <name>.text:GPIOPinTypeGPIOOutput</name>
         <load_address>0x4a48</load_address>
         <run_address>0x4a48</run_address>
         <size>0x18</size>
         <input_file_ref idref="fl-f0"/>
      </object_component>
      <object_component id="oc-101">
         <name>.text:TimerDisable</name>
         <load_address>0x4a60</load_address>
         <run_address>0x4a60</run_address>
         <size>0x18</size>
         <input_file_ref idref="fl-f4"/>
      </object_component>
      <object_component id="oc-1e1">
         <name>.text:_outs</name>
         <load_address>0x4a78</load_address>
         <run_address>0x4a78</run_address>
         <size>0x18</size>
         <input_file_ref idref="fl-cc"/>
      </object_component>
      <object_component id="oc-338">
         <name>.text</name>
         <load_address>0x4a90</load_address>
         <run_address>0x4a90</run_address>
         <size>0x18</size>
         <input_file_ref idref="fl-ec"/>
      </object_component>
      <object_component id="oc-2ae">
         <name>.text:strrchr</name>
         <load_address>0x4aa8</load_address>
         <run_address>0x4aa8</run_address>
         <size>0x18</size>
         <input_file_ref idref="fl-dc"/>
      </object_component>
      <object_component id="oc-2b4">
         <name>.text:strchr</name>
         <load_address>0x4ac0</load_address>
         <run_address>0x4ac0</run_address>
         <size>0x16</size>
         <input_file_ref idref="fl-d9"/>
      </object_component>
      <object_component id="oc-d1">
         <name>.text:SysCtlPWMClockSet</name>
         <load_address>0x4ad8</load_address>
         <run_address>0x4ad8</run_address>
         <size>0x14</size>
         <input_file_ref idref="fl-f3"/>
      </object_component>
      <object_component id="oc-3f7">
         <name>.text:copysign</name>
         <load_address>0x4aec</load_address>
         <run_address>0x4aec</run_address>
         <size>0x14</size>
         <input_file_ref idref="fl-ef"/>
      </object_component>
      <object_component id="oc-276">
         <name>.text:strcpy</name>
         <load_address>0x4b00</load_address>
         <run_address>0x4b00</run_address>
         <size>0x14</size>
         <input_file_ref idref="fl-da"/>
      </object_component>
      <object_component id="oc-2a2">
         <name>.text:strlen</name>
         <load_address>0x4b14</load_address>
         <run_address>0x4b14</run_address>
         <size>0x14</size>
         <input_file_ref idref="fl-db"/>
      </object_component>
      <object_component id="oc-a7">
         <name>.text:GPIOPinTypePWM</name>
         <load_address>0x4b28</load_address>
         <run_address>0x4b28</run_address>
         <size>0x12</size>
         <input_file_ref idref="fl-f0"/>
      </object_component>
      <object_component id="oc-a1">
         <name>.text:GPIOPinTypeTimer</name>
         <load_address>0x4b3a</load_address>
         <run_address>0x4b3a</run_address>
         <size>0x12</size>
         <input_file_ref idref="fl-f0"/>
      </object_component>
      <object_component id="oc-83">
         <name>.text:GPIOPinTypeUART</name>
         <load_address>0x4b4c</load_address>
         <run_address>0x4b4c</run_address>
         <size>0x12</size>
         <input_file_ref idref="fl-f0"/>
      </object_component>
      <object_component id="oc-fb">
         <name>.text:PWMGenPeriodGet</name>
         <load_address>0x4b5e</load_address>
         <run_address>0x4b5e</run_address>
         <size>0x12</size>
         <input_file_ref idref="fl-f2"/>
      </object_component>
      <object_component id="oc-ef">
         <name>.text:PWMOutputState</name>
         <load_address>0x4b70</load_address>
         <run_address>0x4b70</run_address>
         <size>0x12</size>
         <input_file_ref idref="fl-f2"/>
      </object_component>
      <object_component id="oc-b3">
         <name>.text:TimerLoadSet</name>
         <load_address>0x4b82</load_address>
         <run_address>0x4b82</run_address>
         <size>0x12</size>
         <input_file_ref idref="fl-f4"/>
      </object_component>
      <object_component id="oc-bf">
         <name>.text:TimerMatchSet</name>
         <load_address>0x4b94</load_address>
         <run_address>0x4b94</run_address>
         <size>0x12</size>
         <input_file_ref idref="fl-f4"/>
      </object_component>
      <object_component id="oc-1c7">
         <name>.text:_inpchar</name>
         <load_address>0x4ba6</load_address>
         <run_address>0x4ba6</run_address>
         <size>0x12</size>
         <input_file_ref idref="fl-cd"/>
      </object_component>
      <object_component id="oc-4a">
         <name>.text:decompress:ZI:__TI_zero_init_nomemset:__TI_zero_init_nomemset</name>
         <load_address>0x4bb8</load_address>
         <run_address>0x4bb8</run_address>
         <size>0x12</size>
         <input_file_ref idref="fl-c5"/>
      </object_component>
      <object_component id="oc-2f1">
         <name>.text:wcslen</name>
         <load_address>0x4bca</load_address>
         <run_address>0x4bca</run_address>
         <size>0x12</size>
         <input_file_ref idref="fl-e2"/>
      </object_component>
      <object_component id="oc-dd">
         <name>.text:PWMGenPeriodSet</name>
         <load_address>0x4bdc</load_address>
         <run_address>0x4bdc</run_address>
         <size>0x10</size>
         <input_file_ref idref="fl-f2"/>
      </object_component>
      <object_component id="oc-c5">
         <name>.text:TimerEnable</name>
         <load_address>0x4bec</load_address>
         <run_address>0x4bec</run_address>
         <size>0xe</size>
         <input_file_ref idref="fl-f4"/>
      </object_component>
      <object_component id="oc-18">
         <name>.text:decompress:none:__TI_decompress_none</name>
         <load_address>0x4bfa</load_address>
         <run_address>0x4bfa</run_address>
         <size>0xe</size>
         <input_file_ref idref="fl-c6"/>
      </object_component>
      <object_component id="oc-f5">
         <name>.text:PWMGenDisable</name>
         <load_address>0x4c08</load_address>
         <run_address>0x4c08</run_address>
         <size>0xc</size>
         <input_file_ref idref="fl-f2"/>
      </object_component>
      <object_component id="oc-e9">
         <name>.text:PWMGenEnable</name>
         <load_address>0x4c14</load_address>
         <run_address>0x4c14</run_address>
         <size>0xc</size>
         <input_file_ref idref="fl-f2"/>
      </object_component>
      <object_component id="oc-24">
         <name>.text</name>
         <load_address>0x4c20</load_address>
         <run_address>0x4c20</run_address>
         <size>0xc</size>
         <input_file_ref idref="fl-6"/>
      </object_component>
      <object_component id="oc-b9">
         <name>.text:TimerLoadGet</name>
         <load_address>0x4c2c</load_address>
         <run_address>0x4c2c</run_address>
         <size>0xa</size>
         <input_file_ref idref="fl-f4"/>
      </object_component>
      <object_component id="oc-107">
         <name>.text:UARTCharGet</name>
         <load_address>0x4c36</load_address>
         <run_address>0x4c36</run_address>
         <size>0xa</size>
         <input_file_ref idref="fl-f5"/>
      </object_component>
      <object_component id="oc-1e7">
         <name>.text:_outc</name>
         <load_address>0x4c40</load_address>
         <run_address>0x4c40</run_address>
         <size>0xa</size>
         <input_file_ref idref="fl-cc"/>
      </object_component>
      <object_component id="oc-125">
         <name>.text:TimerIntEnable</name>
         <load_address>0x4c4a</load_address>
         <run_address>0x4c4a</run_address>
         <size>0x8</size>
         <input_file_ref idref="fl-f4"/>
      </object_component>
      <object_component id="oc-2f7">
         <name>.text:__aeabi_errno_addr</name>
         <load_address>0x4c54</load_address>
         <run_address>0x4c54</run_address>
         <size>0x8</size>
         <input_file_ref idref="fl-ee"/>
      </object_component>
      <object_component id="oc-1cd">
         <name>.text:_uninpchar</name>
         <load_address>0x4c5c</load_address>
         <run_address>0x4c5c</run_address>
         <size>0x8</size>
         <input_file_ref idref="fl-cd"/>
      </object_component>
      <object_component id="oc-9b">
         <name>.text:GPIOPinWrite</name>
         <load_address>0x4c64</load_address>
         <run_address>0x4c64</run_address>
         <size>0x6</size>
         <input_file_ref idref="fl-f0"/>
      </object_component>
      <object_component id="oc-1b4">
         <name>.text:SysCtlDelay</name>
         <load_address>0x4c6a</load_address>
         <run_address>0x4c6a</run_address>
         <size>0x6</size>
         <input_file_ref idref="fl-f3"/>
      </object_component>
      <object_component id="oc-7d">
         <name>.text:UARTClockSourceSet</name>
         <load_address>0x4c70</load_address>
         <run_address>0x4c70</run_address>
         <size>0x6</size>
         <input_file_ref idref="fl-f5"/>
      </object_component>
      <object_component id="oc-12b">
         <name>.text:TimerIntClear</name>
         <load_address>0x4c76</load_address>
         <run_address>0x4c76</run_address>
         <size>0x4</size>
         <input_file_ref idref="fl-f4"/>
      </object_component>
      <object_component id="oc-164">
         <name>.text:_system_pre_init</name>
         <load_address>0x4c7a</load_address>
         <run_address>0x4c7a</run_address>
         <size>0x4</size>
         <input_file_ref idref="fl-d1"/>
      </object_component>
      <object_component id="oc-214">
         <name>.text:abort:abort</name>
         <load_address>0x4c7e</load_address>
         <run_address>0x4c7e</run_address>
         <size>0x4</size>
         <input_file_ref idref="fl-c9"/>
      </object_component>
      <object_component id="oc-29f">
         <name>.const:.string:_ctypes_</name>
         <load_address>0x4c88</load_address>
         <run_address>0x4c88</run_address>
         <size>0x101</size>
         <input_file_ref idref="fl-d6"/>
      </object_component>
      <object_component id="oc-19f">
         <name>.const</name>
         <load_address>0x4d8c</load_address>
         <run_address>0x4d8c</run_address>
         <size>0x4</size>
         <input_file_ref idref="fl-8"/>
      </object_component>
      <object_component id="oc-35b">
         <name>.const:$O1$$</name>
         <load_address>0x4d90</load_address>
         <run_address>0x4d90</run_address>
         <size>0xc8</size>
         <input_file_ref idref="fl-dd"/>
      </object_component>
      <object_component id="oc-17d">
         <name>.const:g_pui32GPIOBaseAddrs</name>
         <load_address>0x4e58</load_address>
         <run_address>0x4e58</run_address>
         <size>0x90</size>
         <input_file_ref idref="fl-f0"/>
      </object_component>
      <object_component id="oc-1f3">
         <name>.const</name>
         <load_address>0x4ee8</load_address>
         <run_address>0x4ee8</run_address>
         <size>0x70</size>
         <input_file_ref idref="fl-f1"/>
      </object_component>
      <object_component id="oc-1ef">
         <name>.const:g_pui32Xtals</name>
         <load_address>0x4f58</load_address>
         <run_address>0x4f58</run_address>
         <size>0x6c</size>
         <input_file_ref idref="fl-f3"/>
      </object_component>
      <object_component id="oc-26d">
         <name>.const:.string</name>
         <load_address>0x4fc4</load_address>
         <run_address>0x4fc4</run_address>
         <size>0x12</size>
         <input_file_ref idref="fl-8"/>
      </object_component>
      <object_component id="oc-2ba">
         <name>.const:$O1$$</name>
         <load_address>0x4fd8</load_address>
         <run_address>0x4fd8</run_address>
         <size>0x10</size>
         <input_file_ref idref="fl-d4"/>
      </object_component>
      <object_component id="oc-197">
         <name>.const:g_ui32UARTBase</name>
         <load_address>0x4fe8</load_address>
         <run_address>0x4fe8</run_address>
         <size>0xc</size>
         <input_file_ref idref="fl-8"/>
      </object_component>
      <object_component id="oc-191">
         <name>.const:g_ui32UARTPeriph</name>
         <load_address>0x4ff4</load_address>
         <run_address>0x4ff4</run_address>
         <size>0xc</size>
         <input_file_ref idref="fl-8"/>
      </object_component>
      <object_component id="oc-475">
         <name>__TI_handler_table</name>
         <load_address>0x5000</load_address>
         <run_address>0x5000</run_address>
         <size>0xc</size>
      </object_component>
      <object_component id="oc-477">
         <name>.cinit..data.load</name>
         <load_address>0x500c</load_address>
         <run_address>0x500c</run_address>
         <size>0xb</size>
      </object_component>
      <object_component id="oc-478">
         <name>.cinit..bss.load</name>
         <load_address>0x5018</load_address>
         <run_address>0x5018</run_address>
         <size>0x8</size>
      </object_component>
      <object_component id="oc-476">
         <name>__TI_cinit_table</name>
         <load_address>0x5020</load_address>
         <run_address>0x5020</run_address>
         <size>0x10</size>
      </object_component>
      <object_component id="oc-136">
         <name>.data</name>
         <load_address>0x20000420</load_address>
         <run_address>0x20000420</run_address>
         <size>0xc</size>
         <input_file_ref idref="fl-3"/>
      </object_component>
      <object_component id="oc-194">
         <name>.data</name>
         <load_address>0x2000042c</load_address>
         <run_address>0x2000042c</run_address>
         <size>0x5</size>
         <input_file_ref idref="fl-8"/>
      </object_component>
      <object_component id="oc-3bf">
         <name>.data</name>
         <load_address>0x20000434</load_address>
         <run_address>0x20000434</run_address>
         <size>0x4</size>
         <input_file_ref idref="fl-ee"/>
      </object_component>
      <object_component id="oc-139">
         <name>.common:myData</name>
         <uninitialized>true</uninitialized>
         <run_address>0x20000400</run_address>
         <size>0x20</size>
      </object_component>
      <object_component id="oc-21">
         <name>.stack</name>
         <uninitialized>true</uninitialized>
         <run_address>0x20000000</run_address>
         <size>0x4</size>
         <input_file_ref idref="fl-c8"/>
      </object_component>
      <object_component id="oc-479">
         <name>.stack</name>
         <uninitialized>true</uninitialized>
         <run_address>0x20000000</run_address>
         <size>0x0</size>
      </object_component>
      <object_component id="oc-204">
         <name>.debug_info</name>
         <load_address>0x0</load_address>
         <run_address>0x0</run_address>
         <size>0x351</size>
         <input_file_ref idref="fl-2"/>
      </object_component>
      <object_component id="oc-149">
         <name>.debug_info</name>
         <load_address>0x351</load_address>
         <run_address>0x351</run_address>
         <size>0x26b</size>
         <input_file_ref idref="fl-2"/>
      </object_component>
      <object_component id="oc-142">
         <name>.debug_info</name>
         <load_address>0x5bc</load_address>
         <run_address>0x5bc</run_address>
         <size>0x8b</size>
         <input_file_ref idref="fl-2"/>
      </object_component>
      <object_component id="oc-1ff">
         <name>.debug_info</name>
         <load_address>0x647</load_address>
         <run_address>0x647</run_address>
         <size>0x297</size>
         <input_file_ref idref="fl-2"/>
      </object_component>
      <object_component id="oc-13d">
         <name>.debug_info</name>
         <load_address>0x8de</load_address>
         <run_address>0x8de</run_address>
         <size>0xbb</size>
         <input_file_ref idref="fl-2"/>
      </object_component>
      <object_component id="oc-13a">
         <name>.debug_info</name>
         <load_address>0x999</load_address>
         <run_address>0x999</run_address>
         <size>0x995</size>
         <input_file_ref idref="fl-3"/>
      </object_component>
      <object_component id="oc-137">
         <name>.debug_info</name>
         <load_address>0x132e</load_address>
         <run_address>0x132e</run_address>
         <size>0x11f</size>
         <input_file_ref idref="fl-3"/>
      </object_component>
      <object_component id="oc-2e">
         <name>.debug_info</name>
         <load_address>0x144d</load_address>
         <run_address>0x144d</run_address>
         <size>0x1934</size>
         <input_file_ref idref="fl-3"/>
      </object_component>
      <object_component id="oc-1a4">
         <name>.debug_info</name>
         <load_address>0x2d81</load_address>
         <run_address>0x2d81</run_address>
         <size>0x2c</size>
         <input_file_ref idref="fl-3"/>
      </object_component>
      <object_component id="oc-32">
         <name>.debug_info</name>
         <load_address>0x2dad</load_address>
         <run_address>0x2dad</run_address>
         <size>0x2f4</size>
         <input_file_ref idref="fl-6"/>
      </object_component>
      <object_component id="oc-10">
         <name>.debug_info</name>
         <load_address>0x30a1</load_address>
         <run_address>0x30a1</run_address>
         <size>0xe7</size>
         <input_file_ref idref="fl-6"/>
      </object_component>
      <object_component id="oc-26">
         <name>.debug_info</name>
         <load_address>0x3188</load_address>
         <run_address>0x3188</run_address>
         <size>0x263</size>
         <input_file_ref idref="fl-6"/>
      </object_component>
      <object_component id="oc-39">
         <name>.debug_info</name>
         <load_address>0x33eb</load_address>
         <run_address>0x33eb</run_address>
         <size>0x84</size>
         <input_file_ref idref="fl-6"/>
      </object_component>
      <object_component id="oc-1a3">
         <name>.debug_info</name>
         <load_address>0x346f</load_address>
         <run_address>0x346f</run_address>
         <size>0x292</size>
         <input_file_ref idref="fl-8"/>
      </object_component>
      <object_component id="oc-195">
         <name>.debug_info</name>
         <load_address>0x3701</load_address>
         <run_address>0x3701</run_address>
         <size>0xd3</size>
         <input_file_ref idref="fl-8"/>
      </object_component>
      <object_component id="oc-1a0">
         <name>.debug_info</name>
         <load_address>0x37d4</load_address>
         <run_address>0x37d4</run_address>
         <size>0xcd</size>
         <input_file_ref idref="fl-8"/>
      </object_component>
      <object_component id="oc-198">
         <name>.debug_info</name>
         <load_address>0x38a1</load_address>
         <run_address>0x38a1</run_address>
         <size>0xdb</size>
         <input_file_ref idref="fl-8"/>
      </object_component>
      <object_component id="oc-192">
         <name>.debug_info</name>
         <load_address>0x397c</load_address>
         <run_address>0x397c</run_address>
         <size>0xdf</size>
         <input_file_ref idref="fl-8"/>
      </object_component>
      <object_component id="oc-8d">
         <name>.debug_info</name>
         <load_address>0x3a5b</load_address>
         <run_address>0x3a5b</run_address>
         <size>0x6fb</size>
         <input_file_ref idref="fl-8"/>
      </object_component>
      <object_component id="oc-19d">
         <name>.debug_info</name>
         <load_address>0x4156</load_address>
         <run_address>0x4156</run_address>
         <size>0x145</size>
         <input_file_ref idref="fl-c3"/>
      </object_component>
      <object_component id="oc-133">
         <name>.debug_info</name>
         <load_address>0x429b</load_address>
         <run_address>0x429b</run_address>
         <size>0x14a</size>
         <input_file_ref idref="fl-c4"/>
      </object_component>
      <object_component id="oc-162">
         <name>.debug_info</name>
         <load_address>0x43e5</load_address>
         <run_address>0x43e5</run_address>
         <size>0x31e</size>
         <input_file_ref idref="fl-c5"/>
      </object_component>
      <object_component id="oc-4e">
         <name>.debug_info</name>
         <load_address>0x4703</load_address>
         <run_address>0x4703</run_address>
         <size>0x1bf</size>
         <input_file_ref idref="fl-c5"/>
      </object_component>
      <object_component id="oc-15d">
         <name>.debug_info</name>
         <load_address>0x48c2</load_address>
         <run_address>0x48c2</run_address>
         <size>0x46</size>
         <input_file_ref idref="fl-c5"/>
      </object_component>
      <object_component id="oc-20c">
         <name>.debug_info</name>
         <load_address>0x4908</load_address>
         <run_address>0x4908</run_address>
         <size>0x2c</size>
         <input_file_ref idref="fl-c5"/>
      </object_component>
      <object_component id="oc-49">
         <name>.debug_info</name>
         <load_address>0x4934</load_address>
         <run_address>0x4934</run_address>
         <size>0x2a8</size>
         <input_file_ref idref="fl-c6"/>
      </object_component>
      <object_component id="oc-19">
         <name>.debug_info</name>
         <load_address>0x4bdc</load_address>
         <run_address>0x4bdc</run_address>
         <size>0x1ea</size>
         <input_file_ref idref="fl-c6"/>
      </object_component>
      <object_component id="oc-44">
         <name>.debug_info</name>
         <load_address>0x4dc6</load_address>
         <run_address>0x4dc6</run_address>
         <size>0x46</size>
         <input_file_ref idref="fl-c6"/>
      </object_component>
      <object_component id="oc-155">
         <name>.debug_info</name>
         <load_address>0x4e0c</load_address>
         <run_address>0x4e0c</run_address>
         <size>0x2c</size>
         <input_file_ref idref="fl-c6"/>
      </object_component>
      <object_component id="oc-153">
         <name>.debug_info</name>
         <load_address>0x4e38</load_address>
         <run_address>0x4e38</run_address>
         <size>0x29e</size>
         <input_file_ref idref="fl-c7"/>
      </object_component>
      <object_component id="oc-14">
         <name>.debug_info</name>
         <load_address>0x50d6</load_address>
         <run_address>0x50d6</run_address>
         <size>0x250</size>
         <input_file_ref idref="fl-c7"/>
      </object_component>
      <object_component id="oc-34">
         <name>.debug_info</name>
         <load_address>0x5326</load_address>
         <run_address>0x5326</run_address>
         <size>0x60</size>
         <input_file_ref idref="fl-c7"/>
      </object_component>
      <object_component id="oc-205">
         <name>.debug_info</name>
         <load_address>0x5386</load_address>
         <run_address>0x5386</run_address>
         <size>0x46</size>
         <input_file_ref idref="fl-c7"/>
      </object_component>
      <object_component id="oc-14e">
         <name>.debug_info</name>
         <load_address>0x53cc</load_address>
         <run_address>0x53cc</run_address>
         <size>0x39</size>
         <input_file_ref idref="fl-c7"/>
      </object_component>
      <object_component id="oc-22">
         <name>.debug_info</name>
         <load_address>0x5405</load_address>
         <run_address>0x5405</run_address>
         <size>0x10b</size>
         <input_file_ref idref="fl-c8"/>
      </object_component>
      <object_component id="oc-5f">
         <name>.debug_info</name>
         <load_address>0x5510</load_address>
         <run_address>0x5510</run_address>
         <size>0x1af</size>
         <input_file_ref idref="fl-c8"/>
      </object_component>
      <object_component id="oc-218">
         <name>.debug_info</name>
         <load_address>0x56bf</load_address>
         <run_address>0x56bf</run_address>
         <size>0x122</size>
         <input_file_ref idref="fl-c9"/>
      </object_component>
      <object_component id="oc-1ee">
         <name>.debug_info</name>
         <load_address>0x57e1</load_address>
         <run_address>0x57e1</run_address>
         <size>0x333</size>
         <input_file_ref idref="fl-cc"/>
      </object_component>
      <object_component id="oc-116">
         <name>.debug_info</name>
         <load_address>0x5b14</load_address>
         <run_address>0x5b14</run_address>
         <size>0x1d1</size>
         <input_file_ref idref="fl-cc"/>
      </object_component>
      <object_component id="oc-1e2">
         <name>.debug_info</name>
         <load_address>0x5ce5</load_address>
         <run_address>0x5ce5</run_address>
         <size>0x18d</size>
         <input_file_ref idref="fl-cc"/>
      </object_component>
      <object_component id="oc-1e9">
         <name>.debug_info</name>
         <load_address>0x5e72</load_address>
         <run_address>0x5e72</run_address>
         <size>0x16d</size>
         <input_file_ref idref="fl-cc"/>
      </object_component>
      <object_component id="oc-373">
         <name>.debug_info</name>
         <load_address>0x5fdf</load_address>
         <run_address>0x5fdf</run_address>
         <size>0x2c</size>
         <input_file_ref idref="fl-cc"/>
      </object_component>
      <object_component id="oc-1da">
         <name>.debug_info</name>
         <load_address>0x600b</load_address>
         <run_address>0x600b</run_address>
         <size>0x39e</size>
         <input_file_ref idref="fl-cd"/>
      </object_component>
      <object_component id="oc-10f">
         <name>.debug_info</name>
         <load_address>0x63a9</load_address>
         <run_address>0x63a9</run_address>
         <size>0x17e</size>
         <input_file_ref idref="fl-cd"/>
      </object_component>
      <object_component id="oc-1ce">
         <name>.debug_info</name>
         <load_address>0x6527</load_address>
         <run_address>0x6527</run_address>
         <size>0x171</size>
         <input_file_ref idref="fl-cd"/>
      </object_component>
      <object_component id="oc-1c8">
         <name>.debug_info</name>
         <load_address>0x6698</load_address>
         <run_address>0x6698</run_address>
         <size>0x17e</size>
         <input_file_ref idref="fl-cd"/>
      </object_component>
      <object_component id="oc-1d5">
         <name>.debug_info</name>
         <load_address>0x6816</load_address>
         <run_address>0x6816</run_address>
         <size>0x1de</size>
         <input_file_ref idref="fl-cd"/>
      </object_component>
      <object_component id="oc-269">
         <name>.debug_info</name>
         <load_address>0x69f4</load_address>
         <run_address>0x69f4</run_address>
         <size>0x118</size>
         <input_file_ref idref="fl-ce"/>
      </object_component>
      <object_component id="oc-3f">
         <name>.debug_info</name>
         <load_address>0x6b0c</load_address>
         <run_address>0x6b0c</run_address>
         <size>0x11c</size>
         <input_file_ref idref="fl-cf"/>
      </object_component>
      <object_component id="oc-320">
         <name>.debug_info</name>
         <load_address>0x6c28</load_address>
         <run_address>0x6c28</run_address>
         <size>0x552</size>
         <input_file_ref idref="fl-d0"/>
      </object_component>
      <object_component id="oc-221">
         <name>.debug_info</name>
         <load_address>0x717a</load_address>
         <run_address>0x717a</run_address>
         <size>0x1a6</size>
         <input_file_ref idref="fl-d0"/>
      </object_component>
      <object_component id="oc-3db">
         <name>.debug_info</name>
         <load_address>0x7320</load_address>
         <run_address>0x7320</run_address>
         <size>0x39</size>
         <input_file_ref idref="fl-d0"/>
      </object_component>
      <object_component id="oc-436">
         <name>.debug_info</name>
         <load_address>0x7359</load_address>
         <run_address>0x7359</run_address>
         <size>0x39</size>
         <input_file_ref idref="fl-d0"/>
      </object_component>
      <object_component id="oc-3e0">
         <name>.debug_info</name>
         <load_address>0x7392</load_address>
         <run_address>0x7392</run_address>
         <size>0x39</size>
         <input_file_ref idref="fl-d0"/>
      </object_component>
      <object_component id="oc-3e5">
         <name>.debug_info</name>
         <load_address>0x73cb</load_address>
         <run_address>0x73cb</run_address>
         <size>0xcd</size>
         <input_file_ref idref="fl-d0"/>
      </object_component>
      <object_component id="oc-168">
         <name>.debug_info</name>
         <load_address>0x7498</load_address>
         <run_address>0x7498</run_address>
         <size>0x153</size>
         <input_file_ref idref="fl-d1"/>
      </object_component>
      <object_component id="oc-2fe">
         <name>.debug_info</name>
         <load_address>0x75eb</load_address>
         <run_address>0x75eb</run_address>
         <size>0x8b1</size>
         <input_file_ref idref="fl-d3"/>
      </object_component>
      <object_component id="oc-2ca">
         <name>.debug_info</name>
         <load_address>0x7e9c</load_address>
         <run_address>0x7e9c</run_address>
         <size>0x21e</size>
         <input_file_ref idref="fl-d3"/>
      </object_component>
      <object_component id="oc-396">
         <name>.debug_info</name>
         <load_address>0x80ba</load_address>
         <run_address>0x80ba</run_address>
         <size>0x1b3</size>
         <input_file_ref idref="fl-d3"/>
      </object_component>
      <object_component id="oc-39c">
         <name>.debug_info</name>
         <load_address>0x826d</load_address>
         <run_address>0x826d</run_address>
         <size>0x21b</size>
         <input_file_ref idref="fl-d3"/>
      </object_component>
      <object_component id="oc-2d5">
         <name>.debug_info</name>
         <load_address>0x8488</load_address>
         <run_address>0x8488</run_address>
         <size>0x3bb</size>
         <input_file_ref idref="fl-d3"/>
      </object_component>
      <object_component id="oc-3a3">
         <name>.debug_info</name>
         <load_address>0x8843</load_address>
         <run_address>0x8843</run_address>
         <size>0x305</size>
         <input_file_ref idref="fl-d3"/>
      </object_component>
      <object_component id="oc-3a9">
         <name>.debug_info</name>
         <load_address>0x8b48</load_address>
         <run_address>0x8b48</run_address>
         <size>0x215</size>
         <input_file_ref idref="fl-d3"/>
      </object_component>
      <object_component id="oc-2dc">
         <name>.debug_info</name>
         <load_address>0x8d5d</load_address>
         <run_address>0x8d5d</run_address>
         <size>0x215</size>
         <input_file_ref idref="fl-d3"/>
      </object_component>
      <object_component id="oc-2e2">
         <name>.debug_info</name>
         <load_address>0x8f72</load_address>
         <run_address>0x8f72</run_address>
         <size>0x304</size>
         <input_file_ref idref="fl-d3"/>
      </object_component>
      <object_component id="oc-2e8">
         <name>.debug_info</name>
         <load_address>0x9276</load_address>
         <run_address>0x9276</run_address>
         <size>0x4b0</size>
         <input_file_ref idref="fl-d3"/>
      </object_component>
      <object_component id="oc-1de">
         <name>.debug_info</name>
         <load_address>0x9726</load_address>
         <run_address>0x9726</run_address>
         <size>0x5d8</size>
         <input_file_ref idref="fl-d3"/>
      </object_component>
      <object_component id="oc-2ff">
         <name>.debug_info</name>
         <load_address>0x9cfe</load_address>
         <run_address>0x9cfe</run_address>
         <size>0x86</size>
         <input_file_ref idref="fl-d3"/>
      </object_component>
      <object_component id="oc-378">
         <name>.debug_info</name>
         <load_address>0x9d84</load_address>
         <run_address>0x9d84</run_address>
         <size>0x39</size>
         <input_file_ref idref="fl-d3"/>
      </object_component>
      <object_component id="oc-42e">
         <name>.debug_info</name>
         <load_address>0x9dbd</load_address>
         <run_address>0x9dbd</run_address>
         <size>0xb6</size>
         <input_file_ref idref="fl-d3"/>
      </object_component>
      <object_component id="oc-3c6">
         <name>.debug_info</name>
         <load_address>0x9e73</load_address>
         <run_address>0x9e73</run_address>
         <size>0x46</size>
         <input_file_ref idref="fl-d3"/>
      </object_component>
      <object_component id="oc-304">
         <name>.debug_info</name>
         <load_address>0x9eb9</load_address>
         <run_address>0x9eb9</run_address>
         <size>0x46</size>
         <input_file_ref idref="fl-d3"/>
      </object_component>
      <object_component id="oc-2bc">
         <name>.debug_info</name>
         <load_address>0x9eff</load_address>
         <run_address>0x9eff</run_address>
         <size>0x86d</size>
         <input_file_ref idref="fl-d4"/>
      </object_component>
      <object_component id="oc-1c2">
         <name>.debug_info</name>
         <load_address>0xa76c</load_address>
         <run_address>0xa76c</run_address>
         <size>0x983</size>
         <input_file_ref idref="fl-d4"/>
      </object_component>
      <object_component id="oc-2be">
         <name>.debug_info</name>
         <load_address>0xb0ef</load_address>
         <run_address>0xb0ef</run_address>
         <size>0x9a</size>
         <input_file_ref idref="fl-d4"/>
      </object_component>
      <object_component id="oc-36c">
         <name>.debug_info</name>
         <load_address>0xb189</load_address>
         <run_address>0xb189</run_address>
         <size>0x2b9</size>
         <input_file_ref idref="fl-d5"/>
      </object_component>
      <object_component id="oc-2aa">
         <name>.debug_info</name>
         <load_address>0xb442</load_address>
         <run_address>0xb442</run_address>
         <size>0x17c</size>
         <input_file_ref idref="fl-d5"/>
      </object_component>
      <object_component id="oc-368">
         <name>.debug_info</name>
         <load_address>0xb5be</load_address>
         <run_address>0xb5be</run_address>
         <size>0xf9</size>
         <input_file_ref idref="fl-d6"/>
      </object_component>
      <object_component id="oc-2a0">
         <name>.debug_info</name>
         <load_address>0xb6b7</load_address>
         <run_address>0xb6b7</run_address>
         <size>0x105</size>
         <input_file_ref idref="fl-d6"/>
      </object_component>
      <object_component id="oc-419">
         <name>.debug_info</name>
         <load_address>0xb7bc</load_address>
         <run_address>0xb7bc</run_address>
         <size>0x29b</size>
         <input_file_ref idref="fl-d7"/>
      </object_component>
      <object_component id="oc-38b">
         <name>.debug_info</name>
         <load_address>0xba57</load_address>
         <run_address>0xba57</run_address>
         <size>0x1cd</size>
         <input_file_ref idref="fl-d7"/>
      </object_component>
      <object_component id="oc-3b7">
         <name>.debug_info</name>
         <load_address>0xbc24</load_address>
         <run_address>0xbc24</run_address>
         <size>0x296</size>
         <input_file_ref idref="fl-d8"/>
      </object_component>
      <object_component id="oc-2ef">
         <name>.debug_info</name>
         <load_address>0xbeba</load_address>
         <run_address>0xbeba</run_address>
         <size>0x1b6</size>
         <input_file_ref idref="fl-d8"/>
      </object_component>
      <object_component id="oc-370">
         <name>.debug_info</name>
         <load_address>0xc070</load_address>
         <run_address>0xc070</run_address>
         <size>0x29a</size>
         <input_file_ref idref="fl-d9"/>
      </object_component>
      <object_component id="oc-2b8">
         <name>.debug_info</name>
         <load_address>0xc30a</load_address>
         <run_address>0xc30a</run_address>
         <size>0x268</size>
         <input_file_ref idref="fl-d9"/>
      </object_component>
      <object_component id="oc-337">
         <name>.debug_info</name>
         <load_address>0xc572</load_address>
         <run_address>0xc572</run_address>
         <size>0x2a4</size>
         <input_file_ref idref="fl-da"/>
      </object_component>
      <object_component id="oc-278">
         <name>.debug_info</name>
         <load_address>0xc816</load_address>
         <run_address>0xc816</run_address>
         <size>0x252</size>
         <input_file_ref idref="fl-da"/>
      </object_component>
      <object_component id="oc-36a">
         <name>.debug_info</name>
         <load_address>0xca68</load_address>
         <run_address>0xca68</run_address>
         <size>0x28f</size>
         <input_file_ref idref="fl-db"/>
      </object_component>
      <object_component id="oc-2a6">
         <name>.debug_info</name>
         <load_address>0xccf7</load_address>
         <run_address>0xccf7</run_address>
         <size>0x24b</size>
         <input_file_ref idref="fl-db"/>
      </object_component>
      <object_component id="oc-36e">
         <name>.debug_info</name>
         <load_address>0xcf42</load_address>
         <run_address>0xcf42</run_address>
         <size>0x296</size>
         <input_file_ref idref="fl-dc"/>
      </object_component>
      <object_component id="oc-2af">
         <name>.debug_info</name>
         <load_address>0xd1d8</load_address>
         <run_address>0xd1d8</run_address>
         <size>0x26b</size>
         <input_file_ref idref="fl-dc"/>
      </object_component>
      <object_component id="oc-35f">
         <name>.debug_info</name>
         <load_address>0xd443</load_address>
         <run_address>0xd443</run_address>
         <size>0x3da</size>
         <input_file_ref idref="fl-dd"/>
      </object_component>
      <object_component id="oc-35c">
         <name>.debug_info</name>
         <load_address>0xd81d</load_address>
         <run_address>0xd81d</run_address>
         <size>0x123</size>
         <input_file_ref idref="fl-dd"/>
      </object_component>
      <object_component id="oc-289">
         <name>.debug_info</name>
         <load_address>0xd940</load_address>
         <run_address>0xd940</run_address>
         <size>0x4e0</size>
         <input_file_ref idref="fl-dd"/>
      </object_component>
      <object_component id="oc-363">
         <name>.debug_info</name>
         <load_address>0xde20</load_address>
         <run_address>0xde20</run_address>
         <size>0x321</size>
         <input_file_ref idref="fl-de"/>
      </object_component>
      <object_component id="oc-294">
         <name>.debug_info</name>
         <load_address>0xe141</load_address>
         <run_address>0xe141</run_address>
         <size>0x28b</size>
         <input_file_ref idref="fl-de"/>
      </object_component>
      <object_component id="oc-365">
         <name>.debug_info</name>
         <load_address>0xe3cc</load_address>
         <run_address>0xe3cc</run_address>
         <size>0x322</size>
         <input_file_ref idref="fl-df"/>
      </object_component>
      <object_component id="oc-29a">
         <name>.debug_info</name>
         <load_address>0xe6ee</load_address>
         <run_address>0xe6ee</run_address>
         <size>0x2cf</size>
         <input_file_ref idref="fl-df"/>
      </object_component>
      <object_component id="oc-345">
         <name>.debug_info</name>
         <load_address>0xe9bd</load_address>
         <run_address>0xe9bd</run_address>
         <size>0x322</size>
         <input_file_ref idref="fl-e0"/>
      </object_component>
      <object_component id="oc-283">
         <name>.debug_info</name>
         <load_address>0xecdf</load_address>
         <run_address>0xecdf</run_address>
         <size>0x231</size>
         <input_file_ref idref="fl-e0"/>
      </object_component>
      <object_component id="oc-343">
         <name>.debug_info</name>
         <load_address>0xef10</load_address>
         <run_address>0xef10</run_address>
         <size>0x323</size>
         <input_file_ref idref="fl-e1"/>
      </object_component>
      <object_component id="oc-27e">
         <name>.debug_info</name>
         <load_address>0xf233</load_address>
         <run_address>0xf233</run_address>
         <size>0x254</size>
         <input_file_ref idref="fl-e1"/>
      </object_component>
      <object_component id="oc-3be">
         <name>.debug_info</name>
         <load_address>0xf487</load_address>
         <run_address>0xf487</run_address>
         <size>0x28f</size>
         <input_file_ref idref="fl-e2"/>
      </object_component>
      <object_component id="oc-2f4">
         <name>.debug_info</name>
         <load_address>0xf716</load_address>
         <run_address>0xf716</run_address>
         <size>0x15a</size>
         <input_file_ref idref="fl-e2"/>
      </object_component>
      <object_component id="oc-423">
         <name>.debug_info</name>
         <load_address>0xf870</load_address>
         <run_address>0xf870</run_address>
         <size>0x46</size>
         <input_file_ref idref="fl-e2"/>
      </object_component>
      <object_component id="oc-3b9">
         <name>.debug_info</name>
         <load_address>0xf8b6</load_address>
         <run_address>0xf8b6</run_address>
         <size>0x39</size>
         <input_file_ref idref="fl-e2"/>
      </object_component>
      <object_component id="oc-420">
         <name>.debug_info</name>
         <load_address>0xf8ef</load_address>
         <run_address>0xf8ef</run_address>
         <size>0x29a</size>
         <input_file_ref idref="fl-e3"/>
      </object_component>
      <object_component id="oc-3b0">
         <name>.debug_info</name>
         <load_address>0xfb89</load_address>
         <run_address>0xfb89</run_address>
         <size>0x195</size>
         <input_file_ref idref="fl-e3"/>
      </object_component>
      <object_component id="oc-445">
         <name>.debug_info</name>
         <load_address>0xfd1e</load_address>
         <run_address>0xfd1e</run_address>
         <size>0x39</size>
         <input_file_ref idref="fl-e3"/>
      </object_component>
      <object_component id="oc-3ff">
         <name>.debug_info</name>
         <load_address>0xfd57</load_address>
         <run_address>0xfd57</run_address>
         <size>0x2c</size>
         <input_file_ref idref="fl-e3"/>
      </object_component>
      <object_component id="oc-3fe">
         <name>.debug_info</name>
         <load_address>0xfd83</load_address>
         <run_address>0xfd83</run_address>
         <size>0x2fd</size>
         <input_file_ref idref="fl-e4"/>
      </object_component>
      <object_component id="oc-356">
         <name>.debug_info</name>
         <load_address>0x10080</load_address>
         <run_address>0x10080</run_address>
         <size>0x225</size>
         <input_file_ref idref="fl-e4"/>
      </object_component>
      <object_component id="oc-34c">
         <name>.debug_info</name>
         <load_address>0x102a5</load_address>
         <run_address>0x102a5</run_address>
         <size>0x14f</size>
         <input_file_ref idref="fl-e5"/>
      </object_component>
      <object_component id="oc-2d0">
         <name>.debug_info</name>
         <load_address>0x103f4</load_address>
         <run_address>0x103f4</run_address>
         <size>0x12b</size>
         <input_file_ref idref="fl-e6"/>
      </object_component>
      <object_component id="oc-380">
         <name>.debug_info</name>
         <load_address>0x1051f</load_address>
         <run_address>0x1051f</run_address>
         <size>0x12d</size>
         <input_file_ref idref="fl-e6"/>
      </object_component>
      <object_component id="oc-351">
         <name>.debug_info</name>
         <load_address>0x1064c</load_address>
         <run_address>0x1064c</run_address>
         <size>0x13d</size>
         <input_file_ref idref="fl-e7"/>
      </object_component>
      <object_component id="oc-347">
         <name>.debug_info</name>
         <load_address>0x10789</load_address>
         <run_address>0x10789</run_address>
         <size>0x13d</size>
         <input_file_ref idref="fl-e8"/>
      </object_component>
      <object_component id="oc-387">
         <name>.debug_info</name>
         <load_address>0x108c6</load_address>
         <run_address>0x108c6</run_address>
         <size>0x131</size>
         <input_file_ref idref="fl-e9"/>
      </object_component>
      <object_component id="oc-290">
         <name>.debug_info</name>
         <load_address>0x109f7</load_address>
         <run_address>0x109f7</run_address>
         <size>0x141</size>
         <input_file_ref idref="fl-ea"/>
      </object_component>
      <object_component id="oc-390">
         <name>.debug_info</name>
         <load_address>0x10b38</load_address>
         <run_address>0x10b38</run_address>
         <size>0x12f</size>
         <input_file_ref idref="fl-eb"/>
      </object_component>
      <object_component id="oc-33b">
         <name>.debug_info</name>
         <load_address>0x10c67</load_address>
         <run_address>0x10c67</run_address>
         <size>0x125</size>
         <input_file_ref idref="fl-ec"/>
      </object_component>
      <object_component id="oc-340">
         <name>.debug_info</name>
         <load_address>0x10d8c</load_address>
         <run_address>0x10d8c</run_address>
         <size>0x137</size>
         <input_file_ref idref="fl-ed"/>
      </object_component>
      <object_component id="oc-3c3">
         <name>.debug_info</name>
         <load_address>0x10ec3</load_address>
         <run_address>0x10ec3</run_address>
         <size>0x289</size>
         <input_file_ref idref="fl-ee"/>
      </object_component>
      <object_component id="oc-3c0">
         <name>.debug_info</name>
         <load_address>0x1114c</load_address>
         <run_address>0x1114c</run_address>
         <size>0x10e</size>
         <input_file_ref idref="fl-ee"/>
      </object_component>
      <object_component id="oc-2f8">
         <name>.debug_info</name>
         <load_address>0x1125a</load_address>
         <run_address>0x1125a</run_address>
         <size>0x14e</size>
         <input_file_ref idref="fl-ee"/>
      </object_component>
      <object_component id="oc-3fb">
         <name>.debug_info</name>
         <load_address>0x113a8</load_address>
         <run_address>0x113a8</run_address>
         <size>0x161</size>
         <input_file_ref idref="fl-ef"/>
      </object_component>
      <object_component id="oc-181">
         <name>.debug_info</name>
         <load_address>0x11509</load_address>
         <run_address>0x11509</run_address>
         <size>0x240</size>
         <input_file_ref idref="fl-f0"/>
      </object_component>
      <object_component id="oc-17e">
         <name>.debug_info</name>
         <load_address>0x11749</load_address>
         <run_address>0x11749</run_address>
         <size>0x15b</size>
         <input_file_ref idref="fl-f0"/>
      </object_component>
      <object_component id="oc-9d">
         <name>.debug_info</name>
         <load_address>0x118a4</load_address>
         <run_address>0x118a4</run_address>
         <size>0x2a3</size>
         <input_file_ref idref="fl-f0"/>
      </object_component>
      <object_component id="oc-186">
         <name>.debug_info</name>
         <load_address>0x11b47</load_address>
         <run_address>0x11b47</run_address>
         <size>0x2b3</size>
         <input_file_ref idref="fl-f0"/>
      </object_component>
      <object_component id="oc-18c">
         <name>.debug_info</name>
         <load_address>0x11dfa</load_address>
         <run_address>0x11dfa</run_address>
         <size>0x316</size>
         <input_file_ref idref="fl-f0"/>
      </object_component>
      <object_component id="oc-85">
         <name>.debug_info</name>
         <load_address>0x12110</load_address>
         <run_address>0x12110</run_address>
         <size>0x27b</size>
         <input_file_ref idref="fl-f0"/>
      </object_component>
      <object_component id="oc-a3">
         <name>.debug_info</name>
         <load_address>0x1238b</load_address>
         <run_address>0x1238b</run_address>
         <size>0x27d</size>
         <input_file_ref idref="fl-f0"/>
      </object_component>
      <object_component id="oc-a9">
         <name>.debug_info</name>
         <load_address>0x12608</load_address>
         <run_address>0x12608</run_address>
         <size>0x279</size>
         <input_file_ref idref="fl-f0"/>
      </object_component>
      <object_component id="oc-97">
         <name>.debug_info</name>
         <load_address>0x12881</load_address>
         <run_address>0x12881</run_address>
         <size>0x2b7</size>
         <input_file_ref idref="fl-f0"/>
      </object_component>
      <object_component id="oc-79">
         <name>.debug_info</name>
         <load_address>0x12b38</load_address>
         <run_address>0x12b38</run_address>
         <size>0x280</size>
         <input_file_ref idref="fl-f0"/>
      </object_component>
      <object_component id="oc-177">
         <name>.debug_info</name>
         <load_address>0x12db8</load_address>
         <run_address>0x12db8</run_address>
         <size>0x18b</size>
         <input_file_ref idref="fl-f0"/>
      </object_component>
      <object_component id="oc-1f7">
         <name>.debug_info</name>
         <load_address>0x12f43</load_address>
         <run_address>0x12f43</run_address>
         <size>0x20e</size>
         <input_file_ref idref="fl-f1"/>
      </object_component>
      <object_component id="oc-1f4">
         <name>.debug_info</name>
         <load_address>0x13151</load_address>
         <run_address>0x13151</run_address>
         <size>0x210</size>
         <input_file_ref idref="fl-f1"/>
      </object_component>
      <object_component id="oc-120">
         <name>.debug_info</name>
         <load_address>0x13361</load_address>
         <run_address>0x13361</run_address>
         <size>0x268</size>
         <input_file_ref idref="fl-f1"/>
      </object_component>
      <object_component id="oc-1b8">
         <name>.debug_info</name>
         <load_address>0x135c9</load_address>
         <run_address>0x135c9</run_address>
         <size>0x1ed</size>
         <input_file_ref idref="fl-f2"/>
      </object_component>
      <object_component id="oc-e4">
         <name>.debug_info</name>
         <load_address>0x137b6</load_address>
         <run_address>0x137b6</run_address>
         <size>0x2f6</size>
         <input_file_ref idref="fl-f2"/>
      </object_component>
      <object_component id="oc-f0">
[...]
         <object_component_ref idref="oc-136"/>
      </symbol>
      <symbol id="sm-e9">
         <name>base</name>
         <value>0x20000420</value>
         <object_component_ref idref="oc-136"/>
      </symbol>
      <symbol id="sm-ea">
         <name>disablePins</name>
         <value>0x1d49</value>
         <object_component_ref idref="oc-2a"/>
      </symbol>
      <symbol id="sm-eb">
         <name>init_StepPin</name>
         <value>0x1833</value>
         <object_component_ref idref="oc-2a"/>
      </symbol>
      <symbol id="sm-ec">
         <name>UART1Send</name>
         <value>0x1e29</value>
         <object_component_ref idref="oc-2a"/>
      </symbol>
      <symbol id="sm-ed">
         <name>init_U1</name>
         <value>0x1da3</value>
         <object_component_ref idref="oc-2a"/>
      </symbol>
      <symbol id="sm-ee">
         <name>endEffectorOnOff</name>
         <value>0x20000428</value>
         <object_component_ref idref="oc-136"/>
      </symbol>
      <symbol id="sm-ef">
         <name>init_Timer01</name>
         <value>0x1931</value>
         <object_component_ref idref="oc-2a"/>
      </symbol>
      <symbol id="sm-f0">
         <name>init_Timer03</name>
         <value>0x1f93</value>
         <object_component_ref idref="oc-2a"/>
      </symbol>
      <symbol id="sm-f1">
         <name>UART0Send</name>
         <value>0x1e57</value>
         <object_component_ref idref="oc-2a"/>
      </symbol>
      <symbol id="sm-f2">
         <name>setPWM01</name>
         <value>0x1a81</value>
         <object_component_ref idref="oc-2a"/>
      </symbol>
      <symbol id="sm-f3">
         <name>UARTIntHandler</name>
         <value>0x1e89</value>
         <object_component_ref idref="oc-2a"/>
      </symbol>
      <symbol id="sm-f4">
         <name>main</name>
         <value>0x2091</value>
         <object_component_ref idref="oc-2a"/>
      </symbol>
      <symbol id="sm-f5">
         <name>setEndeffector</name>
         <value>0x1d11</value>
         <object_component_ref idref="oc-2a"/>
      </symbol>
      <symbol id="sm-f6">
         <name>setDirection</name>
         <value>0x1c85</value>
         <object_component_ref idref="oc-2a"/>
      </symbol>
      <symbol id="sm-f7">
         <name>InitConsole</name>
         <value>0x17bd</value>
         <object_component_ref idref="oc-2a"/>
      </symbol>
      <symbol id="sm-f8">
         <name>UART1Read</name>
         <value>0x1df7</value>
         <object_component_ref idref="oc-2a"/>
      </symbol>
      <symbol id="sm-f9">
         <name>InitConsole0</name>
         <value>0x17f7</value>
         <object_component_ref idref="oc-2a"/>
      </symbol>
      <symbol id="sm-fa">
         <name>init_PWM01</name>
         <value>0x19dd</value>
         <object_component_ref idref="oc-2a"/>
      </symbol>
      <symbol id="sm-fb">
         <name>Timer3IntHandler</name>
         <value>0x2001</value>
         <object_component_ref idref="oc-2a"/>
      </symbol>
      <symbol id="sm-fc">
         <name>setTimer01</name>
         <value>0x1b69</value>
         <object_component_ref idref="oc-2a"/>
      </symbol>
      <symbol id="sm-11f">
         <name>ResetISR</name>
         <value>0x4c21</value>
         <object_component_ref idref="oc-24"/>
      </symbol>
      <symbol id="sm-120">
         <name>g_pfnVectors</name>
         <value>0x0</value>
         <object_component_ref idref="oc-f"/>
      </symbol>
      <symbol id="sm-192">
         <name>UARTgetc</name>
         <value>0x238d</value>
         <object_component_ref idref="oc-89"/>
      </symbol>
      <symbol id="sm-193">
         <name>UARTgets</name>
         <value>0x22c7</value>
         <object_component_ref idref="oc-89"/>
      </symbol>
      <symbol id="sm-194">
         <name>UARTStdioConfig</name>
         <value>0x2215</value>
         <object_component_ref idref="oc-89"/>
      </symbol>
      <symbol id="sm-195">
         <name>UARTwrite</name>
         <value>0x2275</value>
         <object_component_ref idref="oc-89"/>
      </symbol>
      <symbol id="sm-196">
         <name>UARTprintf</name>
         <value>0x26bb</value>
         <object_component_ref idref="oc-89"/>
      </symbol>
      <symbol id="sm-197">
         <name>UARTvprintf</name>
         <value>0x23c1</value>
         <object_component_ref idref="oc-89"/>
      </symbol>
      <symbol id="sm-1a6">
         <name>__aeabi_uidivmod</name>
         <value>0x47f9</value>
         <object_component_ref idref="oc-19a"/>
      </symbol>
      <symbol id="sm-1a7">
         <name>__aeabi_uidiv</name>
         <value>0x47f9</value>
         <object_component_ref idref="oc-19a"/>
      </symbol>
      <symbol id="sm-1b6">
         <name>__aeabi_memset</name>
         <value>0x428b</value>
         <object_component_ref idref="oc-131"/>
      </symbol>
      <symbol id="sm-1b7">
         <name>memset</name>
         <value>0x4291</value>
         <object_component_ref idref="oc-131"/>
      </symbol>
      <symbol id="sm-1b8">
         <name>__aeabi_memset8</name>
         <value>0x428b</value>
         <object_component_ref idref="oc-131"/>
      </symbol>
      <symbol id="sm-1b9">
         <name>__aeabi_memset4</name>
         <value>0x428b</value>
         <object_component_ref idref="oc-131"/>
      </symbol>
      <symbol id="sm-1ba">
         <name>__aeabi_memclr8</name>
         <value>0x4289</value>
         <object_component_ref idref="oc-131"/>
      </symbol>
      <symbol id="sm-1bb">
         <name>__aeabi_memclr4</name>
         <value>0x4289</value>
         <object_component_ref idref="oc-131"/>
      </symbol>
      <symbol id="sm-1bc">
         <name>__aeabi_memclr</name>
         <value>0x4289</value>
         <object_component_ref idref="oc-131"/>
      </symbol>
      <symbol id="sm-1d5">
         <name>__TI_zero_init_nomemset</name>
         <value>0x4bb9</value>
         <object_component_ref idref="oc-4a"/>
      </symbol>
      <symbol id="sm-1ec">
         <name>__TI_decompress_none</name>
         <value>0x4bfb</value>
         <object_component_ref idref="oc-18"/>
      </symbol>
      <symbol id="sm-20f">
         <name>__TI_decompress_lzss</name>
         <value>0x44b1</value>
         <object_component_ref idref="oc-12"/>
      </symbol>
      <symbol id="sm-222">
         <name>__stack</name>
         <value>0x20000000</value>
         <object_component_ref idref="oc-21"/>
      </symbol>
      <symbol id="sm-223">
         <name>_c_int00_noargs</name>
         <value>0x48f1</value>
         <object_component_ref idref="oc-5c"/>
      </symbol>
      <symbol id="sm-22e">
         <name>C$$EXIT</name>
         <value>0x4c7f</value>
         <object_component_ref idref="oc-214"/>
      </symbol>
      <symbol id="sm-22f">
         <name>abort</name>
         <value>0x4c7f</value>
         <object_component_ref idref="oc-214"/>
      </symbol>
      <symbol id="sm-258">
         <name>sprintf</name>
         <value>0x4839</value>
         <object_component_ref idref="oc-113"/>
      </symbol>
      <symbol id="sm-28f">
         <name>sscanf</name>
         <value>0x4929</value>
         <object_component_ref idref="oc-10d"/>
      </symbol>
      <symbol id="sm-299">
         <name>__aeabi_idiv0</name>
         <value>0x17bb</value>
         <object_component_ref idref="oc-267"/>
      </symbol>
      <symbol id="sm-29a">
         <name>__aeabi_ldiv0</name>
         <value>0x17bb</value>
         <object_component_ref idref="oc-267"/>
      </symbol>
      <symbol id="sm-2b5">
         <name>memcpy</name>
         <value>0x404b</value>
         <object_component_ref idref="oc-3e"/>
      </symbol>
      <symbol id="sm-2b6">
         <name>__aeabi_memcpy</name>
         <value>0x404b</value>
         <object_component_ref idref="oc-3e"/>
      </symbol>
      <symbol id="sm-2b7">
         <name>__aeabi_memcpy8</name>
         <value>0x404b</value>
         <object_component_ref idref="oc-3e"/>
      </symbol>
      <symbol id="sm-2b8">
         <name>__aeabi_memcpy4</name>
         <value>0x404b</value>
         <object_component_ref idref="oc-3e"/>
      </symbol>
      <symbol id="sm-2e0">
         <name>__TI_auto_init_nobinit_nopinit</name>
         <value>0x47b5</value>
         <object_component_ref idref="oc-220"/>
      </symbol>
      <symbol id="sm-2ea">
         <name>_system_pre_init</name>
         <value>0x4c7b</value>
         <object_component_ref idref="oc-164"/>
      </symbol>
      <symbol id="sm-450">
         <name>__TI_printfi</name>
         <value>0xd5d</value>
         <object_component_ref idref="oc-1db"/>
      </symbol>
      <symbol id="sm-501">
         <name>__TI_scanfi</name>
         <value>0x26d</value>
         <object_component_ref idref="oc-1c1"/>
      </symbol>
      <symbol id="sm-517">
         <name>atoi</name>
         <value>0x46d9</value>
         <object_component_ref idref="oc-2a8"/>
      </symbol>
      <symbol id="sm-522">
         <name>_ctypes_</name>
         <value>0x4c88</value>
         <object_component_ref idref="oc-29f"/>
      </symbol>
      <symbol id="sm-531">
         <name>ltoa</name>
         <value>0x4633</value>
         <object_component_ref idref="oc-389"/>
      </symbol>
      <symbol id="sm-541">
         <name>memccpy</name>
         <value>0x4a2d</value>
         <object_component_ref idref="oc-2eb"/>
      </symbol>
      <symbol id="sm-551">
         <name>strchr</name>
         <value>0x4ac1</value>
         <object_component_ref idref="oc-2b4"/>
      </symbol>
      <symbol id="sm-55f">
         <name>strcpy</name>
         <value>0x4b01</value>
         <object_component_ref idref="oc-276"/>
      </symbol>
      <symbol id="sm-56d">
         <name>strlen</name>
         <value>0x4b15</value>
         <object_component_ref idref="oc-2a2"/>
      </symbol>
      <symbol id="sm-57c">
         <name>strrchr</name>
         <value>0x4aa9</value>
         <object_component_ref idref="oc-2ae"/>
      </symbol>
      <symbol id="sm-5dc">
         <name>strtold</name>
         <value>0x26f1</value>
         <object_component_ref idref="oc-288"/>
      </symbol>
      <symbol id="sm-5dd">
         <name>strtod</name>
         <value>0x26f1</value>
         <object_component_ref idref="oc-288"/>
      </symbol>
      <symbol id="sm-601">
         <name>strtol</name>
         <value>0x3825</value>
         <object_component_ref idref="oc-293"/>
      </symbol>
      <symbol id="sm-627">
         <name>strtoll</name>
         <value>0x2dc1</value>
         <object_component_ref idref="oc-299"/>
      </symbol>
      <symbol id="sm-647">
         <name>strtoul</name>
         <value>0x3c99</value>
         <object_component_ref idref="oc-282"/>
      </symbol>
      <symbol id="sm-66a">
         <name>strtoull</name>
         <value>0x3325</value>
         <object_component_ref idref="oc-27c"/>
      </symbol>
      <symbol id="sm-683">
         <name>wcslen</name>
         <value>0x4bcb</value>
         <object_component_ref idref="oc-2f1"/>
      </symbol>
      <symbol id="sm-6a3">
         <name>frexpl</name>
         <value>0x4519</value>
         <object_component_ref idref="oc-3af"/>
      </symbol>
      <symbol id="sm-6a4">
         <name>frexp</name>
         <value>0x4519</value>
         <object_component_ref idref="oc-3af"/>
      </symbol>
      <symbol id="sm-6c1">
         <name>scalbn</name>
         <value>0x3b89</value>
         <object_component_ref idref="oc-355"/>
      </symbol>
      <symbol id="sm-6c2">
         <name>scalbnl</name>
         <value>0x3b89</value>
         <object_component_ref idref="oc-355"/>
      </symbol>
      <symbol id="sm-6c3">
         <name>ldexpl</name>
         <value>0x3b89</value>
         <object_component_ref idref="oc-355"/>
      </symbol>
      <symbol id="sm-6c4">
         <name>ldexp</name>
         <value>0x3b89</value>
         <object_component_ref idref="oc-355"/>
      </symbol>
      <symbol id="sm-6db">
         <name>__aeabi_dsub</name>
         <value>0x316d</value>
         <object_component_ref idref="oc-34b"/>
      </symbol>
      <symbol id="sm-6dc">
         <name>__aeabi_dadd</name>
         <value>0x3177</value>
         <object_component_ref idref="oc-34b"/>
      </symbol>
      <symbol id="sm-6fe">
         <name>__aeabi_cdcmpeq</name>
         <value>0x417d</value>
         <object_component_ref idref="oc-2ce"/>
      </symbol>
      <symbol id="sm-6ff">
         <name>__aeabi_cdcmple</name>
         <value>0x417d</value>
         <object_component_ref idref="oc-2ce"/>
      </symbol>
      <symbol id="sm-700">
         <name>__aeabi_cdrcmple</name>
         <value>0x4203</value>
         <object_component_ref idref="oc-37f"/>
      </symbol>
      <symbol id="sm-714">
         <name>__aeabi_ddiv</name>
         <value>0x35bd</value>
         <object_component_ref idref="oc-350"/>
      </symbol>
      <symbol id="sm-71f">
         <name>__aeabi_dmul</name>
         <value>0x3da9</value>
         <object_component_ref idref="oc-346"/>
      </symbol>
      <symbol id="sm-729">
         <name>__aeabi_d2iz</name>
         <value>0x476d</value>
         <object_component_ref idref="oc-384"/>
      </symbol>
      <symbol id="sm-735">
         <name>__aeabi_d2f</name>
         <value>0x4371</value>
         <object_component_ref idref="oc-28e"/>
      </symbol>
      <symbol id="sm-73f">
         <name>__aeabi_i2d</name>
         <value>0x4995</value>
         <object_component_ref idref="oc-38f"/>
      </symbol>
      <symbol id="sm-748">
         <name>__aeabi_lmul</name>
         <value>0x4a91</value>
         <object_component_ref idref="oc-338"/>
      </symbol>
      <symbol id="sm-755">
         <name>__aeabi_uldivmod</name>
         <value>0x40e7</value>
         <object_component_ref idref="oc-33d"/>
      </symbol>
      <symbol id="sm-76b">
         <name>__aeabi_errno_addr</name>
         <value>0x4c55</value>
         <object_component_ref idref="oc-2f7"/>
      </symbol>
      <symbol id="sm-76c">
         <name>errno</name>
         <value>0x20000434</value>
         <object_component_ref idref="oc-3bf"/>
      </symbol>
      <symbol id="sm-776">
         <name>copysign</name>
         <value>0x4aed</value>
         <object_component_ref idref="oc-3f7"/>
      </symbol>
      <symbol id="sm-777">
         <name>copysignl</name>
         <value>0x4aed</value>
         <object_component_ref idref="oc-3f7"/>
      </symbol>
      <symbol id="sm-7ce">
         <name>GPIOPinTypePWM</name>
         <value>0x4b29</value>
         <object_component_ref idref="oc-a7"/>
      </symbol>
      <symbol id="sm-7cf">
         <name>GPIOPinConfigure</name>
         <value>0x4725</value>
         <object_component_ref idref="oc-77"/>
      </symbol>
      <symbol id="sm-7d0">
         <name>GPIOPinTypeUART</name>
         <value>0x4b4d</value>
         <object_component_ref idref="oc-83"/>
      </symbol>
      <symbol id="sm-7d1">
         <name>GPIOPinTypeGPIOOutput</name>
         <value>0x4a49</value>
         <object_component_ref idref="oc-95"/>
      </symbol>
      <symbol id="sm-7d2">
         <name>GPIODirModeSet</name>
         <value>0x49c3</value>
         <object_component_ref idref="oc-184"/>
      </symbol>
      <symbol id="sm-7d3">
         <name>GPIOPinWrite</name>
         <value>0x4c65</value>
         <object_component_ref idref="oc-9b"/>
      </symbol>
      <symbol id="sm-7d4">
         <name>GPIOPadConfigSet</name>
         <value>0x36f3</value>
         <object_component_ref idref="oc-18a"/>
      </symbol>
      <symbol id="sm-7d5">
         <name>GPIOPinTypeTimer</name>
         <value>0x4b3b</value>
         <object_component_ref idref="oc-a1"/>
      </symbol>
      <symbol id="sm-7fc">
         <name>IntEnable</name>
         <value>0x43e1</value>
         <object_component_ref idref="oc-11f"/>
      </symbol>
      <symbol id="sm-839">
         <name>PWMGenPeriodSet</name>
         <value>0x4bdd</value>
         <object_component_ref idref="oc-dd"/>
      </symbol>
      <symbol id="sm-83a">
         <name>PWMGenDisable</name>
         <value>0x4c09</value>
         <object_component_ref idref="oc-f5"/>
      </symbol>
      <symbol id="sm-83b">
         <name>PWMPulseWidthSet</name>
         <value>0x4a0f</value>
         <object_component_ref idref="oc-e3"/>
      </symbol>
      <symbol id="sm-83c">
         <name>PWMGenPeriodGet</name>
         <value>0x4b5f</value>
         <object_component_ref idref="oc-fb"/>
      </symbol>
      <symbol id="sm-83d">
         <name>PWMOutputState</name>
         <value>0x4b71</value>
         <object_component_ref idref="oc-ef"/>
      </symbol>
      <symbol id="sm-83e">
         <name>PWMGenEnable</name>
         <value>0x4c15</value>
         <object_component_ref idref="oc-e9"/>
      </symbol>
      <symbol id="sm-83f">
         <name>PWMGenConfigure</name>
         <value>0x49ed</value>
         <object_component_ref idref="oc-d7"/>
      </symbol>
      <symbol id="sm-8a6">
         <name>SysCtlClockSet</name>
         <value>0x3ea5</value>
         <object_component_ref idref="oc-cb"/>
      </symbol>
      <symbol id="sm-8a7">
         <name>SysCtlDelay</name>
         <value>0x4c6b</value>
         <object_component_ref idref="oc-1b4"/>
      </symbol>
      <symbol id="sm-8a8">
         <name>SysCtlPeripheralEnable</name>
         <value>0x4961</value>
         <object_component_ref idref="oc-71"/>
      </symbol>
      <symbol id="sm-8a9">
         <name>SysCtlClockGet</name>
         <value>0x3a79</value>
         <object_component_ref idref="oc-119"/>
      </symbol>
      <symbol id="sm-8aa">
         <name>SysCtlPWMClockSet</name>
         <value>0x4ad9</value>
         <object_component_ref idref="oc-d1"/>
      </symbol>
      <symbol id="sm-8ab">
         <name>SysCtlPeripheralReady</name>
         <value>0x48b9</value>
         <object_component_ref idref="oc-8f"/>
      </symbol>
      <symbol id="sm-8f9">
         <name>TimerMatchSet</name>
         <value>0x4b95</value>
         <object_component_ref idref="oc-bf"/>
      </symbol>
      <symbol id="sm-8fa">
         <name>TimerLoadSet</name>
         <value>0x4b83</value>
         <object_component_ref idref="oc-b3"/>
      </symbol>
      <symbol id="sm-8fb">
         <name>TimerDisable</name>
         <value>0x4a61</value>
         <object_component_ref idref="oc-101"/>
      </symbol>
      <symbol id="sm-8fc">
         <name>TimerEnable</name>
         <value>0x4bed</value>
         <object_component_ref idref="oc-c5"/>
      </symbol>
      <symbol id="sm-8fd">
         <name>TimerLoadGet</name>
         <value>0x4c2d</value>
         <object_component_ref idref="oc-b9"/>
      </symbol>
      <symbol id="sm-8fe">
         <name>TimerIntEnable</name>
         <value>0x4c4b</value>
         <object_component_ref idref="oc-125"/>
      </symbol>
      <symbol id="sm-8ff">
         <name>TimerConfigure</name>
         <value>0x457d</value>
         <object_component_ref idref="oc-ad"/>
      </symbol>
      <symbol id="sm-900">
         <name>TimerIntClear</name>
         <value>0x4c77</value>
         <object_component_ref idref="oc-12b"/>
      </symbol>
      <symbol id="sm-916">
         <name>UARTClockSourceSet</name>
         <value>0x4c71</value>
         <object_component_ref idref="oc-7d"/>
      </symbol>
      <symbol id="sm-917">
         <name>UARTCharGet</name>
         <value>0x4c37</value>
         <object_component_ref idref="oc-107"/>
      </symbol>
      <symbol id="sm-919">
         <name>__TI_static_base__</name>
         <value>0x0</value>
      </symbol>
      <symbol id="sm-91c">
         <name>__mpu_init</name>
         <value>0x0</value>
      </symbol>
      <symbol id="sm-91d">
         <name>_system_post_cinit</name>
         <value>0x0</value>
      </symbol>
   </symbol_table>
   <title>Link successful</title>
</link_info>
