<?xml version="1.0" encoding="ISO-8859-1" ?>
<link_info>
   <banner>TI ARM Linker PC v18.1.4.LTS</banner>
   <copyright>Copyright (c) 1996-2018 Texas Instruments Incorporated</copyright>
   <link_time>0x5cf5866d</link_time>
   <link_errors>0x0</link_errors>
   <output_file>StepMotorDriver.out</output_file>
   <entry_point>
      <name>_c_int00_noargs</name>
      <address>0x49fd</address>
   </entry_point>
   <input_file_list>
      <input_file id="fl-2">
         <path>.\</path>
         <kind>object</kind>
         <file>hello.obj</file>
         <name>hello.obj</name>
      </input_file>
      <input_file id="fl-3">
         <path>.\</path>
         <kind>object</kind>
         <file>main.obj</file>
         <name>main.obj</name>
      </input_file>
      <input_file id="fl-4">
         <path>.\</path>
         <kind>object</kind>
         <file>pwmTest.obj</file>
         <name>pwmTest.obj</name>
      </input_file>
      <input_file id="fl-5">
         <path>.\</path>
         <kind>object</kind>
         <file>pwmTest2.obj</file>
         <name>pwmTest2.obj</name>
      </input_file>
      <input_file id="fl-6">
         <path>.\</path>
         <kind>object</kind>
         <file>tm4c123gh6pm_startup_ccs.obj</file>
         <name>tm4c123gh6pm_startup_ccs.obj</name>
      </input_file>
      <input_file id="fl-7">
         <path>.\</path>
         <kind>object</kind>
         <file>uartTest.obj</file>
         <name>uartTest.obj</name>
      </input_file>
      <input_file id="fl-8">
         <path>.\</path>
         <kind>object</kind>
         <file>uartstdio.obj</file>
         <name>uartstdio.obj</name>
      </input_file>
      <input_file id="fl-d">
         <kind>object</kind>
         <file>&lt;internal&gt;</file>
         <name>&lt;internal&gt;</name>
      </input_file>
      <input_file id="fl-c3">
         <path>D:\workSpaceLin\CCSLin\ccsv8\tools\compiler\ti-cgt-arm_18.1.4.LTS\lib\</path>
         <kind>archive</kind>
         <file>rtsv7M4_T_le_v4SPD16_eabi.lib</file>
         <name>u_divt2.asm.obj</name>
      </input_file>
      <input_file id="fl-c4">
         <path>D:\workSpaceLin\CCSLin\ccsv8\tools\compiler\ti-cgt-arm_18.1.4.LTS\lib\</path>
         <kind>archive</kind>
         <file>rtsv7M4_T_le_v4SPD16_eabi.lib</file>
         <name>memset_t2.asm.obj</name>
      </input_file>
      <input_file id="fl-c5">
         <path>D:\workSpaceLin\CCSLin\ccsv8\tools\compiler\ti-cgt-arm_18.1.4.LTS\lib\</path>
         <kind>archive</kind>
         <file>rtsv7M4_T_le_v4SPD16_eabi.lib</file>
         <name>copy_zero_init.c.obj</name>
      </input_file>
      <input_file id="fl-c6">
         <path>D:\workSpaceLin\CCSLin\ccsv8\tools\compiler\ti-cgt-arm_18.1.4.LTS\lib\</path>
         <kind>archive</kind>
         <file>rtsv7M4_T_le_v4SPD16_eabi.lib</file>
         <name>copy_decompress_none.c.obj</name>
      </input_file>
      <input_file id="fl-c7">
         <path>D:\workSpaceLin\CCSLin\ccsv8\tools\compiler\ti-cgt-arm_18.1.4.LTS\lib\</path>
         <kind>archive</kind>
         <file>rtsv7M4_T_le_v4SPD16_eabi.lib</file>
         <name>copy_decompress_lzss.c.obj</name>
      </input_file>
      <input_file id="fl-c8">
         <path>D:\workSpaceLin\CCSLin\ccsv8\tools\compiler\ti-cgt-arm_18.1.4.LTS\lib\</path>
         <kind>archive</kind>
         <file>rtsv7M4_T_le_v4SPD16_eabi.lib</file>
         <name>boot_cortex_m.c.obj</name>
      </input_file>
      <input_file id="fl-c9">
         <path>D:\workSpaceLin\CCSLin\ccsv8\tools\compiler\ti-cgt-arm_18.1.4.LTS\lib\</path>
         <kind>archive</kind>
         <file>rtsv7M4_T_le_v4SPD16_eabi.lib</file>
         <name>exit.c.obj</name>
      </input_file>
      <input_file id="fl-ca">
         <path>D:\workSpaceLin\CCSLin\ccsv8\tools\compiler\ti-cgt-arm_18.1.4.LTS\lib\</path>
         <kind>archive</kind>
         <file>rtsv7M4_T_le_v4SPD16_eabi.lib</file>
         <name>_lock.c.obj</name>
      </input_file>
      <input_file id="fl-cb">
         <path>D:\workSpaceLin\CCSLin\ccsv8\tools\compiler\ti-cgt-arm_18.1.4.LTS\lib\</path>
         <kind>archive</kind>
         <file>rtsv7M4_T_le_v4SPD16_eabi.lib</file>
         <name>args_main.c.obj</name>
      </input_file>
      <input_file id="fl-cc">
         <path>D:\workSpaceLin\CCSLin\ccsv8\tools\compiler\ti-cgt-arm_18.1.4.LTS\lib\</path>
         <kind>archive</kind>
         <file>rtsv7M4_T_le_v4SPD16_eabi.lib</file>
         <name>sprintf.c.obj</name>
      </input_file>
      <input_file id="fl-cd">
         <path>D:\workSpaceLin\CCSLin\ccsv8\tools\compiler\ti-cgt-arm_18.1.4.LTS\lib\</path>
         <kind>archive</kind>
         <file>rtsv7M4_T_le_v4SPD16_eabi.lib</file>
         <name>sscanf.c.obj</name>
      </input_file>
      <input_file id="fl-ce">
         <path>D:\workSpaceLin\CCSLin\ccsv8\tools\compiler\ti-cgt-arm_18.1.4.LTS\lib\</path>
         <kind>archive</kind>
         <file>rtsv7M4_T_le_v4SPD16_eabi.lib</file>
         <name>div0.asm.obj</name>
      </input_file>
      <input_file id="fl-cf">
         <path>D:\workSpaceLin\CCSLin\ccsv8\tools\compiler\ti-cgt-arm_18.1.4.LTS\lib\</path>
         <kind>archive</kind>
         <file>rtsv7M4_T_le_v4SPD16_eabi.lib</file>
         <name>memcpy_t2.asm.obj</name>
      </input_file>
      <input_file id="fl-d0">
         <path>D:\workSpaceLin\CCSLin\ccsv8\tools\compiler\ti-cgt-arm_18.1.4.LTS\lib\</path>
         <kind>archive</kind>
         <file>rtsv7M4_T_le_v4SPD16_eabi.lib</file>
         <name>autoinit.c.obj</name>
      </input_file>
      <input_file id="fl-d1">
         <path>D:\workSpaceLin\CCSLin\ccsv8\tools\compiler\ti-cgt-arm_18.1.4.LTS\lib\</path>
         <kind>archive</kind>
         <file>rtsv7M4_T_le_v4SPD16_eabi.lib</file>
         <name>pre_init.c.obj</name>
      </input_file>
      <input_file id="fl-d2">
         <path>D:\workSpaceLin\CCSLin\ccsv8\tools\compiler\ti-cgt-arm_18.1.4.LTS\lib\</path>
         <kind>archive</kind>
         <file>rtsv7M4_T_le_v4SPD16_eabi.lib</file>
         <name>cpy_tbl.c.obj</name>
      </input_file>
      <input_file id="fl-d3">
         <path>D:\workSpaceLin\CCSLin\ccsv8\tools\compiler\ti-cgt-arm_18.1.4.LTS\lib\</path>
         <kind>archive</kind>
         <file>rtsv7M4_T_le_v4SPD16_eabi.lib</file>
         <name>_printfi.c.obj</name>
      </input_file>
      <input_file id="fl-d4">
         <path>D:\workSpaceLin\CCSLin\ccsv8\tools\compiler\ti-cgt-arm_18.1.4.LTS\lib\</path>
         <kind>archive</kind>
         <file>rtsv7M4_T_le_v4SPD16_eabi.lib</file>
         <name>_scanfi.c.obj</name>
      </input_file>
      <input_file id="fl-d5">
         <path>D:\workSpaceLin\CCSLin\ccsv8\tools\compiler\ti-cgt-arm_18.1.4.LTS\lib\</path>
         <kind>archive</kind>
         <file>rtsv7M4_T_le_v4SPD16_eabi.lib</file>
         <name>atoi.c.obj</name>
      </input_file>
      <input_file id="fl-d6">
         <path>D:\workSpaceLin\CCSLin\ccsv8\tools\compiler\ti-cgt-arm_18.1.4.LTS\lib\</path>
         <kind>archive</kind>
         <file>rtsv7M4_T_le_v4SPD16_eabi.lib</file>
         <name>ctype.c.obj</name>
      </input_file>
      <input_file id="fl-d7">
         <path>D:\workSpaceLin\CCSLin\ccsv8\tools\compiler\ti-cgt-arm_18.1.4.LTS\lib\</path>
         <kind>archive</kind>
         <file>rtsv7M4_T_le_v4SPD16_eabi.lib</file>
         <name>ltoa.c.obj</name>
      </input_file>
      <input_file id="fl-d8">
         <path>D:\workSpaceLin\CCSLin\ccsv8\tools\compiler\ti-cgt-arm_18.1.4.LTS\lib\</path>
         <kind>archive</kind>
         <file>rtsv7M4_T_le_v4SPD16_eabi.lib</file>
         <name>memccpy.c.obj</name>
      </input_file>
      <input_file id="fl-d9">
         <path>D:\workSpaceLin\CCSLin\ccsv8\tools\compiler\ti-cgt-arm_18.1.4.LTS\lib\</path>
         <kind>archive</kind>
         <file>rtsv7M4_T_le_v4SPD16_eabi.lib</file>
         <name>strchr.c.obj</name>
      </input_file>
      <input_file id="fl-da">
         <path>D:\workSpaceLin\CCSLin\ccsv8\tools\compiler\ti-cgt-arm_18.1.4.LTS\lib\</path>
         <kind>archive</kind>
         <file>rtsv7M4_T_le_v4SPD16_eabi.lib</file>
         <name>strcpy.c.obj</name>
      </input_file>
      <input_file id="fl-db">
         <path>D:\workSpaceLin\CCSLin\ccsv8\tools\compiler\ti-cgt-arm_18.1.4.LTS\lib\</path>
         <kind>archive</kind>
         <file>rtsv7M4_T_le_v4SPD16_eabi.lib</file>
         <name>strlen.c.obj</name>
      </input_file>
      <input_file id="fl-dc">
         <path>D:\workSpaceLin\CCSLin\ccsv8\tools\compiler\ti-cgt-arm_18.1.4.LTS\lib\</path>
         <kind>archive</kind>
         <file>rtsv7M4_T_le_v4SPD16_eabi.lib</file>
         <name>strrchr.c.obj</name>
      </input_file>
      <input_file id="fl-dd">
         <path>D:\workSpaceLin\CCSLin\ccsv8\tools\compiler\ti-cgt-arm_18.1.4.LTS\lib\</path>
         <kind>archive</kind>
         <file>rtsv7M4_T_le_v4SPD16_eabi.lib</file>
         <name>strtod.c.obj</name>
      </input_file>
      <input_file id="fl-de">
         <path>D:\workSpaceLin\CCSLin\ccsv8\tools\compiler\ti-cgt-arm_18.1.4.LTS\lib\</path>
         <kind>archive</kind>
         <file>rtsv7M4_T_le_v4SPD16_eabi.lib</file>
         <name>strtol.c.obj</name>
      </input_file>
      <input_file id="fl-df">
         <path>D:\workSpaceLin\CCSLin\ccsv8\tools\compiler\ti-cgt-arm_18.1.4.LTS\lib\</path>
         <kind>archive</kind>
         <file>rtsv7M4_T_le_v4SPD16_eabi.lib</file>
         <name>strtoll.c.obj</name>
      </input_file>
      <input_file id="fl-e0">
         <path>D:\workSpaceLin\CCSLin\ccsv8\tools\compiler\ti-cgt-arm_18.1.4.LTS\lib\</path>
         <kind>archive</kind>
         <file>rtsv7M4_T_le_v4SPD16_eabi.lib</file>
         <name>strtoul.c.obj</name>
      </input_file>
      <input_file id="fl-e1">
         <path>D:\workSpaceLin\CCSLin\ccsv8\tools\compiler\ti-cgt-arm_18.1.4.LTS\lib\</path>
         <kind>archive</kind>
         <file>rtsv7M4_T_le_v4SPD16_eabi.lib</file>
         <name>strtoull.c.obj</name>
      </input_file>
      <input_file id="fl-e2">
         <path>D:\workSpaceLin\CCSLin\ccsv8\tools\compiler\ti-cgt-arm_18.1.4.LTS\lib\</path>
         <kind>archive</kind>
         <file>rtsv7M4_T_le_v4SPD16_eabi.lib</file>
         <name>wcslen.c.obj</name>
      </input_file>
      <input_file id="fl-e3">
         <path>D:\workSpaceLin\CCSLin\ccsv8\tools\compiler\ti-cgt-arm_18.1.4.LTS\lib\</path>
         <kind>archive</kind>
         <file>rtsv7M4_T_le_v4SPD16_eabi.lib</file>
         <name>s_frexp.c.obj</name>
      </input_file>
      <input_file id="fl-e4">
         <path>D:\workSpaceLin\CCSLin\ccsv8\tools\compiler\ti-cgt-arm_18.1.4.LTS\lib\</path>
         <kind>archive</kind>
         <file>rtsv7M4_T_le_v4SPD16_eabi.lib</file>
         <name>s_scalbn.c.obj</name>
      </input_file>
      <input_file id="fl-e5">
         <path>D:\workSpaceLin\CCSLin\ccsv8\tools\compiler\ti-cgt-arm_18.1.4.LTS\lib\</path>
         <kind>archive</kind>
         <file>rtsv7M4_T_le_v4SPD16_eabi.lib</file>
         <name>fd_add_t2.asm.obj</name>
      </input_file>
      <input_file id="fl-e6">
         <path>D:\workSpaceLin\CCSLin\ccsv8\tools\compiler\ti-cgt-arm_18.1.4.LTS\lib\</path>
         <kind>archive</kind>
         <file>rtsv7M4_T_le_v4SPD16_eabi.lib</file>
         <name>fd_cmp_t2.asm.obj</name>
      </input_file>
      <input_file id="fl-e7">
         <path>D:\workSpaceLin\CCSLin\ccsv8\tools\compiler\ti-cgt-arm_18.1.4.LTS\lib\</path>
         <kind>archive</kind>
         <file>rtsv7M4_T_le_v4SPD16_eabi.lib</file>
         <name>fd_div_t2.asm.obj</name>
      </input_file>
      <input_file id="fl-e8">
         <path>D:\workSpaceLin\CCSLin\ccsv8\tools\compiler\ti-cgt-arm_18.1.4.LTS\lib\</path>
         <kind>archive</kind>
         <file>rtsv7M4_T_le_v4SPD16_eabi.lib</file>
         <name>fd_mul_t2.asm.obj</name>
      </input_file>
      <input_file id="fl-e9">
         <path>D:\workSpaceLin\CCSLin\ccsv8\tools\compiler\ti-cgt-arm_18.1.4.LTS\lib\</path>
         <kind>archive</kind>
         <file>rtsv7M4_T_le_v4SPD16_eabi.lib</file>
         <name>fd_toi_t2.asm.obj</name>
      </input_file>
      <input_file id="fl-ea">
         <path>D:\workSpaceLin\CCSLin\ccsv8\tools\compiler\ti-cgt-arm_18.1.4.LTS\lib\</path>
         <kind>archive</kind>
         <file>rtsv7M4_T_le_v4SPD16_eabi.lib</file>
         <name>fd_tos_t2.asm.obj</name>
      </input_file>
      <input_file id="fl-eb">
         <path>D:\workSpaceLin\CCSLin\ccsv8\tools\compiler\ti-cgt-arm_18.1.4.LTS\lib\</path>
         <kind>archive</kind>
         <file>rtsv7M4_T_le_v4SPD16_eabi.lib</file>
         <name>i_tofd_t2.asm.obj</name>
      </input_file>
      <input_file id="fl-ec">
         <path>D:\workSpaceLin\CCSLin\ccsv8\tools\compiler\ti-cgt-arm_18.1.4.LTS\lib\</path>
         <kind>archive</kind>
         <file>rtsv7M4_T_le_v4SPD16_eabi.lib</file>
         <name>ll_mul_t2.asm.obj</name>
      </input_file>
      <input_file id="fl-ed">
         <path>D:\workSpaceLin\CCSLin\ccsv8\tools\compiler\ti-cgt-arm_18.1.4.LTS\lib\</path>
         <kind>archive</kind>
         <file>rtsv7M4_T_le_v4SPD16_eabi.lib</file>
         <name>ull_div_t2.asm.obj</name>
      </input_file>
      <input_file id="fl-ee">
         <path>D:\workSpaceLin\CCSLin\ccsv8\tools\compiler\ti-cgt-arm_18.1.4.LTS\lib\</path>
         <kind>archive</kind>
         <file>rtsv7M4_T_le_v4SPD16_eabi.lib</file>
         <name>errno.c.obj</name>
      </input_file>
      <input_file id="fl-ef">
         <path>D:\workSpaceLin\CCSLin\ccsv8\tools\compiler\ti-cgt-arm_18.1.4.LTS\lib\</path>
         <kind>archive</kind>
         <file>rtsv7M4_T_le_v4SPD16_eabi.lib</file>
         <name>s_copysign.c.obj</name>
      </input_file>
      <input_file id="fl-f0">
         <path>C:\ti\tivaware_c_series_2_1_4_178\driverlib\ccs\Debug\</path>
         <kind>archive</kind>
         <file>driverlib.lib</file>
         <name>gpio.obj</name>
      </input_file>
      <input_file id="fl-f1">
         <path>C:\ti\tivaware_c_series_2_1_4_178\driverlib\ccs\Debug\</path>
         <kind>archive</kind>
         <file>driverlib.lib</file>
         <name>interrupt.obj</name>
      </input_file>
      <input_file id="fl-f2">
         <path>C:\ti\tivaware_c_series_2_1_4_178\driverlib\ccs\Debug\</path>
         <kind>archive</kind>
         <file>driverlib.lib</file>
         <name>pwm.obj</name>
      </input_file>
      <input_file id="fl-f3">
         <path>C:\ti\tivaware_c_series_2_1_4_178\driverlib\ccs\Debug\</path>
         <kind>archive</kind>
         <file>driverlib.lib</file>
         <name>sysctl.obj</name>
      </input_file>
      <input_file id="fl-f4">
         <path>C:\ti\tivaware_c_series_2_1_4_178\driverlib\ccs\Debug\</path>
         <kind>archive</kind>
         <file>driverlib.lib</file>
         <name>timer.obj</name>
      </input_file>
      <input_file id="fl-f5">
         <path>C:\ti\tivaware_c_series_2_1_4_178\driverlib\ccs\Debug\</path>
         <kind>archive</kind>
         <file>driverlib.lib</file>
         <name>uart.obj</name>
      </input_file>
      <input_file id="fl-f6">
         <path>C:\ti\tivaware_c_series_2_1_4_178\driverlib\ccs\Debug\</path>
         <kind>archive</kind>
         <file>driverlib.lib</file>
         <name>cpu.obj</name>
      </input_file>
   </input_file_list>
   <object_component_list>
      <object_component id="oc-f">
         <name>.intvecs</name>
         <load_address>0x0</load_address>
         <run_address>0x0</run_address>
         <size>0x26c</size>
         <input_file_ref idref="fl-6"/>
      </object_component>
      <object_component id="oc-2a">
         <name>.text</name>
         <load_address>0x26c</load_address>
         <run_address>0x26c</run_address>
         <size>0xb64</size>
         <input_file_ref idref="fl-3"/>
      </object_component>
      <object_component id="oc-1c5">
         <name>.text:__TI_scanfi</name>
         <load_address>0xdd0</load_address>
         <run_address>0xdd0</run_address>
         <size>0xaf0</size>
         <input_file_ref idref="fl-d4"/>
      </object_component>
      <object_component id="oc-1df">
         <name>.text:__TI_printfi</name>
         <load_address>0x18c0</load_address>
         <run_address>0x18c0</run_address>
         <size>0xa5e</size>
         <input_file_ref idref="fl-d3"/>
      </object_component>
      <object_component id="oc-26c">
         <name>.text</name>
         <load_address>0x231e</load_address>
         <run_address>0x231e</run_address>
         <size>0x2</size>
         <input_file_ref idref="fl-ce"/>
      </object_component>
      <object_component id="oc-89">
         <name>.text</name>
         <load_address>0x2320</load_address>
         <run_address>0x2320</run_address>
         <size>0x4dc</size>
         <input_file_ref idref="fl-8"/>
      </object_component>
      <object_component id="oc-28d">
         <name>.text:strtod</name>
         <load_address>0x27fc</load_address>
         <run_address>0x27fc</run_address>
         <size>0x460</size>
         <input_file_ref idref="fl-dd"/>
      </object_component>
      <object_component id="oc-2ea">
         <name>.text:_pconv_a</name>
         <load_address>0x2c5c</load_address>
         <run_address>0x2c5c</run_address>
         <size>0x270</size>
         <input_file_ref idref="fl-d3"/>
      </object_component>
      <object_component id="oc-29e">
         <name>.text:strtoll</name>
         <load_address>0x2ecc</load_address>
         <run_address>0x2ecc</run_address>
         <size>0x1dc</size>
         <input_file_ref idref="fl-df"/>
      </object_component>
      <object_component id="oc-2d8">
         <name>.text:_pconv_g</name>
         <load_address>0x30a8</load_address>
         <run_address>0x30a8</run_address>
         <size>0x1d0</size>
         <input_file_ref idref="fl-d3"/>
      </object_component>
      <object_component id="oc-350">
         <name>.text</name>
         <load_address>0x3278</load_address>
         <run_address>0x3278</run_address>
         <size>0x1b6</size>
         <input_file_ref idref="fl-e5"/>
      </object_component>
      <object_component id="oc-281">
         <name>.text:strtoull</name>
         <load_address>0x3430</load_address>
         <run_address>0x3430</run_address>
         <size>0x15c</size>
         <input_file_ref idref="fl-e1"/>
      </object_component>
      <object_component id="oc-2e4">
         <name>.text:_pconv_e</name>
         <load_address>0x358c</load_address>
         <run_address>0x358c</run_address>
         <size>0x13c</size>
         <input_file_ref idref="fl-d3"/>
      </object_component>
      <object_component id="oc-355">
         <name>.text</name>
         <load_address>0x36c8</load_address>
         <run_address>0x36c8</run_address>
         <size>0x136</size>
         <input_file_ref idref="fl-e7"/>
      </object_component>
      <object_component id="oc-18d">
         <name>.text:GPIOPadConfigSet</name>
         <load_address>0x37fe</load_address>
         <run_address>0x37fe</run_address>
         <size>0x132</size>
         <input_file_ref idref="fl-f0"/>
      </object_component>
      <object_component id="oc-298">
         <name>.text:strtol</name>
         <load_address>0x3930</load_address>
         <run_address>0x3930</run_address>
         <size>0x130</size>
         <input_file_ref idref="fl-de"/>
      </object_component>
      <object_component id="oc-3a6">
         <name>.text:fcvt</name>
         <load_address>0x3a60</load_address>
         <run_address>0x3a60</run_address>
         <size>0x124</size>
         <input_file_ref idref="fl-d3"/>
      </object_component>
      <object_component id="oc-11e">
         <name>.text:SysCtlClockGet</name>
         <load_address>0x3b84</load_address>
         <run_address>0x3b84</run_address>
         <size>0x110</size>
         <input_file_ref idref="fl-f3"/>
      </object_component>
      <object_component id="oc-35a">
         <name>.text:scalbn</name>
         <load_address>0x3c94</load_address>
         <run_address>0x3c94</run_address>
         <size>0x110</size>
         <input_file_ref idref="fl-e4"/>
      </object_component>
      <object_component id="oc-287">
         <name>.text:strtoul</name>
         <load_address>0x3da4</load_address>
         <run_address>0x3da4</run_address>
         <size>0x110</size>
         <input_file_ref idref="fl-e0"/>
      </object_component>
      <object_component id="oc-34b">
         <name>.text</name>
         <load_address>0x3eb4</load_address>
         <run_address>0x3eb4</run_address>
         <size>0xfc</size>
         <input_file_ref idref="fl-e8"/>
      </object_component>
      <object_component id="oc-cb">
         <name>.text:SysCtlClockSet</name>
         <load_address>0x3fb0</load_address>
         <run_address>0x3fb0</run_address>
         <size>0xf4</size>
         <input_file_ref idref="fl-f3"/>
      </object_component>
      <object_component id="oc-2cd">
         <name>.text:_ltostr</name>
         <load_address>0x40a4</load_address>
         <run_address>0x40a4</run_address>
         <size>0xb1</size>
         <input_file_ref idref="fl-d3"/>
      </object_component>
      <object_component id="oc-3e">
         <name>.text</name>
         <load_address>0x4156</load_address>
         <run_address>0x4156</run_address>
         <size>0x9c</size>
         <input_file_ref idref="fl-cf"/>
      </object_component>
      <object_component id="oc-342">
         <name>.text</name>
         <load_address>0x41f2</load_address>
         <run_address>0x41f2</run_address>
         <size>0x96</size>
         <input_file_ref idref="fl-ed"/>
      </object_component>
      <object_component id="oc-2d3">
         <name>.text:__aeabi_cdcmple</name>
         <load_address>0x4288</load_address>
         <run_address>0x4288</run_address>
         <size>0x86</size>
         <input_file_ref idref="fl-e6"/>
      </object_component>
      <object_component id="oc-384">
         <name>.text:__aeabi_cdrcmple</name>
         <load_address>0x430e</load_address>
         <run_address>0x430e</run_address>
         <size>0x86</size>
         <input_file_ref idref="fl-e6"/>
      </object_component>
      <object_component id="oc-10d">
         <name>.text</name>
         <load_address>0x4394</load_address>
         <run_address>0x4394</run_address>
         <size>0x7a</size>
         <input_file_ref idref="fl-c4"/>
      </object_component>
      <object_component id="oc-39f">
         <name>.text:_mcpy</name>
         <load_address>0x440e</load_address>
         <run_address>0x440e</run_address>
         <size>0x6e</size>
         <input_file_ref idref="fl-d3"/>
      </object_component>
      <object_component id="oc-293">
         <name>.text</name>
         <load_address>0x447c</load_address>
         <run_address>0x447c</run_address>
         <size>0x6e</size>
         <input_file_ref idref="fl-ea"/>
      </object_component>
      <object_component id="oc-124">
         <name>.text:IntEnable</name>
         <load_address>0x44ec</load_address>
         <run_address>0x44ec</run_address>
         <size>0x68</size>
         <input_file_ref idref="fl-f1"/>
      </object_component>
      <object_component id="oc-1d7">
         <name>.text:_chkmbc</name>
         <load_address>0x4554</load_address>
         <run_address>0x4554</run_address>
         <size>0x68</size>
         <input_file_ref idref="fl-cd"/>
      </object_component>
      <object_component id="oc-12">
         <name>.text:decompress:lzss:__TI_decompress_lzss</name>
         <load_address>0x45bc</load_address>
         <run_address>0x45bc</run_address>
         <size>0x68</size>
         <input_file_ref idref="fl-c7"/>
      </object_component>
      <object_component id="oc-3b4">
         <name>.text:frexp</name>
         <load_address>0x4624</load_address>
         <run_address>0x4624</run_address>
         <size>0x64</size>
         <input_file_ref idref="fl-e3"/>
      </object_component>
      <object_component id="oc-ad">
         <name>.text:TimerConfigure</name>
         <load_address>0x4688</load_address>
         <run_address>0x4688</run_address>
         <size>0x60</size>
         <input_file_ref idref="fl-f4"/>
      </object_component>
      <object_component id="oc-2de">
         <name>.text:_pconv_f</name>
         <load_address>0x46e8</load_address>
         <run_address>0x46e8</run_address>
         <size>0x56</size>
         <input_file_ref idref="fl-d3"/>
      </object_component>
      <object_component id="oc-38e">
         <name>.text:ltoa</name>
         <load_address>0x473e</load_address>
         <run_address>0x473e</run_address>
         <size>0x54</size>
         <input_file_ref idref="fl-d7"/>
      </object_component>
      <object_component id="oc-399">
         <name>.text:_ecpy</name>
         <load_address>0x4792</load_address>
         <run_address>0x4792</run_address>
         <size>0x52</size>
         <input_file_ref idref="fl-d3"/>
      </object_component>
      <object_component id="oc-2ad">
         <name>.text:atoi</name>
         <load_address>0x47e4</load_address>
         <run_address>0x47e4</run_address>
         <size>0x4c</size>
         <input_file_ref idref="fl-d5"/>
      </object_component>
      <object_component id="oc-77">
         <name>.text:GPIOPinConfigure</name>
         <load_address>0x4830</load_address>
         <run_address>0x4830</run_address>
         <size>0x48</size>
         <input_file_ref idref="fl-f0"/>
      </object_component>
      <object_component id="oc-389">
         <name>.text</name>
         <load_address>0x4878</load_address>
         <run_address>0x4878</run_address>
         <size>0x48</size>
         <input_file_ref idref="fl-e9"/>
      </object_component>
      <object_component id="oc-225">
         <name>.text:__TI_auto_init_nobinit_nopinit:__TI_auto_init_nobinit_nopinit</name>
         <load_address>0x48c0</load_address>
         <run_address>0x48c0</run_address>
         <size>0x44</size>
         <input_file_ref idref="fl-d0"/>
      </object_component>
      <object_component id="oc-19d">
         <name>.text</name>
         <load_address>0x4904</load_address>
         <run_address>0x4904</run_address>
         <size>0x40</size>
         <input_file_ref idref="fl-c3"/>
      </object_component>
      <object_component id="oc-118">
         <name>.text:sprintf</name>
         <load_address>0x4944</load_address>
         <run_address>0x4944</run_address>
         <size>0x40</size>
         <input_file_ref idref="fl-cc"/>
      </object_component>
      <object_component id="oc-3ac">
         <name>.text:_fcpy</name>
         <load_address>0x4984</load_address>
         <run_address>0x4984</run_address>
         <size>0x3e</size>
         <input_file_ref idref="fl-d3"/>
      </object_component>
      <object_component id="oc-8f">
         <name>.text:SysCtlPeripheralReady</name>
         <load_address>0x49c4</load_address>
         <run_address>0x49c4</run_address>
         <size>0x38</size>
         <input_file_ref idref="fl-f3"/>
      </object_component>
      <object_component id="oc-5c">
         <name>.text:_c_int00_noargs:_c_int00_noargs</name>
         <load_address>0x49fc</load_address>
         <run_address>0x49fc</run_address>
         <size>0x38</size>
         <input_file_ref idref="fl-c8"/>
      </object_component>
      <object_component id="oc-112">
         <name>.text:sscanf</name>
         <load_address>0x4a34</load_address>
         <run_address>0x4a34</run_address>
         <size>0x38</size>
         <input_file_ref idref="fl-cd"/>
      </object_component>
      <object_component id="oc-71">
         <name>.text:SysCtlPeripheralEnable</name>
         <load_address>0x4a6c</load_address>
         <run_address>0x4a6c</run_address>
         <size>0x34</size>
         <input_file_ref idref="fl-f3"/>
      </object_component>
      <object_component id="oc-394">
         <name>.text</name>
         <load_address>0x4aa0</load_address>
         <run_address>0x4aa0</run_address>
         <size>0x2e</size>
         <input_file_ref idref="fl-eb"/>
      </object_component>
      <object_component id="oc-187">
         <name>.text:GPIODirModeSet</name>
         <load_address>0x4ace</load_address>
         <run_address>0x4ace</run_address>
         <size>0x2a</size>
         <input_file_ref idref="fl-f0"/>
      </object_component>
      <object_component id="oc-d7">
         <name>.text:PWMGenConfigure</name>
         <load_address>0x4af8</load_address>
         <run_address>0x4af8</run_address>
         <size>0x22</size>
         <input_file_ref idref="fl-f2"/>
      </object_component>
      <object_component id="oc-e3">
         <name>.text:PWMPulseWidthSet</name>
         <load_address>0x4b1a</load_address>
         <run_address>0x4b1a</run_address>
         <size>0x1e</size>
         <input_file_ref idref="fl-f2"/>
      </object_component>
      <object_component id="oc-2f0">
         <name>.text:memccpy</name>
         <load_address>0x4b38</load_address>
         <run_address>0x4b38</run_address>
         <size>0x1c</size>
         <input_file_ref idref="fl-d8"/>
      </object_component>
      <object_component id="oc-95">
         <name>.text:GPIOPinTypeGPIOOutput</name>
         <load_address>0x4b54</load_address>
         <run_address>0x4b54</run_address>
         <size>0x18</size>
         <input_file_ref idref="fl-f0"/>
      </object_component>
      <object_component id="oc-101">
         <name>.text:TimerDisable</name>
         <load_address>0x4b6c</load_address>
         <run_address>0x4b6c</run_address>
         <size>0x18</size>
         <input_file_ref idref="fl-f4"/>
      </object_component>
      <object_component id="oc-1e5">
         <name>.text:_outs</name>
         <load_address>0x4b84</load_address>
         <run_address>0x4b84</run_address>
         <size>0x18</size>
         <input_file_ref idref="fl-cc"/>
      </object_component>
      <object_component id="oc-33d">
         <name>.text</name>
         <load_address>0x4b9c</load_address>
         <run_address>0x4b9c</run_address>
         <size>0x18</size>
         <input_file_ref idref="fl-ec"/>
      </object_component>
      <object_component id="oc-2b3">
         <name>.text:strrchr</name>
         <load_address>0x4bb4</load_address>
         <run_address>0x4bb4</run_address>
         <size>0x18</size>
         <input_file_ref idref="fl-dc"/>
      </object_component>
      <object_component id="oc-2b9">
         <name>.text:strchr</name>
         <load_address>0x4bcc</load_address>
         <run_address>0x4bcc</run_address>
         <size>0x16</size>
         <input_file_ref idref="fl-d9"/>
      </object_component>
      <object_component id="oc-d1">
         <name>.text:SysCtlPWMClockSet</name>
         <load_address>0x4be4</load_address>
         <run_address>0x4be4</run_address>
         <size>0x14</size>
         <input_file_ref idref="fl-f3"/>
      </object_component>
      <object_component id="oc-3fc">
         <name>.text:copysign</name>
         <load_address>0x4bf8</load_address>
         <run_address>0x4bf8</run_address>
         <size>0x14</size>
         <input_file_ref idref="fl-ef"/>
      </object_component>
      <object_component id="oc-27b">
         <name>.text:strcpy</name>
         <load_address>0x4c0c</load_address>
         <run_address>0x4c0c</run_address>
         <size>0x14</size>
         <input_file_ref idref="fl-da"/>
      </object_component>
      <object_component id="oc-2a7">
         <name>.text:strlen</name>
         <load_address>0x4c20</load_address>
         <run_address>0x4c20</run_address>
         <size>0x14</size>
         <input_file_ref idref="fl-db"/>
      </object_component>
      <object_component id="oc-a7">
         <name>.text:GPIOPinTypePWM</name>
         <load_address>0x4c34</load_address>
         <run_address>0x4c34</run_address>
         <size>0x12</size>
         <input_file_ref idref="fl-f0"/>
      </object_component>
      <object_component id="oc-a1">
         <name>.text:GPIOPinTypeTimer</name>
         <load_address>0x4c46</load_address>
         <run_address>0x4c46</run_address>
         <size>0x12</size>
         <input_file_ref idref="fl-f0"/>
      </object_component>
      <object_component id="oc-83">
         <name>.text:GPIOPinTypeUART</name>
         <load_address>0x4c58</load_address>
         <run_address>0x4c58</run_address>
         <size>0x12</size>
         <input_file_ref idref="fl-f0"/>
      </object_component>
      <object_component id="oc-fb">
         <name>.text:PWMGenPeriodGet</name>
         <load_address>0x4c6a</load_address>
         <run_address>0x4c6a</run_address>
         <size>0x12</size>
         <input_file_ref idref="fl-f2"/>
      </object_component>
      <object_component id="oc-ef">
         <name>.text:PWMOutputState</name>
         <load_address>0x4c7c</load_address>
         <run_address>0x4c7c</run_address>
         <size>0x12</size>
         <input_file_ref idref="fl-f2"/>
      </object_component>
      <object_component id="oc-b3">
         <name>.text:TimerLoadSet</name>
         <load_address>0x4c8e</load_address>
         <run_address>0x4c8e</run_address>
         <size>0x12</size>
         <input_file_ref idref="fl-f4"/>
      </object_component>
      <object_component id="oc-bf">
         <name>.text:TimerMatchSet</name>
         <load_address>0x4ca0</load_address>
         <run_address>0x4ca0</run_address>
         <size>0x12</size>
         <input_file_ref idref="fl-f4"/>
      </object_component>
      <object_component id="oc-1cb">
         <name>.text:_inpchar</name>
         <load_address>0x4cb2</load_address>
         <run_address>0x4cb2</run_address>
         <size>0x12</size>
         <input_file_ref idref="fl-cd"/>
      </object_component>
      <object_component id="oc-4a">
         <name>.text:decompress:ZI:__TI_zero_init_nomemset:__TI_zero_init_nomemset</name>
         <load_address>0x4cc4</load_address>
         <run_address>0x4cc4</run_address>
         <size>0x12</size>
         <input_file_ref idref="fl-c5"/>
      </object_component>
      <object_component id="oc-2f6">
         <name>.text:wcslen</name>
         <load_address>0x4cd6</load_address>
         <run_address>0x4cd6</run_address>
         <size>0x12</size>
         <input_file_ref idref="fl-e2"/>
      </object_component>
      <object_component id="oc-dd">
         <name>.text:PWMGenPeriodSet</name>
         <load_address>0x4ce8</load_address>
         <run_address>0x4ce8</run_address>
         <size>0x10</size>
         <input_file_ref idref="fl-f2"/>
      </object_component>
      <object_component id="oc-c5">
         <name>.text:TimerEnable</name>
         <load_address>0x4cf8</load_address>
         <run_address>0x4cf8</run_address>
         <size>0xe</size>
         <input_file_ref idref="fl-f4"/>
      </object_component>
      <object_component id="oc-18">
         <name>.text:decompress:none:__TI_decompress_none</name>
         <load_address>0x4d06</load_address>
         <run_address>0x4d06</run_address>
         <size>0xe</size>
         <input_file_ref idref="fl-c6"/>
      </object_component>
      <object_component id="oc-f5">
         <name>.text:PWMGenDisable</name>
         <load_address>0x4d14</load_address>
         <run_address>0x4d14</run_address>
         <size>0xc</size>
         <input_file_ref idref="fl-f2"/>
      </object_component>
      <object_component id="oc-e9">
         <name>.text:PWMGenEnable</name>
         <load_address>0x4d20</load_address>
         <run_address>0x4d20</run_address>
         <size>0xc</size>
         <input_file_ref idref="fl-f2"/>
      </object_component>
      <object_component id="oc-24">
         <name>.text</name>
         <load_address>0x4d2c</load_address>
         <run_address>0x4d2c</run_address>
         <size>0xc</size>
         <input_file_ref idref="fl-6"/>
      </object_component>
      <object_component id="oc-b9">
         <name>.text:TimerLoadGet</name>
         <load_address>0x4d38</load_address>
         <run_address>0x4d38</run_address>
         <size>0xa</size>
         <input_file_ref idref="fl-f4"/>
      </object_component>
      <object_component id="oc-107">
         <name>.text:UARTCharGet</name>
         <load_address>0x4d42</load_address>
         <run_address>0x4d42</run_address>
         <size>0xa</size>
         <input_file_ref idref="fl-f5"/>
      </object_component>
      <object_component id="oc-1eb">
         <name>.text:_outc</name>
         <load_address>0x4d4c</load_address>
         <run_address>0x4d4c</run_address>
         <size>0xa</size>
         <input_file_ref idref="fl-cc"/>
      </object_component>
      <object_component id="oc-12a">
         <name>.text:TimerIntEnable</name>
         <load_address>0x4d56</load_address>
         <run_address>0x4d56</run_address>
         <size>0x8</size>
         <input_file_ref idref="fl-f4"/>
      </object_component>
      <object_component id="oc-2fc">
         <name>.text:__aeabi_errno_addr</name>
         <load_address>0x4d60</load_address>
         <run_address>0x4d60</run_address>
         <size>0x8</size>
         <input_file_ref idref="fl-ee"/>
      </object_component>
      <object_component id="oc-1d1">
         <name>.text:_uninpchar</name>
         <load_address>0x4d68</load_address>
         <run_address>0x4d68</run_address>
         <size>0x8</size>
         <input_file_ref idref="fl-cd"/>
      </object_component>
      <object_component id="oc-9b">
         <name>.text:GPIOPinWrite</name>
         <load_address>0x4d70</load_address>
         <run_address>0x4d70</run_address>
         <size>0x6</size>
         <input_file_ref idref="fl-f0"/>
      </object_component>
      <object_component id="oc-1b7">
         <name>.text:SysCtlDelay</name>
         <load_address>0x4d76</load_address>
         <run_address>0x4d76</run_address>
         <size>0x6</size>
         <input_file_ref idref="fl-f3"/>
      </object_component>
      <object_component id="oc-7d">
         <name>.text:UARTClockSourceSet</name>
         <load_address>0x4d7c</load_address>
         <run_address>0x4d7c</run_address>
         <size>0x6</size>
         <input_file_ref idref="fl-f5"/>
      </object_component>
      <object_component id="oc-133">
         <name>.text:TimerIntClear</name>
         <load_address>0x4d82</load_address>
         <run_address>0x4d82</run_address>
         <size>0x4</size>
         <input_file_ref idref="fl-f4"/>
      </object_component>
      <object_component id="oc-167">
         <name>.text:_system_pre_init</name>
         <load_address>0x4d86</load_address>
         <run_address>0x4d86</run_address>
         <size>0x4</size>
         <input_file_ref idref="fl-d1"/>
      </object_component>
      <object_component id="oc-219">
         <name>.text:abort:abort</name>
         <load_address>0x4d8a</load_address>
         <run_address>0x4d8a</run_address>
         <size>0x4</size>
         <input_file_ref idref="fl-c9"/>
      </object_component>
      <object_component id="oc-2a4">
         <name>.const:.string:_ctypes_</name>
         <load_address>0x4d90</load_address>
         <run_address>0x4d90</run_address>
         <size>0x101</size>
         <input_file_ref idref="fl-d6"/>
      </object_component>
      <object_component id="oc-1a2">
         <name>.const</name>
         <load_address>0x4e94</load_address>
         <run_address>0x4e94</run_address>
         <size>0x4</size>
         <input_file_ref idref="fl-8"/>
      </object_component>
      <object_component id="oc-360">
         <name>.const:$O1$$</name>
         <load_address>0x4e98</load_address>
         <run_address>0x4e98</run_address>
         <size>0xc8</size>
         <input_file_ref idref="fl-dd"/>
      </object_component>
      <object_component id="oc-180">
         <name>.const:g_pui32GPIOBaseAddrs</name>
         <load_address>0x4f60</load_address>
         <run_address>0x4f60</run_address>
         <size>0x90</size>
         <input_file_ref idref="fl-f0"/>
      </object_component>
      <object_component id="oc-1f7">
         <name>.const</name>
         <load_address>0x4ff0</load_address>
         <run_address>0x4ff0</run_address>
         <size>0x70</size>
         <input_file_ref idref="fl-f1"/>
      </object_component>
      <object_component id="oc-1f3">
         <name>.const:g_pui32Xtals</name>
         <load_address>0x5060</load_address>
         <run_address>0x5060</run_address>
         <size>0x6c</size>
         <input_file_ref idref="fl-f3"/>
      </object_component>
      <object_component id="oc-272">
         <name>.const:.string</name>
         <load_address>0x50cc</load_address>
         <run_address>0x50cc</run_address>
         <size>0x12</size>
         <input_file_ref idref="fl-8"/>
      </object_component>
      <object_component id="oc-2bf">
         <name>.const:$O1$$</name>
         <load_address>0x50e0</load_address>
         <run_address>0x50e0</run_address>
         <size>0x10</size>
         <input_file_ref idref="fl-d4"/>
      </object_component>
      <object_component id="oc-19a">
         <name>.const:g_ui32UARTBase</name>
         <load_address>0x50f0</load_address>
         <run_address>0x50f0</run_address>
         <size>0xc</size>
         <input_file_ref idref="fl-8"/>
      </object_component>
      <object_component id="oc-194">
         <name>.const:g_ui32UARTPeriph</name>
         <load_address>0x50fc</load_address>
         <run_address>0x50fc</run_address>
         <size>0xc</size>
         <input_file_ref idref="fl-8"/>
      </object_component>
      <object_component id="oc-47c">
         <name>.cinit..data.load</name>
         <load_address>0x5108</load_address>
         <run_address>0x5108</run_address>
         <size>0xd</size>
      </object_component>
      <object_component id="oc-47a">
         <name>__TI_handler_table</name>
         <load_address>0x5118</load_address>
         <run_address>0x5118</run_address>
         <size>0xc</size>
      </object_component>
      <object_component id="oc-47d">
         <name>.cinit..bss.load</name>
         <load_address>0x5128</load_address>
         <run_address>0x5128</run_address>
         <size>0x8</size>
      </object_component>
      <object_component id="oc-47b">
         <name>__TI_cinit_table</name>
         <load_address>0x5130</load_address>
         <run_address>0x5130</run_address>
         <size>0x10</size>
      </object_component>
      <object_component id="oc-139">
         <name>.data</name>
         <load_address>0x20000464</load_address>
         <run_address>0x20000464</run_address>
         <size>0x10</size>
         <input_file_ref idref="fl-3"/>
      </object_component>
      <object_component id="oc-130">
         <name>.data:RSinfo</name>
         <load_address>0x20000400</load_address>
         <run_address>0x20000400</run_address>
         <size>0x64</size>
         <input_file_ref idref="fl-3"/>
      </object_component>
      <object_component id="oc-197">
         <name>.data</name>
         <load_address>0x20000474</load_address>
         <run_address>0x20000474</run_address>
         <size>0x5</size>
         <input_file_ref idref="fl-8"/>
      </object_component>
      <object_component id="oc-3c4">
         <name>.data</name>
         <load_address>0x2000047c</load_address>
         <run_address>0x2000047c</run_address>
         <size>0x4</size>
         <input_file_ref idref="fl-ee"/>
      </object_component>
      <object_component id="oc-13c">
         <name>.common:myData</name>
         <uninitialized>true</uninitialized>
         <run_address>0x20000480</run_address>
         <size>0x20</size>
      </object_component>
      <object_component id="oc-21">
         <name>.stack</name>
         <uninitialized>true</uninitialized>
         <run_address>0x20000000</run_address>
         <size>0x4</size>
         <input_file_ref idref="fl-c8"/>
      </object_component>
      <object_component id="oc-47e">
         <name>.stack</name>
         <uninitialized>true</uninitialized>
         <run_address>0x20000000</run_address>
         <size>0x0</size>
      </object_component>
      <object_component id="oc-209">
         <name>.debug_info</name>
         <load_address>0x0</load_address>
         <run_address>0x0</run_address>
         <size>0x351</size>
         <input_file_ref idref="fl-2"/>
      </object_component>
      <object_component id="oc-14c">
         <name>.debug_info</name>
         <load_address>0x351</load_address>
         <run_address>0x351</run_address>
         <size>0x26b</size>
         <input_file_ref idref="fl-2"/>
      </object_component>
      <object_component id="oc-145">
         <name>.debug_info</name>
         <load_address>0x5bc</load_address>
         <run_address>0x5bc</run_address>
         <size>0x8b</size>
         <input_file_ref idref="fl-2"/>
      </object_component>
      <object_component id="oc-204">
         <name>.debug_info</name>
         <load_address>0x647</load_address>
         <run_address>0x647</run_address>
         <size>0x297</size>
         <input_file_ref idref="fl-2"/>
      </object_component>
      <object_component id="oc-140">
         <name>.debug_info</name>
         <load_address>0x8de</load_address>
         <run_address>0x8de</run_address>
         <size>0xbb</size>
         <input_file_ref idref="fl-2"/>
      </object_component>
      <object_component id="oc-13d">
         <name>.debug_info</name>
         <load_address>0x999</load_address>
         <run_address>0x999</run_address>
         <size>0x9c4</size>
         <input_file_ref idref="fl-3"/>
      </object_component>
      <object_component id="oc-13a">
         <name>.debug_info</name>
         <load_address>0x135d</load_address>
         <run_address>0x135d</run_address>
         <size>0x142</size>
         <input_file_ref idref="fl-3"/>
      </object_component>
      <object_component id="oc-131">
         <name>.debug_info</name>
         <load_address>0x149f</load_address>
         <run_address>0x149f</run_address>
         <size>0xc7</size>
         <input_file_ref idref="fl-3"/>
      </object_component>
      <object_component id="oc-2d">
         <name>.debug_info</name>
         <load_address>0x1566</load_address>
         <run_address>0x1566</run_address>
         <size>0x1aa2</size>
         <input_file_ref idref="fl-3"/>
      </object_component>
      <object_component id="oc-1a7">
         <name>.debug_info</name>
         <load_address>0x3008</load_address>
         <run_address>0x3008</run_address>
         <size>0x2c</size>
         <input_file_ref idref="fl-3"/>
      </object_component>
      <object_component id="oc-32">
         <name>.debug_info</name>
         <load_address>0x3034</load_address>
         <run_address>0x3034</run_address>
         <size>0x31a</size>
         <input_file_ref idref="fl-6"/>
      </object_component>
      <object_component id="oc-10">
         <name>.debug_info</name>
         <load_address>0x334e</load_address>
         <run_address>0x334e</run_address>
         <size>0xe7</size>
         <input_file_ref idref="fl-6"/>
      </object_component>
      <object_component id="oc-25">
         <name>.debug_info</name>
         <load_address>0x3435</load_address>
         <run_address>0x3435</run_address>
         <size>0x263</size>
         <input_file_ref idref="fl-6"/>
      </object_component>
      <object_component id="oc-39">
         <name>.debug_info</name>
         <load_address>0x3698</load_address>
         <run_address>0x3698</run_address>
         <size>0x84</size>
         <input_file_ref idref="fl-6"/>
      </object_component>
      <object_component id="oc-1a6">
         <name>.debug_info</name>
         <load_address>0x371c</load_address>
         <run_address>0x371c</run_address>
         <size>0x292</size>
         <input_file_ref idref="fl-8"/>
      </object_component>
      <object_component id="oc-198">
         <name>.debug_info</name>
         <load_address>0x39ae</load_address>
         <run_address>0x39ae</run_address>
         <size>0xd3</size>
         <input_file_ref idref="fl-8"/>
      </object_component>
      <object_component id="oc-1a3">
         <name>.debug_info</name>
         <load_address>0x3a81</load_address>
         <run_address>0x3a81</run_address>
         <size>0xcd</size>
         <input_file_ref idref="fl-8"/>
      </object_component>
      <object_component id="oc-19b">
         <name>.debug_info</name>
         <load_address>0x3b4e</load_address>
         <run_address>0x3b4e</run_address>
         <size>0xdb</size>
         <input_file_ref idref="fl-8"/>
      </object_component>
      <object_component id="oc-195">
         <name>.debug_info</name>
         <load_address>0x3c29</load_address>
         <run_address>0x3c29</run_address>
         <size>0xdf</size>
         <input_file_ref idref="fl-8"/>
      </object_component>
      <object_component id="oc-8b">
         <name>.debug_info</name>
         <load_address>0x3d08</load_address>
         <run_address>0x3d08</run_address>
         <size>0x6fb</size>
         <input_file_ref idref="fl-8"/>
      </object_component>
      <object_component id="oc-19e">
         <name>.debug_info</name>
         <load_address>0x4403</load_address>
         <run_address>0x4403</run_address>
         <size>0x145</size>
         <input_file_ref idref="fl-c3"/>
      </object_component>
      <object_component id="oc-110">
         <name>.debug_info</name>
         <load_address>0x4548</load_address>
         <run_address>0x4548</run_address>
         <size>0x14a</size>
         <input_file_ref idref="fl-c4"/>
      </object_component>
      <object_component id="oc-165">
         <name>.debug_info</name>
         <load_address>0x4692</load_address>
         <run_address>0x4692</run_address>
         <size>0x31e</size>
         <input_file_ref idref="fl-c5"/>
      </object_component>
      <object_component id="oc-4b">
         <name>.debug_info</name>
         <load_address>0x49b0</load_address>
         <run_address>0x49b0</run_address>
         <size>0x1bf</size>
         <input_file_ref idref="fl-c5"/>
      </object_component>
      <object_component id="oc-160">
         <name>.debug_info</name>
         <load_address>0x4b6f</load_address>
         <run_address>0x4b6f</run_address>
         <size>0x46</size>
         <input_file_ref idref="fl-c5"/>
      </object_component>
      <object_component id="oc-211">
         <name>.debug_info</name>
         <load_address>0x4bb5</load_address>
         <run_address>0x4bb5</run_address>
         <size>0x2c</size>
         <input_file_ref idref="fl-c5"/>
      </object_component>
      <object_component id="oc-49">
         <name>.debug_info</name>
         <load_address>0x4be1</load_address>
         <run_address>0x4be1</run_address>
         <size>0x2a8</size>
         <input_file_ref idref="fl-c6"/>
      </object_component>
      <object_component id="oc-19">
         <name>.debug_info</name>
         <load_address>0x4e89</load_address>
         <run_address>0x4e89</run_address>
         <size>0x1ea</size>
         <input_file_ref idref="fl-c6"/>
      </object_component>
      <object_component id="oc-44">
         <name>.debug_info</name>
         <load_address>0x5073</load_address>
         <run_address>0x5073</run_address>
         <size>0x46</size>
         <input_file_ref idref="fl-c6"/>
      </object_component>
      <object_component id="oc-158">
         <name>.debug_info</name>
         <load_address>0x50b9</load_address>
         <run_address>0x50b9</run_address>
         <size>0x2c</size>
         <input_file_ref idref="fl-c6"/>
      </object_component>
      <object_component id="oc-156">
         <name>.debug_info</name>
         <load_address>0x50e5</load_address>
         <run_address>0x50e5</run_address>
         <size>0x29e</size>
         <input_file_ref idref="fl-c7"/>
      </object_component>
      <object_component id="oc-13">
         <name>.debug_info</name>
         <load_address>0x5383</load_address>
         <run_address>0x5383</run_address>
         <size>0x250</size>
         <input_file_ref idref="fl-c7"/>
      </object_component>
      <object_component id="oc-34">
         <name>.debug_info</name>
         <load_address>0x55d3</load_address>
         <run_address>0x55d3</run_address>
         <size>0x60</size>
         <input_file_ref idref="fl-c7"/>
      </object_component>
      <object_component id="oc-20a">
         <name>.debug_info</name>
         <load_address>0x5633</load_address>
         <run_address>0x5633</run_address>
         <size>0x46</size>
         <input_file_ref idref="fl-c7"/>
      </object_component>
      <object_component id="oc-151">
         <name>.debug_info</name>
         <load_address>0x5679</load_address>
         <run_address>0x5679</run_address>
         <size>0x39</size>
         <input_file_ref idref="fl-c7"/>
      </object_component>
      <object_component id="oc-22">
         <name>.debug_info</name>
         <load_address>0x56b2</load_address>
         <run_address>0x56b2</run_address>
         <size>0x10b</size>
         <input_file_ref idref="fl-c8"/>
      </object_component>
      <object_component id="oc-5d">
         <name>.debug_info</name>
         <load_address>0x57bd</load_address>
         <run_address>0x57bd</run_address>
         <size>0x1af</size>
         <input_file_ref idref="fl-c8"/>
      </object_component>
      <object_component id="oc-21a">
         <name>.debug_info</name>
         <load_address>0x596c</load_address>
         <run_address>0x596c</run_address>
         <size>0x122</size>
         <input_file_ref idref="fl-c9"/>
      </object_component>
      <object_component id="oc-1f2">
         <name>.debug_info</name>
         <load_address>0x5a8e</load_address>
         <run_address>0x5a8e</run_address>
         <size>0x333</size>
         <input_file_ref idref="fl-cc"/>
      </object_component>
      <object_component id="oc-11b">
         <name>.debug_info</name>
         <load_address>0x5dc1</load_address>
         <run_address>0x5dc1</run_address>
         <size>0x1d1</size>
         <input_file_ref idref="fl-cc"/>
      </object_component>
      <object_component id="oc-1e7">
         <name>.debug_info</name>
         <load_address>0x5f92</load_address>
         <run_address>0x5f92</run_address>
         <size>0x18d</size>
         <input_file_ref idref="fl-cc"/>
      </object_component>
      <object_component id="oc-1ed">
         <name>.debug_info</name>
         <load_address>0x611f</load_address>
         <run_address>0x611f</run_address>
         <size>0x16d</size>
         <input_file_ref idref="fl-cc"/>
      </object_component>
      <object_component id="oc-378">
         <name>.debug_info</name>
         <load_address>0x628c</load_address>
         <run_address>0x628c</run_address>
         <size>0x2c</size>
         <input_file_ref idref="fl-cc"/>
      </object_component>
      <object_component id="oc-1de">
         <name>.debug_info</name>
         <load_address>0x62b8</load_address>
         <run_address>0x62b8</run_address>
         <size>0x39e</size>
         <input_file_ref idref="fl-cd"/>
      </object_component>
      <object_component id="oc-114">
         <name>.debug_info</name>
         <load_address>0x6656</load_address>
         <run_address>0x6656</run_address>
         <size>0x17e</size>
         <input_file_ref idref="fl-cd"/>
      </object_component>
      <object_component id="oc-1d3">
         <name>.debug_info</name>
         <load_address>0x67d4</load_address>
         <run_address>0x67d4</run_address>
         <size>0x171</size>
         <input_file_ref idref="fl-cd"/>
      </object_component>
      <object_component id="oc-1cd">
         <name>.debug_info</name>
         <load_address>0x6945</load_address>
         <run_address>0x6945</run_address>
         <size>0x17e</size>
         <input_file_ref idref="fl-cd"/>
      </object_component>
      <object_component id="oc-1d8">
         <name>.debug_info</name>
         <load_address>0x6ac3</load_address>
         <run_address>0x6ac3</run_address>
         <size>0x1de</size>
         <input_file_ref idref="fl-cd"/>
      </object_component>
      <object_component id="oc-26e">
         <name>.debug_info</name>
         <load_address>0x6ca1</load_address>
         <run_address>0x6ca1</run_address>
         <size>0x118</size>
         <input_file_ref idref="fl-ce"/>
      </object_component>
      <object_component id="oc-3f">
         <name>.debug_info</name>
         <load_address>0x6db9</load_address>
         <run_address>0x6db9</run_address>
         <size>0x11c</size>
         <input_file_ref idref="fl-cf"/>
      </object_component>
      <object_component id="oc-325">
         <name>.debug_info</name>
         <load_address>0x6ed5</load_address>
         <run_address>0x6ed5</run_address>
         <size>0x552</size>
         <input_file_ref idref="fl-d0"/>
      </object_component>
      <object_component id="oc-229">
         <name>.debug_info</name>
         <load_address>0x7427</load_address>
         <run_address>0x7427</run_address>
         <size>0x1a6</size>
         <input_file_ref idref="fl-d0"/>
      </object_component>
      <object_component id="oc-3e0">
         <name>.debug_info</name>
         <load_address>0x75cd</load_address>
         <run_address>0x75cd</run_address>
         <size>0x39</size>
         <input_file_ref idref="fl-d0"/>
      </object_component>
      <object_component id="oc-43b">
         <name>.debug_info</name>
         <load_address>0x7606</load_address>
         <run_address>0x7606</run_address>
         <size>0x39</size>
         <input_file_ref idref="fl-d0"/>
      </object_component>
      <object_component id="oc-3e5">
         <name>.debug_info</name>
         <load_address>0x763f</load_address>
         <run_address>0x763f</run_address>
         <size>0x39</size>
         <input_file_ref idref="fl-d0"/>
      </object_component>
      <object_component id="oc-3ea">
         <name>.debug_info</name>
         <load_address>0x7678</load_address>
         <run_address>0x7678</run_address>
         <size>0xcd</size>
         <input_file_ref idref="fl-d0"/>
      </object_component>
      <object_component id="oc-16a">
         <name>.debug_info</name>
         <load_address>0x7745</load_address>
         <run_address>0x7745</run_address>
         <size>0x153</size>
         <input_file_ref idref="fl-d1"/>
      </object_component>
      <object_component id="oc-303">
         <name>.debug_info</name>
         <load_address>0x7898</load_address>
         <run_address>0x7898</run_address>
         <size>0x8b1</size>
         <input_file_ref idref="fl-d3"/>
      </object_component>
      <object_component id="oc-2cf">
         <name>.debug_info</name>
         <load_address>0x8149</load_address>
         <run_address>0x8149</run_address>
         <size>0x21e</size>
         <input_file_ref idref="fl-d3"/>
      </object_component>
      <object_component id="oc-39b">
         <name>.debug_info</name>
         <load_address>0x8367</load_address>
         <run_address>0x8367</run_address>
         <size>0x1b3</size>
         <input_file_ref idref="fl-d3"/>
      </object_component>
      <object_component id="oc-3a1">
         <name>.debug_info</name>
         <load_address>0x851a</load_address>
         <run_address>0x851a</run_address>
         <size>0x21b</size>
         <input_file_ref idref="fl-d3"/>
      </object_component>
      <object_component id="oc-2da">
         <name>.debug_info</name>
         <load_address>0x8735</load_address>
         <run_address>0x8735</run_address>
         <size>0x3bb</size>
         <input_file_ref idref="fl-d3"/>
      </object_component>
      <object_component id="oc-3a8">
         <name>.debug_info</name>
         <load_address>0x8af0</load_address>
         <run_address>0x8af0</run_address>
         <size>0x305</size>
         <input_file_ref idref="fl-d3"/>
      </object_component>
      <object_component id="oc-3ae">
         <name>.debug_info</name>
         <load_address>0x8df5</load_address>
         <run_address>0x8df5</run_address>
         <size>0x215</size>
         <input_file_ref idref="fl-d3"/>
      </object_component>
      <object_component id="oc-2df">
         <name>.debug_info</name>
         <load_address>0x900a</load_address>
         <run_address>0x900a</run_address>
         <size>0x215</size>
         <input_file_ref idref="fl-d3"/>
      </object_component>
      <object_component id="oc-2e5">
         <name>.debug_info</name>
         <load_address>0x921f</load_address>
         <run_address>0x921f</run_address>
         <size>0x304</size>
         <input_file_ref idref="fl-d3"/>
      </object_component>
      <object_component id="oc-2eb">
         <name>.debug_info</name>
         <load_address>0x9523</load_address>
         <run_address>0x9523</run_address>
         <size>0x4b0</size>
         <input_file_ref idref="fl-d3"/>
      </object_component>
      <object_component id="oc-1e0">
         <name>.debug_info</name>
         <load_address>0x99d3</load_address>
         <run_address>0x99d3</run_address>
         <size>0x5d8</size>
         <input_file_ref idref="fl-d3"/>
      </object_component>
      <object_component id="oc-304">
         <name>.debug_info</name>
         <load_address>0x9fab</load_address>
         <run_address>0x9fab</run_address>
         <size>0x86</size>
         <input_file_ref idref="fl-d3"/>
      </object_component>
      <object_component id="oc-37d">
         <name>.debug_info</name>
         <load_address>0xa031</load_address>
         <run_address>0xa031</run_address>
         <size>0x39</size>
         <input_file_ref idref="fl-d3"/>
      </object_component>
      <object_component id="oc-433">
         <name>.debug_info</name>
         <load_address>0xa06a</load_address>
         <run_address>0xa06a</run_address>
         <size>0xb6</size>
         <input_file_ref idref="fl-d3"/>
      </object_component>
      <object_component id="oc-3cb">
         <name>.debug_info</name>
         <load_address>0xa120</load_address>
         <run_address>0xa120</run_address>
         <size>0x46</size>
         <input_file_ref idref="fl-d3"/>
      </object_component>
      <object_component id="oc-309">
         <name>.debug_info</name>
         <load_address>0xa166</load_address>
         <run_address>0xa166</run_address>
         <size>0x46</size>
         <input_file_ref idref="fl-d3"/>
      </object_component>
      <object_component id="oc-2c1">
         <name>.debug_info</name>
         <load_address>0xa1ac</load_address>
         <run_address>0xa1ac</run_address>
         <size>0x86d</size>
         <input_file_ref idref="fl-d4"/>
      </object_component>
      <object_component id="oc-1c8">
         <name>.debug_info</name>
         <load_address>0xaa19</load_address>
         <run_address>0xaa19</run_address>
         <size>0x983</size>
         <input_file_ref idref="fl-d4"/>
      </object_component>
      <object_component id="oc-2c3">
         <name>.debug_info</name>
         <load_address>0xb39c</load_address>
         <run_address>0xb39c</run_address>
         <size>0x9a</size>
         <input_file_ref idref="fl-d4"/>
      </object_component>
      <object_component id="oc-371">
         <name>.debug_info</name>
         <load_address>0xb436</load_address>
         <run_address>0xb436</run_address>
         <size>0x2b9</size>
         <input_file_ref idref="fl-d5"/>
      </object_component>
      <object_component id="oc-2ae">
         <name>.debug_info</name>
         <load_address>0xb6ef</load_address>
         <run_address>0xb6ef</run_address>
         <size>0x17c</size>
         <input_file_ref idref="fl-d5"/>
      </object_component>
      <object_component id="oc-36d">
         <name>.debug_info</name>
         <load_address>0xb86b</load_address>
         <run_address>0xb86b</run_address>
         <size>0xf9</size>
         <input_file_ref idref="fl-d6"/>
      </object_component>
      <object_component id="oc-2a5">
         <name>.debug_info</name>
         <load_address>0xb964</load_address>
         <run_address>0xb964</run_address>
         <size>0x105</size>
         <input_file_ref idref="fl-d6"/>
      </object_component>
      <object_component id="oc-41e">
         <name>.debug_info</name>
         <load_address>0xba69</load_address>
         <run_address>0xba69</run_address>
         <size>0x29b</size>
         <input_file_ref idref="fl-d7"/>
      </object_component>
      <object_component id="oc-390">
         <name>.debug_info</name>
         <load_address>0xbd04</load_address>
         <run_address>0xbd04</run_address>
         <size>0x1cd</size>
         <input_file_ref idref="fl-d7"/>
      </object_component>
      <object_component id="oc-3bc">
         <name>.debug_info</name>
         <load_address>0xbed1</load_address>
         <run_address>0xbed1</run_address>
         <size>0x296</size>
         <input_file_ref idref="fl-d8"/>
      </object_component>
      <object_component id="oc-2f2">
         <name>.debug_info</name>
         <load_address>0xc167</load_address>
         <run_address>0xc167</run_address>
         <size>0x1b6</size>
         <input_file_ref idref="fl-d8"/>
      </object_component>
      <object_component id="oc-375">
         <name>.debug_info</name>
         <load_address>0xc31d</load_address>
         <run_address>0xc31d</run_address>
         <size>0x29a</size>
         <input_file_ref idref="fl-d9"/>
      </object_component>
      <object_component id="oc-2ba">
         <name>.debug_info</name>
         <load_address>0xc5b7</load_address>
         <run_address>0xc5b7</run_address>
         <size>0x268</size>
         <input_file_ref idref="fl-d9"/>
      </object_component>
      <object_component id="oc-33c">
         <name>.debug_info</name>
         <load_address>0xc81f</load_address>
         <run_address>0xc81f</run_address>
         <size>0x2a4</size>
         <input_file_ref idref="fl-da"/>
      </object_component>
      <object_component id="oc-27e">
         <name>.debug_info</name>
         <load_address>0xcac3</load_address>
         <run_address>0xcac3</run_address>
         <size>0x252</size>
         <input_file_ref idref="fl-da"/>
      </object_component>
      <object_component id="oc-36f">
         <name>.debug_info</name>
         <load_address>0xcd15</load_address>
         <run_address>0xcd15</run_address>
         <size>0x28f</size>
         <input_file_ref idref="fl-db"/>
      </object_component>
      <object_component id="oc-2a9">
         <name>.debug_info</name>
         <load_address>0xcfa4</load_address>
         <run_address>0xcfa4</run_address>
         <size>0x24b</size>
         <input_file_ref idref="fl-db"/>
      </object_component>
      <object_component id="oc-373">
         <name>.debug_info</name>
         <load_address>0xd1ef</load_address>
         <run_address>0xd1ef</run_address>
         <size>0x296</size>
         <input_file_ref idref="fl-dc"/>
      </object_component>
      <object_component id="oc-2b4">
         <name>.debug_info</name>
         <load_address>0xd485</load_address>
         <run_address>0xd485</run_address>
         <size>0x26b</size>
         <input_file_ref idref="fl-dc"/>
      </object_component>
      <object_component id="oc-364">
         <name>.debug_info</name>
         <load_address>0xd6f0</load_address>
         <run_address>0xd6f0</run_address>
         <size>0x3da</size>
         <input_file_ref idref="fl-dd"/>
      </object_component>
      <object_component id="oc-361">
         <name>.debug_info</name>
         <load_address>0xdaca</load_address>
         <run_address>0xdaca</run_address>
         <size>0x123</size>
         <input_file_ref idref="fl-dd"/>
      </object_component>
      <object_component id="oc-28f">
         <name>.debug_info</name>
         <load_address>0xdbed</load_address>
         <run_address>0xdbed</run_address>
         <size>0x4e0</size>
         <input_file_ref idref="fl-dd"/>
      </object_component>
      <object_component id="oc-368">
         <name>.debug_info</name>
         <load_address>0xe0cd</load_address>
         <run_address>0xe0cd</run_address>
         <size>0x321</size>
         <input_file_ref idref="fl-de"/>
      </object_component>
      <object_component id="oc-29a">
         <name>.debug_info</name>
         <load_address>0xe3ee</load_address>
         <run_address>0xe3ee</run_address>
         <size>0x28b</size>
         <input_file_ref idref="fl-de"/>
      </object_component>
      <object_component id="oc-36a">
         <name>.debug_info</name>
         <load_address>0xe679</load_address>
         <run_address>0xe679</run_address>
         <size>0x322</size>
         <input_file_ref idref="fl-df"/>
      </object_component>
      <object_component id="oc-29f">
         <name>.debug_info</name>
         <load_address>0xe99b</load_address>
         <run_address>0xe99b</run_address>
         <size>0x2cf</size>
         <input_file_ref idref="fl-df"/>
      </object_component>
      <object_component id="oc-34a">
         <name>.debug_info</name>
         <load_address>0xec6a</load_address>
         <run_address>0xec6a</run_address>
         <size>0x322</size>
         <input_file_ref idref="fl-e0"/>
      </object_component>
      <object_component id="oc-28a">
         <name>.debug_info</name>
         <load_address>0xef8c</load_address>
         <run_address>0xef8c</run_address>
         <size>0x231</size>
         <input_file_ref idref="fl-e0"/>
      </object_component>
      <object_component id="oc-348">
         <name>.debug_info</name>
         <load_address>0xf1bd</load_address>
         <run_address>0xf1bd</run_address>
         <size>0x323</size>
         <input_file_ref idref="fl-e1"/>
      </object_component>
      <object_component id="oc-282">
         <name>.debug_info</name>
         <load_address>0xf4e0</load_address>
         <run_address>0xf4e0</run_address>
         <size>0x254</size>
         <input_file_ref idref="fl-e1"/>
      </object_component>
      <object_component id="oc-3c3">
         <name>.debug_info</name>
         <load_address>0xf734</load_address>
         <run_address>0xf734</run_address>
         <size>0x28f</size>
         <input_file_ref idref="fl-e2"/>
      </object_component>
      <object_component id="oc-2f7">
         <name>.debug_info</name>
         <load_address>0xf9c3</load_address>
         <run_address>0xf9c3</run_address>
         <size>0x15a</size>
         <input_file_ref idref="fl-e2"/>
      </object_component>
      <object_component id="oc-428">
         <name>.debug_info</name>
         <load_address>0xfb1d</load_address>
         <run_address>0xfb1d</run_address>
         <size>0x46</size>
         <input_file_ref idref="fl-e2"/>
      </object_component>
      <object_component id="oc-3be">
         <name>.debug_info</name>
         <load_address>0xfb63</load_address>
         <run_address>0xfb63</run_address>
         <size>0x39</size>
         <input_file_ref idref="fl-e2"/>
      </object_component>
      <object_component id="oc-425">
         <name>.debug_info</name>
         <load_address>0xfb9c</load_address>
         <run_address>0xfb9c</run_address>
         <size>0x29a</size>
         <input_file_ref idref="fl-e3"/>
      </object_component>
      <object_component id="oc-3b7">
         <name>.debug_info</name>
         <load_address>0xfe36</load_address>
         <run_address>0xfe36</run_address>
         <size>0x195</size>
         <input_file_ref idref="fl-e3"/>
      </object_component>
      <object_component id="oc-44a">
         <name>.debug_info</name>
         <load_address>0xffcb</load_address>
         <run_address>0xffcb</run_address>
         <size>0x39</size>
         <input_file_ref idref="fl-e3"/>
      </object_component>
      <object_component id="oc-404">
         <name>.debug_info</name>
         <load_address>0x10004</load_address>
         <run_address>0x10004</run_address>
         <size>0x2c</size>
         <input_file_ref idref="fl-e3"/>
      </object_component>
      <object_component id="oc-403">
         <name>.debug_info</name>
         <load_address>0x10030</load_address>
         <run_address>0x10030</run_address>
         <size>0x2fd</size>
         <input_file_ref idref="fl-e4"/>
      </object_component>
      <object_component id="oc-35b">
         <name>.debug_info</name>
         <load_address>0x1032d</load_address>
         <run_address>0x1032d</run_address>
         <size>0x225</size>
         <input_file_ref idref="fl-e4"/>
      </object_component>
      <object_component id="oc-353">
         <name>.debug_info</name>
         <load_address>0x10552</load_address>
         <run_address>0x10552</run_address>
         <size>0x14f</size>
         <input_file_ref idref="fl-e5"/>
      </object_component>
      <object_component id="oc-2d5">
         <name>.debug_info</name>
         <load_address>0x106a1</load_address>
         <run_address>0x106a1</run_address>
         <size>0x12b</size>
         <input_file_ref idref="fl-e6"/>
      </object_component>
      <object_component id="oc-386">
         <name>.debug_info</name>
         <load_address>0x107cc</load_address>
         <run_address>0x107cc</run_address>
         <size>0x12d</size>
         <input_file_ref idref="fl-e6"/>
      </object_component>
      <object_component id="oc-358">
         <name>.debug_info</name>
         <load_address>0x108f9</load_address>
         <run_address>0x108f9</run_address>
         <size>0x13d</size>
         <input_file_ref idref="fl-e7"/>
      </object_component>
      <object_component id="oc-34d">
         <name>.debug_info</name>
         <load_address>0x10a36</load_address>
         <run_address>0x10a36</run_address>
         <size>0x13d</size>
         <input_file_ref idref="fl-e8"/>
      </object_component>
      <object_component id="oc-38a">
         <name>.debug_info</name>
         <load_address>0x10b73</load_address>
         <run_address>0x10b73</run_address>
         <size>0x131</size>
         <input_file_ref idref="fl-e9"/>
      </object_component>
      <object_component id="oc-296">
         <name>.debug_info</name>
         <load_address>0x10ca4</load_address>
         <run_address>0x10ca4</run_address>
         <size>0x141</size>
         <input_file_ref idref="fl-ea"/>
      </object_component>
      <object_component id="oc-395">
         <name>.debug_info</name>
         <load_address>0x10de5</load_address>
         <run_address>0x10de5</run_address>
         <size>0x12f</size>
         <input_file_ref idref="fl-eb"/>
      </object_component>
      <object_component id="oc-33e">
         <name>.debug_info</name>
         <load_address>0x10f14</load_address>
         <run_address>0x10f14</run_address>
         <size>0x125</size>
         <input_file_ref idref="fl-ec"/>
      </object_component>
      <object_component id="oc-344">
         <name>.debug_info</name>
         <load_address>0x11039</load_address>
         <run_address>0x11039</run_address>
         <size>0x137</size>
         <input_file_ref idref="fl-ed"/>
      </object_component>
      <object_component id="oc-3c8">
         <name>.debug_info</name>
         <load_address>0x11170</load_address>
         <run_address>0x11170</run_address>
         <size>0x289</size>
         <input_file_ref idref="fl-ee"/>
      </object_component>
      <object_component id="oc-3c5">
         <name>.debug_info</name>
         <load_address>0x113f9</load_address>
         <run_address>0x113f9</run_address>
         <size>0x10e</size>
         <input_file_ref idref="fl-ee"/>
      </object_component>
      <object_component id="oc-2fe">
         <name>.debug_info</name>
         <load_address>0x11507</load_address>
         <run_address>0x11507</run_address>
         <size>0x14e</size>
         <input_file_ref idref="fl-ee"/>
      </object_component>
      <object_component id="oc-3fe">
         <name>.debug_info</name>
         <load_address>0x11655</load_address>
         <run_address>0x11655</run_address>
         <size>0x161</size>
         <input_file_ref idref="fl-ef"/>
      </object_component>
      <object_component id="oc-184">
         <name>.debug_info</name>
         <load_address>0x117b6</load_address>
         <run_address>0x117b6</run_address>
         <size>0x240</size>
         <input_file_ref idref="fl-f0"/>
      </object_component>
      <object_component id="oc-181">
         <name>.debug_info</name>
         <load_address>0x119f6</load_address>
         <run_address>0x119f6</run_address>
         <size>0x15b</size>
         <input_file_ref idref="fl-f0"/>
      </object_component>
      <object_component id="oc-9d">
         <name>.debug_info</name>
         <load_address>0x11b51</load_address>
         <run_address>0x11b51</run_address>
         <size>0x2a3</size>
         <input_file_ref idref="fl-f0"/>
      </object_component>
      <object_component id="oc-189">
         <name>.debug_info</name>
         <load_address>0x11df4</load_address>
         <run_address>0x11df4</run_address>
         <size>0x2b3</size>
         <input_file_ref idref="fl-f0"/>
      </object_component>
      <object_component id="oc-18f">
         <name>.debug_info</name>
         <load_address>0x120a7</load_address>
         <run_address>0x120a7</run_address>
         <size>0x316</size>
         <input_file_ref idref="fl-f0"/>
      </object_component>
      <object_component id="oc-85">
         <name>.debug_info</name>
         <load_address>0x123bd</load_address>
         <run_address>0x123bd</run_address>
         <size>0x27b</size>
         <input_file_ref idref="fl-f0"/>
      </object_component>
      <object_component id="oc-a3">
         <name>.debug_info</name>
         <load_address>0x12638</load_address>
         <run_address>0x12638</run_address>
         <size>0x27d</size>
         <input_file_ref idref="fl-f0"/>
      </object_component>
      <object_component id="oc-a9">
         <name>.debug_info</name>
         <load_address>0x128b5</load_address>
         <run_address>0x128b5</run_address>
         <size>0x279</size>
         <input_file_ref idref="fl-f0"/>
      </object_component>
      <object_component id="oc-97">
         <name>.debug_info</name>
         <load_address>0x12b2e</load_address>
         <run_address>0x12b2e</run_address>
         <size>0x2b7</size>
         <input_file_ref idref="fl-f0"/>
      </object_component>
      <object_component id="oc-79">
         <name>.debug_info</name>
         <load_address>0x12de5</load_address>
         <run_address>0x12de5</run_address>
         <size>0x280</size>
         <input_file_ref idref="fl-f0"/>
      </object_component>
      <object_component id="oc-17a">
         <name>.debug_info</name>
         <load_address>0x13065</load_address>
         <run_address>0x13065</run_address>
         <size>0x18b</size>
         <input_file_ref idref="fl-f0"/>
      </object_component>
      <object_component id="oc-1fb">
         <name>.debug_info</name>
         <load_address>0x131f0</load_address>
         <run_address>0x131f0</run_address>
         <size>0x20e</size>
         <input_file_ref idref="fl-f1"/>
      </object_component>
      <object_component id="oc-1f8">
         <name>.debug_info</name>
         <load_address>0x133fe</load_address>
         <run_address>0x133fe</run_address>
         <size>0x210</size>
         <input_file_ref idref="fl-f1"/>
      </object_component>
      <object_component id="oc-126">
         <name>.debug_info</name>
         <load_address>0x1360e</load_address>
         <run_address>0x1360e</run_address>
         <size>0x268</size>
         <input_file_ref idref="fl-f1"/>
      </object_component>
      <object_component id="oc-1bb">
[...]
         <object_component_ref idref="oc-2a"/>
      </symbol>
      <symbol id="sm-103">
         <name>base</name>
         <value>0x20000464</value>
         <object_component_ref idref="oc-139"/>
      </symbol>
      <symbol id="sm-104">
         <name>disablePins</name>
         <value>0x7f9</value>
         <object_component_ref idref="oc-2a"/>
      </symbol>
      <symbol id="sm-105">
         <name>init_StepPin</name>
         <value>0x2e3</value>
         <object_component_ref idref="oc-2a"/>
      </symbol>
      <symbol id="sm-106">
         <name>UART1Send</name>
         <value>0x8f5</value>
         <object_component_ref idref="oc-2a"/>
      </symbol>
      <symbol id="sm-107">
         <name>init_U1</name>
         <value>0x853</value>
         <object_component_ref idref="oc-2a"/>
      </symbol>
      <symbol id="sm-108">
         <name>endEffectorOnOff</name>
         <value>0x2000046c</value>
         <object_component_ref idref="oc-139"/>
      </symbol>
      <symbol id="sm-109">
         <name>init_Timer01</name>
         <value>0x3e1</value>
         <object_component_ref idref="oc-2a"/>
      </symbol>
      <symbol id="sm-10a">
         <name>init_Timer03</name>
         <value>0xb35</value>
         <object_component_ref idref="oc-2a"/>
      </symbol>
      <symbol id="sm-10b">
         <name>UART0Send</name>
         <value>0x95d</value>
         <object_component_ref idref="oc-2a"/>
      </symbol>
      <symbol id="sm-10c">
         <name>setPWM01</name>
         <value>0x531</value>
         <object_component_ref idref="oc-2a"/>
      </symbol>
      <symbol id="sm-10d">
         <name>UARTIntHandler</name>
         <value>0x9b5</value>
         <object_component_ref idref="oc-2a"/>
      </symbol>
      <symbol id="sm-10e">
         <name>main</name>
         <value>0xc35</value>
         <object_component_ref idref="oc-2a"/>
      </symbol>
      <symbol id="sm-10f">
         <name>setEndeffector</name>
         <value>0x7c1</value>
         <object_component_ref idref="oc-2a"/>
      </symbol>
      <symbol id="sm-110">
         <name>setDirection</name>
         <value>0x735</value>
         <object_component_ref idref="oc-2a"/>
      </symbol>
      <symbol id="sm-111">
         <name>InitConsole</name>
         <value>0x26d</value>
         <object_component_ref idref="oc-2a"/>
      </symbol>
      <symbol id="sm-112">
         <name>UART1Read</name>
         <value>0x8c1</value>
         <object_component_ref idref="oc-2a"/>
      </symbol>
      <symbol id="sm-113">
         <name>InitConsole0</name>
         <value>0x2a7</value>
         <object_component_ref idref="oc-2a"/>
      </symbol>
      <symbol id="sm-114">
         <name>init_PWM01</name>
         <value>0x48d</value>
         <object_component_ref idref="oc-2a"/>
      </symbol>
      <symbol id="sm-115">
         <name>Timer3IntHandler</name>
         <value>0xb81</value>
         <object_component_ref idref="oc-2a"/>
      </symbol>
      <symbol id="sm-116">
         <name>setTimer01</name>
         <value>0x619</value>
         <object_component_ref idref="oc-2a"/>
      </symbol>
      <symbol id="sm-139">
         <name>ResetISR</name>
         <value>0x4d2d</value>
         <object_component_ref idref="oc-24"/>
      </symbol>
      <symbol id="sm-13a">
         <name>g_pfnVectors</name>
         <value>0x0</value>
         <object_component_ref idref="oc-f"/>
      </symbol>
      <symbol id="sm-1ac">
         <name>UARTgetc</name>
         <value>0x2499</value>
         <object_component_ref idref="oc-89"/>
      </symbol>
      <symbol id="sm-1ad">
         <name>UARTgets</name>
         <value>0x23d3</value>
         <object_component_ref idref="oc-89"/>
      </symbol>
      <symbol id="sm-1ae">
         <name>UARTStdioConfig</name>
         <value>0x2321</value>
         <object_component_ref idref="oc-89"/>
      </symbol>
      <symbol id="sm-1af">
         <name>UARTwrite</name>
         <value>0x2381</value>
         <object_component_ref idref="oc-89"/>
      </symbol>
      <symbol id="sm-1b0">
         <name>UARTprintf</name>
         <value>0x27c7</value>
         <object_component_ref idref="oc-89"/>
      </symbol>
      <symbol id="sm-1b1">
         <name>UARTvprintf</name>
         <value>0x24cd</value>
         <object_component_ref idref="oc-89"/>
      </symbol>
      <symbol id="sm-1c0">
         <name>__aeabi_uidivmod</name>
         <value>0x4905</value>
         <object_component_ref idref="oc-19d"/>
      </symbol>
      <symbol id="sm-1c1">
         <name>__aeabi_uidiv</name>
         <value>0x4905</value>
         <object_component_ref idref="oc-19d"/>
      </symbol>
      <symbol id="sm-1d0">
         <name>__aeabi_memset</name>
         <value>0x4397</value>
         <object_component_ref idref="oc-10d"/>
      </symbol>
      <symbol id="sm-1d1">
         <name>memset</name>
         <value>0x439d</value>
         <object_component_ref idref="oc-10d"/>
      </symbol>
      <symbol id="sm-1d2">
         <name>__aeabi_memset8</name>
         <value>0x4397</value>
         <object_component_ref idref="oc-10d"/>
      </symbol>
      <symbol id="sm-1d3">
         <name>__aeabi_memset4</name>
         <value>0x4397</value>
         <object_component_ref idref="oc-10d"/>
      </symbol>
      <symbol id="sm-1d4">
         <name>__aeabi_memclr8</name>
         <value>0x4395</value>
         <object_component_ref idref="oc-10d"/>
      </symbol>
      <symbol id="sm-1d5">
         <name>__aeabi_memclr4</name>
         <value>0x4395</value>
         <object_component_ref idref="oc-10d"/>
      </symbol>
      <symbol id="sm-1d6">
         <name>__aeabi_memclr</name>
         <value>0x4395</value>
         <object_component_ref idref="oc-10d"/>
      </symbol>
      <symbol id="sm-1ef">
         <name>__TI_zero_init_nomemset</name>
         <value>0x4cc5</value>
         <object_component_ref idref="oc-4a"/>
      </symbol>
      <symbol id="sm-206">
         <name>__TI_decompress_none</name>
         <value>0x4d07</value>
         <object_component_ref idref="oc-18"/>
      </symbol>
      <symbol id="sm-229">
         <name>__TI_decompress_lzss</name>
         <value>0x45bd</value>
         <object_component_ref idref="oc-12"/>
      </symbol>
      <symbol id="sm-23c">
         <name>__stack</name>
         <value>0x20000000</value>
         <object_component_ref idref="oc-21"/>
      </symbol>
      <symbol id="sm-23d">
         <name>_c_int00_noargs</name>
         <value>0x49fd</value>
         <object_component_ref idref="oc-5c"/>
      </symbol>
      <symbol id="sm-248">
         <name>C$$EXIT</name>
         <value>0x4d8b</value>
         <object_component_ref idref="oc-219"/>
      </symbol>
      <symbol id="sm-249">
         <name>abort</name>
         <value>0x4d8b</value>
         <object_component_ref idref="oc-219"/>
      </symbol>
      <symbol id="sm-272">
         <name>sprintf</name>
         <value>0x4945</value>
         <object_component_ref idref="oc-118"/>
      </symbol>
      <symbol id="sm-2a9">
         <name>sscanf</name>
         <value>0x4a35</value>
         <object_component_ref idref="oc-112"/>
      </symbol>
      <symbol id="sm-2b3">
         <name>__aeabi_idiv0</name>
         <value>0x231f</value>
         <object_component_ref idref="oc-26c"/>
      </symbol>
      <symbol id="sm-2b4">
         <name>__aeabi_ldiv0</name>
         <value>0x231f</value>
         <object_component_ref idref="oc-26c"/>
      </symbol>
      <symbol id="sm-2cf">
         <name>memcpy</name>
         <value>0x4157</value>
         <object_component_ref idref="oc-3e"/>
      </symbol>
      <symbol id="sm-2d0">
         <name>__aeabi_memcpy</name>
         <value>0x4157</value>
         <object_component_ref idref="oc-3e"/>
      </symbol>
      <symbol id="sm-2d1">
         <name>__aeabi_memcpy8</name>
         <value>0x4157</value>
         <object_component_ref idref="oc-3e"/>
      </symbol>
      <symbol id="sm-2d2">
         <name>__aeabi_memcpy4</name>
         <value>0x4157</value>
         <object_component_ref idref="oc-3e"/>
      </symbol>
      <symbol id="sm-2fa">
         <name>__TI_auto_init_nobinit_nopinit</name>
         <value>0x48c1</value>
         <object_component_ref idref="oc-225"/>
      </symbol>
      <symbol id="sm-304">
         <name>_system_pre_init</name>
         <value>0x4d87</value>
         <object_component_ref idref="oc-167"/>
      </symbol>
      <symbol id="sm-46a">
         <name>__TI_printfi</name>
         <value>0x18c1</value>
         <object_component_ref idref="oc-1df"/>
      </symbol>
      <symbol id="sm-51b">
         <name>__TI_scanfi</name>
         <value>0xdd1</value>
         <object_component_ref idref="oc-1c5"/>
      </symbol>
      <symbol id="sm-531">
         <name>atoi</name>
         <value>0x47e5</value>
         <object_component_ref idref="oc-2ad"/>
      </symbol>
      <symbol id="sm-53c">
         <name>_ctypes_</name>
         <value>0x4d90</value>
         <object_component_ref idref="oc-2a4"/>
      </symbol>
      <symbol id="sm-54b">
         <name>ltoa</name>
         <value>0x473f</value>
         <object_component_ref idref="oc-38e"/>
      </symbol>
      <symbol id="sm-55b">
         <name>memccpy</name>
         <value>0x4b39</value>
         <object_component_ref idref="oc-2f0"/>
      </symbol>
      <symbol id="sm-56b">
         <name>strchr</name>
         <value>0x4bcd</value>
         <object_component_ref idref="oc-2b9"/>
      </symbol>
      <symbol id="sm-579">
         <name>strcpy</name>
         <value>0x4c0d</value>
         <object_component_ref idref="oc-27b"/>
      </symbol>
      <symbol id="sm-587">
         <name>strlen</name>
         <value>0x4c21</value>
         <object_component_ref idref="oc-2a7"/>
      </symbol>
      <symbol id="sm-596">
         <name>strrchr</name>
         <value>0x4bb5</value>
         <object_component_ref idref="oc-2b3"/>
      </symbol>
      <symbol id="sm-5f6">
         <name>strtold</name>
         <value>0x27fd</value>
         <object_component_ref idref="oc-28d"/>
      </symbol>
      <symbol id="sm-5f7">
         <name>strtod</name>
         <value>0x27fd</value>
         <object_component_ref idref="oc-28d"/>
      </symbol>
      <symbol id="sm-61b">
         <name>strtol</name>
         <value>0x3931</value>
         <object_component_ref idref="oc-298"/>
      </symbol>
      <symbol id="sm-641">
         <name>strtoll</name>
         <value>0x2ecd</value>
         <object_component_ref idref="oc-29e"/>
      </symbol>
      <symbol id="sm-661">
         <name>strtoul</name>
         <value>0x3da5</value>
         <object_component_ref idref="oc-287"/>
      </symbol>
      <symbol id="sm-684">
         <name>strtoull</name>
         <value>0x3431</value>
         <object_component_ref idref="oc-281"/>
      </symbol>
      <symbol id="sm-69d">
         <name>wcslen</name>
         <value>0x4cd7</value>
         <object_component_ref idref="oc-2f6"/>
      </symbol>
      <symbol id="sm-6bd">
         <name>frexpl</name>
         <value>0x4625</value>
         <object_component_ref idref="oc-3b4"/>
      </symbol>
      <symbol id="sm-6be">
         <name>frexp</name>
         <value>0x4625</value>
         <object_component_ref idref="oc-3b4"/>
      </symbol>
      <symbol id="sm-6db">
         <name>scalbn</name>
         <value>0x3c95</value>
         <object_component_ref idref="oc-35a"/>
      </symbol>
      <symbol id="sm-6dc">
         <name>scalbnl</name>
         <value>0x3c95</value>
         <object_component_ref idref="oc-35a"/>
      </symbol>
      <symbol id="sm-6dd">
         <name>ldexpl</name>
         <value>0x3c95</value>
         <object_component_ref idref="oc-35a"/>
      </symbol>
      <symbol id="sm-6de">
         <name>ldexp</name>
         <value>0x3c95</value>
         <object_component_ref idref="oc-35a"/>
      </symbol>
      <symbol id="sm-6f5">
         <name>__aeabi_dsub</name>
         <value>0x3279</value>
         <object_component_ref idref="oc-350"/>
      </symbol>
      <symbol id="sm-6f6">
         <name>__aeabi_dadd</name>
         <value>0x3283</value>
         <object_component_ref idref="oc-350"/>
      </symbol>
      <symbol id="sm-718">
         <name>__aeabi_cdcmpeq</name>
         <value>0x4289</value>
         <object_component_ref idref="oc-2d3"/>
      </symbol>
      <symbol id="sm-719">
         <name>__aeabi_cdcmple</name>
         <value>0x4289</value>
         <object_component_ref idref="oc-2d3"/>
      </symbol>
      <symbol id="sm-71a">
         <name>__aeabi_cdrcmple</name>
         <value>0x430f</value>
         <object_component_ref idref="oc-384"/>
      </symbol>
      <symbol id="sm-72e">
         <name>__aeabi_ddiv</name>
         <value>0x36c9</value>
         <object_component_ref idref="oc-355"/>
      </symbol>
      <symbol id="sm-739">
         <name>__aeabi_dmul</name>
         <value>0x3eb5</value>
         <object_component_ref idref="oc-34b"/>
      </symbol>
      <symbol id="sm-743">
         <name>__aeabi_d2iz</name>
         <value>0x4879</value>
         <object_component_ref idref="oc-389"/>
      </symbol>
      <symbol id="sm-74f">
         <name>__aeabi_d2f</name>
         <value>0x447d</value>
         <object_component_ref idref="oc-293"/>
      </symbol>
      <symbol id="sm-759">
         <name>__aeabi_i2d</name>
         <value>0x4aa1</value>
         <object_component_ref idref="oc-394"/>
      </symbol>
      <symbol id="sm-762">
         <name>__aeabi_lmul</name>
         <value>0x4b9d</value>
         <object_component_ref idref="oc-33d"/>
      </symbol>
      <symbol id="sm-76f">
         <name>__aeabi_uldivmod</name>
         <value>0x41f3</value>
         <object_component_ref idref="oc-342"/>
      </symbol>
      <symbol id="sm-785">
         <name>__aeabi_errno_addr</name>
         <value>0x4d61</value>
         <object_component_ref idref="oc-2fc"/>
      </symbol>
      <symbol id="sm-786">
         <name>errno</name>
         <value>0x2000047c</value>
         <object_component_ref idref="oc-3c4"/>
      </symbol>
      <symbol id="sm-790">
         <name>copysign</name>
         <value>0x4bf9</value>
         <object_component_ref idref="oc-3fc"/>
      </symbol>
      <symbol id="sm-791">
         <name>copysignl</name>
         <value>0x4bf9</value>
         <object_component_ref idref="oc-3fc"/>
      </symbol>
      <symbol id="sm-7e8">
         <name>GPIOPinTypePWM</name>
         <value>0x4c35</value>
         <object_component_ref idref="oc-a7"/>
      </symbol>
      <symbol id="sm-7e9">
         <name>GPIOPinConfigure</name>
         <value>0x4831</value>
         <object_component_ref idref="oc-77"/>
      </symbol>
      <symbol id="sm-7ea">
         <name>GPIOPinTypeUART</name>
         <value>0x4c59</value>
         <object_component_ref idref="oc-83"/>
      </symbol>
      <symbol id="sm-7eb">
         <name>GPIOPinTypeGPIOOutput</name>
         <value>0x4b55</value>
         <object_component_ref idref="oc-95"/>
      </symbol>
      <symbol id="sm-7ec">
         <name>GPIODirModeSet</name>
         <value>0x4acf</value>
         <object_component_ref idref="oc-187"/>
      </symbol>
      <symbol id="sm-7ed">
         <name>GPIOPinWrite</name>
         <value>0x4d71</value>
         <object_component_ref idref="oc-9b"/>
      </symbol>
      <symbol id="sm-7ee">
         <name>GPIOPadConfigSet</name>
         <value>0x37ff</value>
         <object_component_ref idref="oc-18d"/>
      </symbol>
      <symbol id="sm-7ef">
         <name>GPIOPinTypeTimer</name>
         <value>0x4c47</value>
         <object_component_ref idref="oc-a1"/>
      </symbol>
      <symbol id="sm-816">
         <name>IntEnable</name>
         <value>0x44ed</value>
         <object_component_ref idref="oc-124"/>
      </symbol>
      <symbol id="sm-853">
         <name>PWMGenPeriodSet</name>
         <value>0x4ce9</value>
         <object_component_ref idref="oc-dd"/>
      </symbol>
      <symbol id="sm-854">
         <name>PWMGenDisable</name>
         <value>0x4d15</value>
         <object_component_ref idref="oc-f5"/>
      </symbol>
      <symbol id="sm-855">
         <name>PWMPulseWidthSet</name>
         <value>0x4b1b</value>
         <object_component_ref idref="oc-e3"/>
      </symbol>
      <symbol id="sm-856">
         <name>PWMGenPeriodGet</name>
         <value>0x4c6b</value>
         <object_component_ref idref="oc-fb"/>
      </symbol>
      <symbol id="sm-857">
         <name>PWMOutputState</name>
         <value>0x4c7d</value>
         <object_component_ref idref="oc-ef"/>
      </symbol>
      <symbol id="sm-858">
         <name>PWMGenEnable</name>
         <value>0x4d21</value>
         <object_component_ref idref="oc-e9"/>
      </symbol>
      <symbol id="sm-859">
         <name>PWMGenConfigure</name>
         <value>0x4af9</value>
         <object_component_ref idref="oc-d7"/>
      </symbol>
      <symbol id="sm-8c0">
         <name>SysCtlClockSet</name>
         <value>0x3fb1</value>
         <object_component_ref idref="oc-cb"/>
      </symbol>
      <symbol id="sm-8c1">
         <name>SysCtlDelay</name>
         <value>0x4d77</value>
         <object_component_ref idref="oc-1b7"/>
      </symbol>
      <symbol id="sm-8c2">
         <name>SysCtlPeripheralEnable</name>
         <value>0x4a6d</value>
         <object_component_ref idref="oc-71"/>
      </symbol>
      <symbol id="sm-8c3">
         <name>SysCtlClockGet</name>
         <value>0x3b85</value>
         <object_component_ref idref="oc-11e"/>
      </symbol>
      <symbol id="sm-8c4">
         <name>SysCtlPWMClockSet</name>
         <value>0x4be5</value>
         <object_component_ref idref="oc-d1"/>
      </symbol>
      <symbol id="sm-8c5">
         <name>SysCtlPeripheralReady</name>
         <value>0x49c5</value>
         <object_component_ref idref="oc-8f"/>
      </symbol>
      <symbol id="sm-913">
         <name>TimerMatchSet</name>
         <value>0x4ca1</value>
         <object_component_ref idref="oc-bf"/>
      </symbol>
      <symbol id="sm-914">
         <name>TimerLoadSet</name>
         <value>0x4c8f</value>
         <object_component_ref idref="oc-b3"/>
      </symbol>
      <symbol id="sm-915">
         <name>TimerDisable</name>
         <value>0x4b6d</value>
         <object_component_ref idref="oc-101"/>
      </symbol>
      <symbol id="sm-916">
         <name>TimerEnable</name>
         <value>0x4cf9</value>
         <object_component_ref idref="oc-c5"/>
      </symbol>
      <symbol id="sm-917">
         <name>TimerLoadGet</name>
         <value>0x4d39</value>
         <object_component_ref idref="oc-b9"/>
      </symbol>
      <symbol id="sm-918">
         <name>TimerIntEnable</name>
         <value>0x4d57</value>
         <object_component_ref idref="oc-12a"/>
      </symbol>
      <symbol id="sm-919">
         <name>TimerConfigure</name>
         <value>0x4689</value>
         <object_component_ref idref="oc-ad"/>
      </symbol>
      <symbol id="sm-91a">
         <name>TimerIntClear</name>
         <value>0x4d83</value>
         <object_component_ref idref="oc-133"/>
      </symbol>
      <symbol id="sm-930">
         <name>UARTClockSourceSet</name>
         <value>0x4d7d</value>
         <object_component_ref idref="oc-7d"/>
      </symbol>
      <symbol id="sm-931">
         <name>UARTCharGet</name>
         <value>0x4d43</value>
         <object_component_ref idref="oc-107"/>
      </symbol>
      <symbol id="sm-933">
         <name>__TI_static_base__</name>
         <value>0x0</value>
      </symbol>
      <symbol id="sm-936">
         <name>__mpu_init</name>
         <value>0x0</value>
      </symbol>
      <symbol id="sm-937">
         <name>_system_post_cinit</name>
         <value>0x0</value>
      </symbol>
   </symbol_table>
   <title>Link successful</title>
</link_info>
