******************************************************************************
                  TI ARM Linker PC v18.1.4                     
******************************************************************************
>> Linked Wed Jun  5 14:09:17 2019

OUTPUT FILE NAME:   <StepMotorDriver.out>
ENTRY POINT SYMBOL: "_c_int00_noargs"  address: 000049e9


MEMORY CONFIGURATION

         name            origin    length      used     unused   attr    fill
----------------------  --------  ---------  --------  --------  ----  --------
  FLASH                 00000000   00040000  0000512a  0003aed6  R  X
  SRAM                  20000000   00008000  000004a0  00007b60  RW X


SEGMENT ALLOCATION MAP

run origin  load origin   length   init length attrs members
----------  ----------- ---------- ----------- ----- -------
00000000    00000000    00005130   00005130    r-x
  00000000    00000000    0000026c   0000026c    r-- .intvecs
  0000026c    0000026c    00004b0e   00004b0e    r-x .text
  00004d80    00004d80    00000378   00000378    r-- .const
  000050f8    000050f8    00000038   00000038    r-- .cinit
20000000    20000000    000004a0   00000000    rw-
  20000000    20000000    00000400   00000000    rw- .stack
  20000400    20000400    00000080   00000000    rw- .data
  20000480    20000480    00000020   00000000    rw- .bss


SECTION ALLOCATION MAP

 output                                  attributes/
section   page    origin      length       input sections
--------  ----  ----------  ----------   ----------------
.intvecs   0    00000000    0000026c     
                  00000000    0000026c     tm4c123gh6pm_startup_ccs.obj (.intvecs)

.text      0    0000026c    00004b0e     
                  0000026c    00000b50     main.obj (.text)
                  00000dbc    00000af0     rtsv7M4_T_le_v4SPD16_eabi.lib : _scanfi.c.obj (.text:__TI_scanfi)
                  000018ac    00000a5e                                   : _printfi.c.obj (.text:__TI_printfi)
                  0000230a    00000002                                   : div0.asm.obj (.text)
                  0000230c    000004dc     uartstdio.obj (.text)
                  000027e8    00000460     rtsv7M4_T_le_v4SPD16_eabi.lib : strtod.c.obj (.text:strtod)
                  00002c48    00000270                                   : _printfi.c.obj (.text:_pconv_a)
                  00002eb8    000001dc                                   : strtoll.c.obj (.text:strtoll)
                  00003094    000001d0                                   : _printfi.c.obj (.text:_pconv_g)
                  00003264    000001b6                                   : fd_add_t2.asm.obj (.text)
                  0000341a    00000002     --HOLE-- [fill = 0]
                  0000341c    0000015c                                   : strtoull.c.obj (.text:strtoull)
                  00003578    0000013c                                   : _printfi.c.obj (.text:_pconv_e)
                  000036b4    00000136                                   : fd_div_t2.asm.obj (.text)
                  000037ea    00000132     driverlib.lib : gpio.obj (.text:GPIOPadConfigSet)
                  0000391c    00000130     rtsv7M4_T_le_v4SPD16_eabi.lib : strtol.c.obj (.text:strtol)
                  00003a4c    00000124                                   : _printfi.c.obj (.text:fcvt)
                  00003b70    00000110     driverlib.lib : sysctl.obj (.text:SysCtlClockGet)
                  00003c80    00000110     rtsv7M4_T_le_v4SPD16_eabi.lib : s_scalbn.c.obj (.text:scalbn)
                  00003d90    00000110                                   : strtoul.c.obj (.text:strtoul)
                  00003ea0    000000fc                                   : fd_mul_t2.asm.obj (.text)
                  00003f9c    000000f4     driverlib.lib : sysctl.obj (.text:SysCtlClockSet)
                  00004090    000000b1     rtsv7M4_T_le_v4SPD16_eabi.lib : _printfi.c.obj (.text:_ltostr)
                  00004141    00000001     --HOLE-- [fill = 0]
                  00004142    0000009c                                   : memcpy_t2.asm.obj (.text)
                  000041de    00000096                                   : ull_div_t2.asm.obj (.text)
                  00004274    00000086                                   : fd_cmp_t2.asm.obj (.text:__aeabi_cdcmple)
                  000042fa    00000086                                   : fd_cmp_t2.asm.obj (.text:__aeabi_cdrcmple)
                  00004380    0000007a                                   : memset_t2.asm.obj (.text)
                  000043fa    0000006e                                   : _printfi.c.obj (.text:_mcpy)
                  00004468    0000006e                                   : fd_tos_t2.asm.obj (.text)
                  000044d6    00000002     --HOLE-- [fill = 0]
                  000044d8    00000068     driverlib.lib : interrupt.obj (.text:IntEnable)
                  00004540    00000068     rtsv7M4_T_le_v4SPD16_eabi.lib : sscanf.c.obj (.text:_chkmbc)
                  000045a8    00000068                                   : copy_decompress_lzss.c.obj (.text:decompress:lzss:__TI_decompress_lzss)
                  00004610    00000064                                   : s_frexp.c.obj (.text:frexp)
                  00004674    00000060     driverlib.lib : timer.obj (.text:TimerConfigure)
                  000046d4    00000056     rtsv7M4_T_le_v4SPD16_eabi.lib : _printfi.c.obj (.text:_pconv_f)
                  0000472a    00000054                                   : ltoa.c.obj (.text:ltoa)
                  0000477e    00000052                                   : _printfi.c.obj (.text:_ecpy)
                  000047d0    0000004c                                   : atoi.c.obj (.text:atoi)
                  0000481c    00000048     driverlib.lib : gpio.obj (.text:GPIOPinConfigure)
                  00004864    00000048     rtsv7M4_T_le_v4SPD16_eabi.lib : fd_toi_t2.asm.obj (.text)
                  000048ac    00000044                                   : autoinit.c.obj (.text:__TI_auto_init_nobinit_nopinit:__TI_auto_init_nobinit_nopinit)
                  000048f0    00000040                                   : u_divt2.asm.obj (.text)
                  00004930    00000040                                   : sprintf.c.obj (.text:sprintf)
                  00004970    0000003e                                   : _printfi.c.obj (.text:_fcpy)
                  000049ae    00000002     --HOLE-- [fill = 0]
                  000049b0    00000038     driverlib.lib : sysctl.obj (.text:SysCtlPeripheralReady)
                  000049e8    00000038     rtsv7M4_T_le_v4SPD16_eabi.lib : boot_cortex_m.c.obj (.text:_c_int00_noargs:_c_int00_noargs)
                  00004a20    00000038                                   : sscanf.c.obj (.text:sscanf)
                  00004a58    00000034     driverlib.lib : sysctl.obj (.text:SysCtlPeripheralEnable)
                  00004a8c    0000002e     rtsv7M4_T_le_v4SPD16_eabi.lib : i_tofd_t2.asm.obj (.text)
                  00004aba    0000002a     driverlib.lib : gpio.obj (.text:GPIODirModeSet)
                  00004ae4    00000022                   : pwm.obj (.text:PWMGenConfigure)
                  00004b06    0000001e                   : pwm.obj (.text:PWMPulseWidthSet)
                  00004b24    0000001c     rtsv7M4_T_le_v4SPD16_eabi.lib : memccpy.c.obj (.text:memccpy)
                  00004b40    00000018     driverlib.lib : gpio.obj (.text:GPIOPinTypeGPIOOutput)
                  00004b58    00000018                   : timer.obj (.text:TimerDisable)
                  00004b70    00000018     rtsv7M4_T_le_v4SPD16_eabi.lib : sprintf.c.obj (.text:_outs)
                  00004b88    00000018                                   : ll_mul_t2.asm.obj (.text)
                  00004ba0    00000018                                   : strrchr.c.obj (.text:strrchr)
                  00004bb8    00000016                                   : strchr.c.obj (.text:strchr)
                  00004bce    00000002     --HOLE-- [fill = 0]
                  00004bd0    00000014     driverlib.lib : sysctl.obj (.text:SysCtlPWMClockSet)
                  00004be4    00000014     rtsv7M4_T_le_v4SPD16_eabi.lib : s_copysign.c.obj (.text:copysign)
                  00004bf8    00000014                                   : strcpy.c.obj (.text:strcpy)
                  00004c0c    00000014                                   : strlen.c.obj (.text:strlen)
                  00004c20    00000012     driverlib.lib : gpio.obj (.text:GPIOPinTypePWM)
                  00004c32    00000012                   : gpio.obj (.text:GPIOPinTypeTimer)
                  00004c44    00000012                   : gpio.obj (.text:GPIOPinTypeUART)
                  00004c56    00000012                   : pwm.obj (.text:PWMGenPeriodGet)
                  00004c68    00000012                   : pwm.obj (.text:PWMOutputState)
                  00004c7a    00000012                   : timer.obj (.text:TimerLoadSet)
                  00004c8c    00000012                   : timer.obj (.text:TimerMatchSet)
                  00004c9e    00000012     rtsv7M4_T_le_v4SPD16_eabi.lib : sscanf.c.obj (.text:_inpchar)
                  00004cb0    00000012                                   : copy_zero_init.c.obj (.text:decompress:ZI:__TI_zero_init_nomemset:__TI_zero_init_nomemset)
                  00004cc2    00000012                                   : wcslen.c.obj (.text:wcslen)
                  00004cd4    00000010     driverlib.lib : pwm.obj (.text:PWMGenPeriodSet)
                  00004ce4    0000000e                   : timer.obj (.text:TimerEnable)
                  00004cf2    0000000e     rtsv7M4_T_le_v4SPD16_eabi.lib : copy_decompress_none.c.obj (.text:decompress:none:__TI_decompress_none)
                  00004d00    0000000c     driverlib.lib : pwm.obj (.text:PWMGenDisable)
                  00004d0c    0000000c                   : pwm.obj (.text:PWMGenEnable)
                  00004d18    0000000c     tm4c123gh6pm_startup_ccs.obj (.text)
                  00004d24    0000000a     driverlib.lib : timer.obj (.text:TimerLoadGet)
                  00004d2e    0000000a                   : uart.obj (.text:UARTCharGet)
                  00004d38    0000000a     rtsv7M4_T_le_v4SPD16_eabi.lib : sprintf.c.obj (.text:_outc)
                  00004d42    00000008     driverlib.lib : timer.obj (.text:TimerIntEnable)
                  00004d4a    00000002     --HOLE-- [fill = 0]
                  00004d4c    00000008     rtsv7M4_T_le_v4SPD16_eabi.lib : errno.c.obj (.text:__aeabi_errno_addr)
                  00004d54    00000008                                   : sscanf.c.obj (.text:_uninpchar)
                  00004d5c    00000006     driverlib.lib : gpio.obj (.text:GPIOPinWrite)
                  00004d62    00000006                   : sysctl.obj (.text:SysCtlDelay)
                  00004d68    00000006                   : uart.obj (.text:UARTClockSourceSet)
                  00004d6e    00000004                   : timer.obj (.text:TimerIntClear)
                  00004d72    00000004     rtsv7M4_T_le_v4SPD16_eabi.lib : pre_init.c.obj (.text:_system_pre_init)
                  00004d76    00000004                                   : exit.c.obj (.text:abort:abort)

.const     0    00004d80    00000378     
                  00004d80    00000101     rtsv7M4_T_le_v4SPD16_eabi.lib : ctype.c.obj (.const:.string:_ctypes_)
                  00004e81    00000003     --HOLE-- [fill = 0]
                  00004e84    00000004     uartstdio.obj (.const)
                  00004e88    000000c8     rtsv7M4_T_le_v4SPD16_eabi.lib : strtod.c.obj (.const:$O1$$)
                  00004f50    00000090     driverlib.lib : gpio.obj (.const:g_pui32GPIOBaseAddrs)
                  00004fe0    00000070                   : interrupt.obj (.const)
                  00005050    0000006c                   : sysctl.obj (.const:g_pui32Xtals)
                  000050bc    00000012     uartstdio.obj (.const:.string)
                  000050ce    00000002     --HOLE-- [fill = 0]
                  000050d0    00000010     rtsv7M4_T_le_v4SPD16_eabi.lib : _scanfi.c.obj (.const:$O1$$)
                  000050e0    0000000c     uartstdio.obj (.const:g_ui32UARTBase)
                  000050ec    0000000c     uartstdio.obj (.const:g_ui32UARTPeriph)

.cinit     0    000050f8    00000038     
                  000050f8    0000000d     (.cinit..data.load) [load image, compression = lzss]
                  00005105    00000003     --HOLE-- [fill = 0]
                  00005108    0000000c     (__TI_handler_table)
                  00005114    00000004     --HOLE-- [fill = 0]
                  00005118    00000008     (.cinit..bss.load) [load image, compression = zero_init]
                  00005120    00000010     (__TI_cinit_table)

.init_array 
*          0    00000000    00000000     UNINITIALIZED

.data      0    20000400    00000080     UNINITIALIZED
                  20000400    00000064     main.obj (.data:RSinfo)
                  20000464    00000010     main.obj (.data)
                  20000474    00000005     uartstdio.obj (.data)
                  20000479    00000003     --HOLE--
                  2000047c    00000004     rtsv7M4_T_le_v4SPD16_eabi.lib : errno.c.obj (.data)

.bss       0    20000480    00000020     UNINITIALIZED
                  20000480    00000020     (.common:myData)

.stack     0    20000000    00000400     UNINITIALIZED
                  20000000    00000004     rtsv7M4_T_le_v4SPD16_eabi.lib : boot_cortex_m.c.obj (.stack)
                  20000004    000003fc     --HOLE--

MODULE SUMMARY

       Module                         code    ro data   rw data
       ------                         ----    -------   -------
    .\
       main.obj                       2896    0         148    
       uartstdio.obj                  1244    46        5      
       tm4c123gh6pm_startup_ccs.obj   12      620       0      
    +--+------------------------------+-------+---------+---------+
       Total:                         4152    666       153    
                                                               
    C:/ti/tivaware_c_series_2_1_4_178/driverlib/ccs/Debug/driverlib.lib
       sysctl.obj                     650     108       0      
       gpio.obj                       504     144       0      
       interrupt.obj                  104     112       0      
       timer.obj                      192     0         0      
       pwm.obj                        140     0         0      
       uart.obj                       16      0         0      
    +--+------------------------------+-------+---------+---------+
       Total:                         1606    364       0      
                                                               
    D:\workSpaceLin\CCSLin\ccsv8\tools\compiler\ti-cgt-arm_18.1.4.LTS\lib\rtsv7M4_T_le_v4SPD16_eabi.lib
       _printfi.c.obj                 4867    0         0      
       _scanfi.c.obj                  2800    16        0      
       strtod.c.obj                   1120    200       0      
       strtoll.c.obj                  476     0         0      
       fd_add_t2.asm.obj              438     0         0      
       strtoull.c.obj                 348     0         0      
       fd_div_t2.asm.obj              310     0         0      
       strtol.c.obj                   304     0         0      
       s_scalbn.c.obj                 272     0         0      
       strtoul.c.obj                  272     0         0      
       fd_cmp_t2.asm.obj              268     0         0      
       ctype.c.obj                    0       257       0      
       fd_mul_t2.asm.obj              252     0         0      
       sscanf.c.obj                   186     0         0      
       memcpy_t2.asm.obj              156     0         0      
       ull_div_t2.asm.obj             150     0         0      
       memset_t2.asm.obj              122     0         0      
       fd_tos_t2.asm.obj              110     0         0      
       copy_decompress_lzss.c.obj     104     0         0      
       s_frexp.c.obj                  100     0         0      
       sprintf.c.obj                  98      0         0      
       ltoa.c.obj                     84      0         0      
       atoi.c.obj                     76      0         0      
       fd_toi_t2.asm.obj              72      0         0      
       autoinit.c.obj                 68      0         0      
       u_divt2.asm.obj                64      0         0      
       boot_cortex_m.c.obj            56      0         0      
       i_tofd_t2.asm.obj              46      0         0      
       memccpy.c.obj                  28      0         0      
       ll_mul_t2.asm.obj              24      0         0      
       strrchr.c.obj                  24      0         0      
       strchr.c.obj                   22      0         0      
       s_copysign.c.obj               20      0         0      
       strcpy.c.obj                   20      0         0      
       strlen.c.obj                   20      0         0      
       copy_zero_init.c.obj           18      0         0      
       wcslen.c.obj                   18      0         0      
       copy_decompress_none.c.obj     14      0         0      
       errno.c.obj                    8       0         4      
       exit.c.obj                     4       0         0      
       pre_init.c.obj                 4       0         0      
       div0.asm.obj                   2       0         0      
    +--+------------------------------+-------+---------+---------+
       Total:                         13445   473       4      
                                                               
       Stack:                         0       0         1024   
       Linker Generated:              0       49        0      
    +--+------------------------------+-------+---------+---------+
       Grand Total:                   19203   1552      1181   


LINKER GENERATED COPY TABLES

__TI_cinit_table @ 00005120 records: 2, size/record: 8, table size: 16
	.data: load addr=000050f8, load size=0000000d bytes, run addr=20000400, run size=00000080 bytes, compression=lzss
	.bss: load addr=00005118, load size=00000008 bytes, run addr=20000480, run size=00000020 bytes, compression=zero_init


LINKER GENERATED HANDLER TABLE

__TI_handler_table @ 00005108 records: 3, size/record: 4, table size: 12
	index: 0, handler: __TI_decompress_lzss
	index: 1, handler: __TI_decompress_none
	index: 2, handler: __TI_zero_init


GLOBAL SYMBOLS: SORTED ALPHABETICALLY BY Name 

address   name                          
-------   ----                          
00004d77  C$$EXIT                       
00004abb  GPIODirModeSet                
000037eb  GPIOPadConfigSet              
0000481d  GPIOPinConfigure              
00004b41  GPIOPinTypeGPIOOutput         
00004c21  GPIOPinTypePWM                
00004c33  GPIOPinTypeTimer              
00004c45  GPIOPinTypeUART               
00004d5d  GPIOPinWrite                  
0000026d  InitConsole                   
000002a7  InitConsole0                  
000044d9  IntEnable                     
00004ae5  PWMGenConfigure               
00004d01  PWMGenDisable                 
00004d0d  PWMGenEnable                  
00004c57  PWMGenPeriodGet               
00004cd5  PWMGenPeriodSet               
00004c69  PWMOutputState                
00004b07  PWMPulseWidthSet              
20000400  RSinfo                        
00004d19  ResetISR                      
00003b71  SysCtlClockGet                
00003f9d  SysCtlClockSet                
00004d63  SysCtlDelay                   
00004bd1  SysCtlPWMClockSet             
00004a59  SysCtlPeripheralEnable        
000049b1  SysCtlPeripheralReady         
00000b75  Timer3IntHandler              
00004675  TimerConfigure                
00004b59  TimerDisable                  
00004ce5  TimerEnable                   
00004d6f  TimerIntClear                 
00004d43  TimerIntEnable                
00004d25  TimerLoadGet                  
00004c7b  TimerLoadSet                  
00004c8d  TimerMatchSet                 
00000951  UART0Send                     
00000923  UART1IntHandler               
000008c1  UART1Read                     
000008f5  UART1Send                     
00004d2f  UARTCharGet                   
00004d69  UARTClockSourceSet            
000009a5  UARTIntHandler                
0000230d  UARTStdioConfig               
00002485  UARTgetc                      
000023bf  UARTgets                      
000027b3  UARTprintf                    
000024b9  UARTvprintf                   
0000236d  UARTwrite                     
20000400  __STACK_END                   
00000400  __STACK_SIZE                  
20000200  __STACK_TOP                   
00005120  __TI_CINIT_Base               
00005130  __TI_CINIT_Limit              
00005108  __TI_Handler_Table_Base       
00005114  __TI_Handler_Table_Limit      
000048ad  __TI_auto_init_nobinit_nopinit
000045a9  __TI_decompress_lzss          
00004cf3  __TI_decompress_none          
ffffffff  __TI_pprof_out_hndl           
000018ad  __TI_printfi                  
ffffffff  __TI_prof_data_size           
ffffffff  __TI_prof_data_start          
00000dbd  __TI_scanfi                   
00000000  __TI_static_base__            
00004cb1  __TI_zero_init_nomemset       
00004275  __aeabi_cdcmpeq               
00004275  __aeabi_cdcmple               
000042fb  __aeabi_cdrcmple              
00004469  __aeabi_d2f                   
00004865  __aeabi_d2iz                  
0000326f  __aeabi_dadd                  
000036b5  __aeabi_ddiv                  
00003ea1  __aeabi_dmul                  
00003265  __aeabi_dsub                  
00004d4d  __aeabi_errno_addr            
00004a8d  __aeabi_i2d                   
0000230b  __aeabi_idiv0                 
0000230b  __aeabi_ldiv0                 
00004b89  __aeabi_lmul                  
00004381  __aeabi_memclr                
00004381  __aeabi_memclr4               
00004381  __aeabi_memclr8               
00004143  __aeabi_memcpy                
00004143  __aeabi_memcpy4               
00004143  __aeabi_memcpy8               
00004383  __aeabi_memset                
00004383  __aeabi_memset4               
00004383  __aeabi_memset8               
000048f1  __aeabi_uidiv                 
000048f1  __aeabi_uidivmod              
000041df  __aeabi_uldivmod              
ffffffff  __binit__                     
ffffffff  __c_args__                    
UNDEFED   __mpu_init                    
20000000  __stack                       
000049e9  _c_int00_noargs               
00004d80  _ctypes_                      
UNDEFED   _system_post_cinit            
00004d73  _system_pre_init              
00004d77  abort                         
000047d1  atoi                          
20000464  base                          
ffffffff  binit                         
00004be5  copysign                      
00004be5  copysignl                     
000007f9  disablePins                   
2000046c  endEffectorOnOff              
2000047c  errno                         
00004611  frexp                         
00004611  frexpl                        
00000000  g_pfnVectors                  
0000048d  init_PWM01                    
000002e3  init_StepPin                  
000003e1  init_Timer01                  
00000b31  init_Timer03                  
00000853  init_U1                       
00003c81  ldexp                         
00003c81  ldexpl                        
20000470  lenRsinfo                     
0000472b  ltoa                          
00000c29  main                          
00004b25  memccpy                       
00004143  memcpy                        
00004389  memset                        
20000480  myData                        
20000468  myDataCounter                 
00003c81  scalbn                        
00003c81  scalbnl                       
00000735  setDirection                  
000007c1  setEndeffector                
00000531  setPWM01                      
00000619  setTimer01                    
00004931  sprintf                       
00004a21  sscanf                        
00004bb9  strchr                        
00004bf9  strcpy                        
00004c0d  strlen                        
00004ba1  strrchr                       
000027e9  strtod                        
0000391d  strtol                        
000027e9  strtold                       
00002eb9  strtoll                       
00003d91  strtoul                       
0000341d  strtoull                      
00004cc3  wcslen                        


GLOBAL SYMBOLS: SORTED BY Symbol Address 

address   name                          
-------   ----                          
00000000  __TI_static_base__            
00000000  g_pfnVectors                  
0000026d  InitConsole                   
000002a7  InitConsole0                  
000002e3  init_StepPin                  
000003e1  init_Timer01                  
00000400  __STACK_SIZE                  
0000048d  init_PWM01                    
00000531  setPWM01                      
00000619  setTimer01                    
00000735  setDirection                  
000007c1  setEndeffector                
000007f9  disablePins                   
00000853  init_U1                       
000008c1  UART1Read                     
000008f5  UART1Send                     
00000923  UART1IntHandler               
00000951  UART0Send                     
000009a5  UARTIntHandler                
00000b31  init_Timer03                  
00000b75  Timer3IntHandler              
00000c29  main                          
00000dbd  __TI_scanfi                   
000018ad  __TI_printfi                  
0000230b  __aeabi_idiv0                 
0000230b  __aeabi_ldiv0                 
0000230d  UARTStdioConfig               
0000236d  UARTwrite                     
000023bf  UARTgets                      
00002485  UARTgetc                      
000024b9  UARTvprintf                   
000027b3  UARTprintf                    
000027e9  strtod                        
000027e9  strtold                       
00002eb9  strtoll                       
00003265  __aeabi_dsub                  
0000326f  __aeabi_dadd                  
0000341d  strtoull                      
000036b5  __aeabi_ddiv                  
000037eb  GPIOPadConfigSet              
0000391d  strtol                        
00003b71  SysCtlClockGet                
00003c81  ldexp                         
00003c81  ldexpl                        
00003c81  scalbn                        
00003c81  scalbnl                       
00003d91  strtoul                       
00003ea1  __aeabi_dmul                  
00003f9d  SysCtlClockSet                
00004143  __aeabi_memcpy                
00004143  __aeabi_memcpy4               
00004143  __aeabi_memcpy8               
00004143  memcpy                        
000041df  __aeabi_uldivmod              
00004275  __aeabi_cdcmpeq               
00004275  __aeabi_cdcmple               
000042fb  __aeabi_cdrcmple              
00004381  __aeabi_memclr                
00004381  __aeabi_memclr4               
00004381  __aeabi_memclr8               
00004383  __aeabi_memset                
00004383  __aeabi_memset4               
00004383  __aeabi_memset8               
00004389  memset                        
00004469  __aeabi_d2f                   
000044d9  IntEnable                     
000045a9  __TI_decompress_lzss          
00004611  frexp                         
00004611  frexpl                        
00004675  TimerConfigure                
0000472b  ltoa                          
000047d1  atoi                          
0000481d  GPIOPinConfigure              
00004865  __aeabi_d2iz                  
000048ad  __TI_auto_init_nobinit_nopinit
000048f1  __aeabi_uidiv                 
000048f1  __aeabi_uidivmod              
00004931  sprintf                       
000049b1  SysCtlPeripheralReady         
000049e9  _c_int00_noargs               
00004a21  sscanf                        
00004a59  SysCtlPeripheralEnable        
00004a8d  __aeabi_i2d                   
00004abb  GPIODirModeSet                
00004ae5  PWMGenConfigure               
00004b07  PWMPulseWidthSet              
00004b25  memccpy                       
00004b41  GPIOPinTypeGPIOOutput         
00004b59  TimerDisable                  
00004b89  __aeabi_lmul                  
00004ba1  strrchr                       
00004bb9  strchr                        
00004bd1  SysCtlPWMClockSet             
00004be5  copysign                      
00004be5  copysignl                     
00004bf9  strcpy                        
00004c0d  strlen                        
00004c21  GPIOPinTypePWM                
00004c33  GPIOPinTypeTimer              
00004c45  GPIOPinTypeUART               
00004c57  PWMGenPeriodGet               
00004c69  PWMOutputState                
00004c7b  TimerLoadSet                  
00004c8d  TimerMatchSet                 
00004cb1  __TI_zero_init_nomemset       
00004cc3  wcslen                        
00004cd5  PWMGenPeriodSet               
00004ce5  TimerEnable                   
00004cf3  __TI_decompress_none          
00004d01  PWMGenDisable                 
00004d0d  PWMGenEnable                  
00004d19  ResetISR                      
00004d25  TimerLoadGet                  
00004d2f  UARTCharGet                   
00004d43  TimerIntEnable                
00004d4d  __aeabi_errno_addr            
00004d5d  GPIOPinWrite                  
00004d63  SysCtlDelay                   
00004d69  UARTClockSourceSet            
00004d6f  TimerIntClear                 
00004d73  _system_pre_init              
00004d77  C$$EXIT                       
00004d77  abort                         
00004d80  _ctypes_                      
00005108  __TI_Handler_Table_Base       
00005114  __TI_Handler_Table_Limit      
00005120  __TI_CINIT_Base               
00005130  __TI_CINIT_Limit              
20000000  __stack                       
20000200  __STACK_TOP                   
20000400  RSinfo                        
20000400  __STACK_END                   
20000464  base                          
20000468  myDataCounter                 
2000046c  endEffectorOnOff              
20000470  lenRsinfo                     
2000047c  errno                         
20000480  myData                        
ffffffff  __TI_pprof_out_hndl           
ffffffff  __TI_prof_data_size           
ffffffff  __TI_prof_data_start          
ffffffff  __binit__                     
ffffffff  __c_args__                    
ffffffff  binit                         
UNDEFED   __mpu_init                    
UNDEFED   _system_post_cinit            

[146 symbols]
